---------------

Start time Mon Dec  2 16:06:48 CET 2019 by autoengine

File descriptors raised to 4096 for current cmd.

Stack size set to 1024 for current cmd.

Java option used : -Djavax.xml.stream.XMLEventFactory=com.ctc.wstx.stax.WstxEventFactory -Djavax.xml.stream.XMLInputFactory=com.ctc.wstx.stax.WstxInputFactory -Djavax.xml.stream.XMLOutputFactory=com.ctc.wstx.stax.WstxOutputFactory 
java version "1.8.0_131"
Java(TM) SE Runtime Environment (build 1.8.0_131-b11)
Java HotSpot(TM) 64-Bit Server VM (build 25.131-b11, mixed mode)

Java cmd:
java -Xms32M -Xmx128M -XX:-TieredCompilation -XX:MaxMetaspaceSize=512M -verbose:gc -XX:+PrintGCTimeStamps -Xms32M -Xmx512M -Xms256M -Xmx1024M -Djavax.xml.stream.XMLEventFactory=com.ctc.wstx.stax.WstxEventFactory -Djavax.xml.stream.XMLInputFactory=com.ctc.wstx.stax.WstxInputFactory -Djavax.xml.stream.XMLOutputFactory=com.ctc.wstx.stax.WstxOutputFactory -Xbootclasspath/p:jar/xercesImpl-2.11.0.jar:jar/xml-apis-1.4.01m.jar:jar/xalan-2.7.2m.jar:jar/serializer-2.7.2m.jar -cp mxjboot.jar -Djava.rmi.server.codebase=http://mx21483vm:25000/murex.download.service.download murex.rmi.loader.RmiLoader /MXJ_CLASS_NAME:murex.apps.middleware.server.launcher.LauncherHome /MXJ_SITE_NAME:site1 /MXJ_LOGGER_FILE:public.mxres.loggers.assembly_logger.mxres /MXJ_CONFIG_FILE:murex.mxres.common.launchermandatory.mxres /MXJ_STARTUP_FILE:./logs/mx21483vm.mandatory.site1.murex.mxres.common.launchermandatory.mxres.lock


***
PID:18930
***

0.952: [GC (Allocation Failure)  65536K->3895K(251392K), 0.0050316 secs]
1.048: [GC (Allocation Failure)  69431K->4720K(251392K), 0.0046360 secs]
1.119: [GC (Allocation Failure)  70256K->5648K(251392K), 0.0036824 secs]
1.196: [GC (Allocation Failure)  71184K->6496K(316928K), 0.0045836 secs]
Synchronous startup file = ./logs/mx21483vm.mandatory.site1.murex.mxres.common.launchermandatory.mxres.lock
1.934: [GC (System.gc())  61319K->15837K(316928K), 0.0100051 secs]
1.944: [Full GC (System.gc())  15837K->15430K(316928K), 0.0218420 secs]
2019-12-02 16:06:50,305 [main] console : INFO - Listing public/mxres/fs/restricted/command_whitelist.mxres from file server http://mx21483vm:25000/murex.download.service.download
2019-12-02 16:06:50,308 [main] console : INFO - Listing murex/mxres/fs/restricted/command_whitelist.mxres from file server http://mx21483vm:25000/murex.download.service.download
2019-12-02 16:06:50,309 [main] console : INFO - Loading murex/mxres/fs/restricted/command_whitelist.mxres from file server http://mx21483vm:25000/murex.download.service.download
2019-12-02 16:06:50,330 [main] console : INFO - Loading public/services/cluster-manager/zookeeper.properties from file server http://mx21483vm:25000/murex.download.service.download
2019-12-02 16:06:50,334 [main] console : INFO - Loading public/services/cluster-manager/zookeeper.properties from file server http://mx21483vm:25000/murex.download.service.download
2019-12-02 16:06:50,570 [main] console : INFO - Loading public/mxres/common/rights.mxres from file server http://mx21483vm:25000/murex.download.service.download
2019-12-02 16:06:50,602 console INFO - Launcher [{"Id":-1831177066,"Endpoint":{"Type":"Launcher","InstallationCode":"LAUNCHERMANDATORY","NativeId":18930},"Address":{"Username":"autoengine","Hostname":"mx21483vm.fr.murex.com","IPAddress":"10.41.8.83","SiteName":"site1"}}] started.
2019-12-02 16:06:50,603 console INFO - Server ready...
2019-12-02 16:10:55,026 [requests-watcher-3-1] console : INFO - Loading public/mxres/loggers/assembly_logger.mxres from file server http://mx21483vm:25000/murex.download.service.download
2019-12-02 16:10:55,027 [requests-watcher-3-1] console : INFO - Loading public/mxres/loggers/common_logger.mxres from file server http://mx21483vm:25000/murex.download.service.download
2019-12-02 16:10:55,030 [requests-watcher-3-1] console : INFO - Loading public/mxres/loggers/dms_logger.mxres from file server http://mx21483vm:25000/murex.download.service.download
2019-12-02 16:10:55,074 [requests-watcher-3-1] console : INFO - Loading public/mxres/common/dbconfig/dbsourcemapping.mxres from file server http://mx21483vm:25000/murex.download.service.download
2019-12-02 16:10:55,084 [requests-watcher-3-1] console : INFO - Loading public/mxres/common/dbconfig/dbsource.mxres from file server http://mx21483vm:25000/murex.download.service.download
2019-12-02 16:10:55,084 [requests-watcher-3-1] console : INFO - Loading murex/mxres/common/dbconfig/dbsourcesybase.mxres from file server http://mx21483vm:25000/murex.download.service.download
2019-12-02 16:10:55,138 [requests-watcher-3-1] console : INFO - Loading murex/mxres/mxwarehouse/startup.mxres from file server http://mx21483vm:25000/murex.download.service.download
2019-12-02 16:10:55,141 [requests-watcher-3-1] console : INFO - Loading murex/mxres/mxwarehouse/positionsets.mxres from file server http://mx21483vm:25000/murex.download.service.download
2019-12-02 16:10:55,195 [requests-watcher-3-1] console : INFO - Loading public/mxres/mxwarehouse/plugins.mxres from file server http://mx21483vm:25000/murex.download.service.download
248.163: [GC (Metadata GC Threshold)  113766K->29017K(310784K), 0.0085638 secs]
248.172: [Full GC (Metadata GC Threshold)  29017K->22175K(310784K), 0.0288959 secs]
2019-12-02 16:10:56,506 [Thread-12 - Worker-2] console : INFO - Loading public/mxres/mxwarehouse/enginesconfig.mxres from file server http://mx21483vm:25000/murex.download.service.download
2019-12-02 16:10:56,518 [Thread-12 - Worker-2] console : INFO - Loading murex/mxres/mxwarehouse/staticdata.mxres from file server http://mx21483vm:25000/murex.download.service.download
2019-12-02 16:10:56,527 [Thread-12 - Worker-2] console : INFO - Loading murex/mxres/common/exception/mx/language/xml/jexceptions.mxres from file server http://mx21483vm:25000/murex.download.service.download
549.782: [GC (Allocation Failure)  147103K->26527K(316928K), 0.0048010 secs]
939.871: [GC (Allocation Failure)  151455K->29138K(438784K), 0.0512385 secs]
2019-12-02 16:22:38,282 [requests-watcher-3-2] console : INFO - Loading public/mxres/loggers/assembly_logger.mxres from file server http://mx21483vm:25000/murex.download.service.download
2019-12-02 16:22:38,283 [requests-watcher-3-2] console : INFO - Loading public/mxres/loggers/common_logger.mxres from file server http://mx21483vm:25000/murex.download.service.download
2019-12-02 16:22:38,289 [requests-watcher-3-2] console : INFO - Loading public/mxres/loggers/dms_logger.mxres from file server http://mx21483vm:25000/murex.download.service.download
2019-12-02 16:22:38,345 [requests-watcher-3-2] console : INFO - Loading murex/odr/mxnavs.gz from file server http://mx21483vm:25000/murex.download.service.download
2019-12-02 16:22:38,453 [requests-watcher-3-2] console : INFO - Loading public/odr/odrnavs.gz from file server http://mx21483vm:25000/murex.download.service.download
1182.353: [GC (Allocation Failure)  278482K->37991K(439808K), 0.0095929 secs]
1557.586: [GC (Allocation Failure)  287335K->38150K(428544K), 0.0087408 secs]
1947.187: [GC (Allocation Failure)  277766K->37852K(410112K), 0.0088035 secs]
2322.688: [GC (Allocation Failure)  268252K->37761K(400896K), 0.0055927 secs]
2706.852: [GC (Allocation Failure)  259457K->37363K(391168K), 0.0049921 secs]
3061.892: [GC (Allocation Failure)  250867K->38743K(384512K), 0.0053394 secs]
2019-12-02 17:01:02,707 [Thread-37 - Worker-1] console : INFO - Loading public/mxres/common/rights.mxres from file server http://mx21483vm:25000/murex.download.service.download
2019-12-02 17:01:02,723 [Thread-37 - Worker-1] console : INFO - Loading public/mxres/common/rights.mxres from file server http://mx21483vm:25000/murex.download.service.download
3382.842: [GC (Allocation Failure)  244567K->39886K(377344K), 0.0044518 secs]
3702.898: [GC (Allocation Failure)  238030K->41046K(370176K), 0.0054799 secs]
3848.201: [GC (System.gc())  142498K->40836K(368640K), 0.0034090 secs]
3848.205: [Full GC (System.gc())  40836K->26612K(368640K), 0.0581501 secs]
4135.781: [GC (Allocation Failure)  217588K->29812K(363008K), 0.0074191 secs]
4426.200: [GC (Allocation Failure)  214132K->30719K(356352K), 0.0051246 secs]
4647.766: [GC (Allocation Failure)  208381K->32187K(350720K), 0.0060024 secs]
4908.674: [GC (Allocation Failure)  203707K->33231K(345088K), 0.0047196 secs]
5152.154: [GC (Allocation Failure)  198607K->33608K(338432K), 0.0043646 secs]
5396.436: [GC (Allocation Failure)  193352K->33576K(332288K), 0.0048444 secs]
5620.879: [GC (Allocation Failure)  187688K->35045K(328192K), 0.0043932 secs]
5859.181: [GC (Allocation Failure)  184037K->35504K(322048K), 0.0041814 secs]
6072.524: [GC (Allocation Failure)  179375K->36633K(318464K), 0.0039722 secs]
6295.829: [GC (Allocation Failure)  175897K->36350K(312320K), 0.0040879 secs]
6513.731: [GC (Allocation Failure)  171006K->36877K(308736K), 0.0046338 secs]
6706.959: [GC (Allocation Failure)  167437K->38097K(305664K), 0.0037887 secs]
6911.100: [GC (Allocation Failure)  164561K->37659K(301568K), 0.0037073 secs]
7109.914: [GC (Allocation Failure)  160027K->38134K(297984K), 0.0037449 secs]
7293.864: [GC (Allocation Failure)  156918K->38039K(294400K), 0.0104962 secs]
7448.264: [GC (System.gc())  140640K->37710K(294400K), 0.0038735 secs]
7448.268: [Full GC (System.gc())  37710K->27458K(294400K), 0.0757603 secs]
7635.869: [GC (Allocation Failure)  142658K->30338K(289792K), 0.0035937 secs]
7817.837: [GC (Allocation Failure)  141954K->29794K(286208K), 0.0043267 secs]
7973.437: [GC (Allocation Failure)  138338K->31820K(285184K), 0.0035026 secs]
8143.488: [GC (Allocation Failure)  137292K->31319K(281600K), 0.0033715 secs]
8310.478: [GC (Allocation Failure)  133719K->31723K(279040K), 0.0036112 secs]
8471.897: [GC (Allocation Failure)  131051K->31441K(275968K), 0.0034246 secs]
8607.147: [GC (Allocation Failure)  128209K->31757K(273920K), 0.0034039 secs]
8759.456: [GC (Allocation Failure)  125965K->31284K(270848K), 0.0032204 secs]
8913.209: [GC (Allocation Failure)  122932K->31568K(268800K), 0.0032839 secs]
9057.484: [GC (Allocation Failure)  120656K->31324K(266240K), 0.0032102 secs]
9187.068: [GC (Allocation Failure)  118364K->31224K(264192K), 0.0040883 secs]
9322.032: [GC (Allocation Failure)  116216K->31167K(262144K), 0.0032790 secs]
9457.351: [GC (Allocation Failure)  114111K->31516K(260096K), 0.0029528 secs]
9590.486: [GC (Allocation Failure)  112412K->31022K(257536K), 0.0032503 secs]
9719.304: [GC (Allocation Failure)  109870K->31492K(256000K), 0.0030094 secs]
9821.759: [GC (Allocation Failure)  108292K->31736K(307712K), 0.0045993 secs]
10028.267: [GC (Allocation Failure)  159736K->32135K(302080K), 0.0034493 secs]
10234.302: [GC (Allocation Failure)  156039K->33647K(300032K), 0.0036010 secs]
10422.392: [GC (Allocation Failure)  153967K->34152K(295936K), 0.0035708 secs]
10602.705: [GC (Allocation Failure)  150888K->36104K(293888K), 0.0047183 secs]
10789.298: [GC (Allocation Failure)  149256K->36247K(287232K), 0.0043668 secs]
10967.305: [GC (Allocation Failure)  146327K->38898K(287232K), 0.0035436 secs]
11048.345: [GC (System.gc())  93000K->38724K(286720K), 0.0034667 secs]
11048.349: [Full GC (System.gc())  38724K->26797K(286720K), 0.0431500 secs]
11212.316: [GC (Allocation Failure)  133805K->30052K(282624K), 0.0030954 secs]
11384.133: [GC (Allocation Failure)  133988K->29783K(279040K), 0.0032960 secs]
11550.599: [GC (Allocation Failure)  130647K->30180K(276992K), 0.0032031 secs]
11700.618: [GC (Allocation Failure)  128484K->30053K(274432K), 0.0034942 secs]
11847.790: [GC (Allocation Failure)  125797K->30871K(272384K), 0.0033091 secs]
12000.998: [GC (Allocation Failure)  124055K->30309K(269312K), 0.0032066 secs]
12149.386: [GC (Allocation Failure)  120933K->30858K(267264K), 0.0033917 secs]
12287.609: [GC (Allocation Failure)  118922K->30290K(264704K), 0.0034465 secs]
12414.062: [GC (Allocation Failure)  116306K->30908K(263680K), 0.0031525 secs]
12554.029: [GC (Allocation Failure)  114876K->30350K(260608K), 0.0030248 secs]
12687.810: [GC (Allocation Failure)  112270K->30706K(259072K), 0.0031108 secs]
12816.492: [GC (Allocation Failure)  110578K->30748K(257024K), 0.0031050 secs]
12938.699: [GC (Allocation Failure)  108572K->30419K(265216K), 0.0041437 secs]
13067.578: [GC (Allocation Failure)  116435K->31060K(262656K), 0.0030617 secs]
13205.802: [GC (Allocation Failure)  115028K->31591K(261120K), 0.0034251 secs]
13338.771: [GC (Allocation Failure)  113511K->32249K(259072K), 0.0032297 secs]
13468.978: [GC (Allocation Failure)  112121K->32447K(257536K), 0.0035589 secs]
13587.935: [GC (Allocation Failure)  110271K->32991K(254464K), 0.0033109 secs]
13705.876: [GC (Allocation Failure)  110303K->35423K(257024K), 0.0032496 secs]
13834.267: [GC (Allocation Failure)  112735K->35395K(256000K), 0.0034566 secs]
13952.240: [GC (Allocation Failure)  111171K->36371K(256512K), 0.0036397 secs]
14074.123: [GC (Allocation Failure)  112147K->35986K(255488K), 0.0031914 secs]
14189.083: [GC (Allocation Failure)  110738K->36774K(256000K), 0.0033111 secs]
14299.106: [GC (Allocation Failure)  111526K->37198K(254976K), 0.0031937 secs]
14422.189: [GC (Allocation Failure)  110926K->36633K(255488K), 0.0031513 secs]
14541.936: [GC (Allocation Failure)  110361K->37070K(254464K), 0.0033447 secs]
14648.393: [GC (System.gc())  103999K->36817K(254976K), 0.0035694 secs]
14648.396: [Full GC (System.gc())  36817K->26623K(254976K), 0.0392352 secs]
14766.760: [GC (Allocation Failure)  99327K->28895K(253952K), 0.0028584 secs]
14867.839: [GC (Allocation Failure)  100575K->30408K(254464K), 0.0030736 secs]
14985.882: [GC (Allocation Failure)  102088K->29901K(254976K), 0.0028057 secs]
15104.659: [GC (Allocation Failure)  102605K->30248K(254976K), 0.0028323 secs]
15221.882: [GC (Allocation Failure)  102952K->30186K(254976K), 0.0028903 secs]
15341.348: [GC (Allocation Failure)  102890K->30140K(254976K), 0.0029550 secs]
15454.715: [GC (Allocation Failure)  102844K->30570K(255488K), 0.0039893 secs]
15563.692: [GC (Allocation Failure)  103786K->30203K(254976K), 0.0033341 secs]
15682.954: [GC (Allocation Failure)  103419K->30332K(255488K), 0.0028431 secs]
15801.281: [GC (Allocation Failure)  104060K->30588K(255488K), 0.0028718 secs]
15923.736: [GC (Allocation Failure)  104316K->30076K(256000K), 0.0095318 secs]
16042.423: [GC (Allocation Failure)  104828K->30625K(256000K), 0.0030093 secs]
16149.846: [GC (Allocation Failure)  105377K->30337K(256512K), 0.0029335 secs]
16273.775: [GC (Allocation Failure)  105601K->30433K(256000K), 0.0032954 secs]
16394.649: [GC (Allocation Failure)  105697K->30602K(256512K), 0.0029918 secs]
16519.560: [GC (Allocation Failure)  106378K->30244K(256512K), 0.0030587 secs]
16644.686: [GC (Allocation Failure)  106020K->30618K(256512K), 0.0031342 secs]
16753.835: [GC (Allocation Failure)  106394K->30298K(256512K), 0.0036084 secs]
16875.233: [GC (Allocation Failure)  106074K->30754K(257024K), 0.0029905 secs]
16999.327: [GC (Allocation Failure)  107554K->30772K(257024K), 0.0029768 secs]
17127.031: [GC (Allocation Failure)  107572K->30521K(257024K), 0.0029028 secs]
17253.174: [GC (Allocation Failure)  107321K->30969K(257024K), 0.0028110 secs]
17372.611: [GC (Allocation Failure)  107769K->30396K(257024K), 0.0031165 secs]
17488.164: [GC (Allocation Failure)  107196K->30983K(257024K), 0.0029668 secs]
17611.538: [GC (Allocation Failure)  107783K->31094K(257536K), 0.0029466 secs]
17738.207: [GC (Allocation Failure)  108406K->30787K(257024K), 0.0028113 secs]
17863.959: [GC (Allocation Failure)  108099K->31206K(257536K), 0.0029626 secs]
17986.016: [GC (Allocation Failure)  109030K->30996K(257536K), 0.0029115 secs]
18102.926: [GC (Allocation Failure)  108820K->31346K(257536K), 0.0031668 secs]
18222.154: [GC (Allocation Failure)  109170K->31347K(257536K), 0.0029828 secs]
18248.437: [GC (System.gc())  48632K->31002K(257536K), 0.0022677 secs]
18248.439: [Full GC (System.gc())  31002K->26205K(257536K), 0.0368675 secs]
18375.443: [GC (Allocation Failure)  104029K->28605K(257536K), 0.0027467 secs]
18505.465: [GC (Allocation Failure)  106429K->28701K(256512K), 0.0026317 secs]
18625.486: [GC (Allocation Failure)  105501K->28879K(257024K), 0.0028305 secs]
18739.285: [GC (Allocation Failure)  105679K->29959K(257024K), 0.0028425 secs]
18863.381: [GC (Allocation Failure)  106759K->29620K(257024K), 0.0037772 secs]
18988.984: [GC (Allocation Failure)  106420K->30004K(257536K), 0.0036916 secs]
19117.259: [GC (Allocation Failure)  107828K->29991K(257536K), 0.0029666 secs]
19239.384: [GC (Allocation Failure)  107815K->29928K(257536K), 0.0031958 secs]
19354.272: [GC (Allocation Failure)  107752K->30412K(257536K), 0.0032483 secs]
19481.374: [GC (Allocation Failure)  108235K->29781K(257536K), 0.0035616 secs]
19606.696: [GC (Allocation Failure)  107605K->30292K(257024K), 0.0030624 secs]
19735.636: [GC (Allocation Failure)  108116K->29812K(257536K), 0.0028856 secs]
19855.655: [GC (Allocation Failure)  107124K->30124K(257024K), 0.0031275 secs]
19969.102: [GC (Allocation Failure)  107436K->30490K(256512K), 0.0029270 secs]
20095.685: [GC (Allocation Failure)  107290K->29800K(257024K), 0.0036747 secs]
20220.531: [GC (Allocation Failure)  106600K->30415K(257024K), 0.0028937 secs]
20348.501: [GC (Allocation Failure)  107215K->30066K(257024K), 0.0029956 secs]
20470.580: [GC (Allocation Failure)  106866K->30380K(257536K), 0.0029932 secs]
20579.390: [GC (Allocation Failure)  107692K->30818K(257024K), 0.0031074 secs]
20708.546: [GC (Allocation Failure)  108130K->30106K(257536K), 0.0029159 secs]
20834.307: [GC (Allocation Failure)  107418K->30672K(257024K), 0.0033234 secs]
20963.665: [GC (Allocation Failure)  107984K->30257K(257536K), 0.0028725 secs]
21087.422: [GC (Allocation Failure)  108081K->30722K(257536K), 0.0031709 secs]
21196.935: [GC (Allocation Failure)  108546K->30933K(257536K), 0.0031005 secs]
21326.189: [GC (Allocation Failure)  108757K->30432K(257536K), 0.0028979 secs]
21454.330: [GC (Allocation Failure)  108256K->30820K(257536K), 0.0031588 secs]
21582.038: [GC (Allocation Failure)  108644K->30476K(257536K), 0.0030692 secs]
21707.575: [GC (Allocation Failure)  108300K->30612K(257536K), 0.0030901 secs]
21816.267: [GC (Allocation Failure)  108436K->31079K(257536K), 0.0052073 secs]
21848.477: [GC (System.gc())  51242K->30412K(257536K), 0.0025974 secs]
21848.480: [Full GC (System.gc())  30412K->26299K(257536K), 0.0386710 secs]
21975.628: [GC (Allocation Failure)  104123K->28571K(255488K), 0.0026237 secs]
22105.357: [GC (Allocation Failure)  106395K->28955K(257024K), 0.0026640 secs]
22231.700: [GC (Allocation Failure)  105755K->28443K(257024K), 0.0062516 secs]
22349.728: [GC (Allocation Failure)  105243K->29358K(257024K), 0.0175333 secs]
22455.698: [GC (Allocation Failure)  106158K->30346K(257024K), 0.0041722 secs]
22582.151: [GC (Allocation Failure)  107146K->30458K(257024K), 0.0028884 secs]
22709.152: [GC (Allocation Failure)  107258K->30489K(257024K), 0.0029291 secs]
22835.761: [GC (Allocation Failure)  107289K->30162K(257024K), 0.0032436 secs]
22959.774: [GC (Allocation Failure)  106962K->30387K(257024K), 0.0033237 secs]
23067.068: [GC (Allocation Failure)  107187K->30398K(256000K), 0.0032654 secs]
23190.405: [GC (Allocation Failure)  106174K->30578K(256512K), 0.0029033 secs]
23315.831: [GC (Allocation Failure)  106354K->30635K(256512K), 0.0028790 secs]
23440.115: [GC (Allocation Failure)  106411K->30302K(256512K), 0.0029948 secs]
23561.508: [GC (Allocation Failure)  106078K->30654K(256512K), 0.0036119 secs]
23675.354: [GC (Allocation Failure)  106430K->30017K(256512K), 0.0048653 secs]
23794.050: [GC (Allocation Failure)  105793K->30802K(256512K), 0.0037885 secs]
23917.839: [GC (Allocation Failure)  106578K->30709K(256512K), 0.0028618 secs]
24042.068: [GC (Allocation Failure)  106485K->30691K(256512K), 0.0029327 secs]
24163.196: [GC (Allocation Failure)  106467K->30945K(256512K), 0.0030526 secs]
24283.096: [GC (Allocation Failure)  106721K->30610K(257024K), 0.0030461 secs]
24396.350: [GC (Allocation Failure)  107410K->31061K(257024K), 0.0029318 secs]
24523.643: [GC (Allocation Failure)  107861K->30737K(257024K), 0.0029473 secs]
24649.018: [GC (Allocation Failure)  107537K->31012K(257024K), 0.0028829 secs]
24772.513: [GC (Allocation Failure)  107812K->31273K(257024K), 0.0027960 secs]
24894.194: [GC (Allocation Failure)  108073K->30740K(257024K), 0.0031718 secs]
25007.464: [GC (Allocation Failure)  107540K->31248K(257024K), 0.0028929 secs]
25134.230: [GC (Allocation Failure)  108048K->30880K(257024K), 0.0032711 secs]
25259.486: [GC (Allocation Failure)  107680K->31212K(257536K), 0.0030351 secs]
25384.266: [GC (Allocation Failure)  108524K->31478K(257024K), 0.0028489 secs]
25448.520: [GC (System.gc())  70638K->30620K(257024K), 0.0024546 secs]
25448.522: [Full GC (System.gc())  30620K->26261K(257024K), 0.0342685 secs]
25563.805: [GC (Allocation Failure)  103061K->29096K(257024K), 0.0036070 secs]
25682.759: [GC (Allocation Failure)  105896K->30097K(257024K), 0.0041152 secs]
25809.468: [GC (Allocation Failure)  106897K->29388K(257024K), 0.0029934 secs]
25934.907: [GC (Allocation Failure)  106188K->30079K(257024K), 0.0029056 secs]
26059.189: [GC (Allocation Failure)  106879K->29695K(257024K), 0.0028841 secs]
26178.089: [GC (Allocation Failure)  106495K->30142K(257536K), 0.0028363 secs]
26294.391: [GC (Allocation Failure)  107966K->30533K(257536K), 0.0031806 secs]
26424.966: [GC (Allocation Failure)  108357K->29804K(256512K), 0.0029961 secs]
26545.984: [GC (Allocation Failure)  106604K->30540K(257024K), 0.0056721 secs]
26668.145: [GC (Allocation Failure)  107340K->30264K(257024K), 0.0031223 secs]
26786.621: [GC (Allocation Failure)  107064K->30642K(257024K), 0.0030409 secs]
26901.960: [GC (Allocation Failure)  107442K->30822K(257024K), 0.0031001 secs]
27029.587: [GC (Allocation Failure)  107622K->30144K(257024K), 0.0029704 secs]
27154.291: [GC (Allocation Failure)  106944K->30701K(257024K), 0.0029883 secs]
27279.329: [GC (Allocation Failure)  107501K->30259K(257024K), 0.0031128 secs]
27401.102: [GC (Allocation Failure)  107059K->30658K(257024K), 0.0032768 secs]
27513.069: [GC (Allocation Failure)  107458K->30951K(257024K), 0.0030527 secs]
27639.626: [GC (Allocation Failure)  107751K->30513K(257024K), 0.0030441 secs]
27760.909: [GC (Allocation Failure)  107313K->31001K(257024K), 0.0030254 secs]
27889.401: [GC (Allocation Failure)  107801K->30582K(257024K), 0.0032063 secs]
28010.000: [GC (Allocation Failure)  107382K->31026K(257024K), 0.0034062 secs]
28123.155: [GC (Allocation Failure)  107826K->30939K(257024K), 0.0030701 secs]
28248.323: [GC (Allocation Failure)  107739K->31012K(257024K), 0.0028787 secs]
28372.166: [GC (Allocation Failure)  107812K->31194K(257024K), 0.0028973 secs]
28499.474: [GC (Allocation Failure)  107994K->30819K(257024K), 0.0028934 secs]
28625.583: [GC (Allocation Failure)  107619K->31253K(257024K), 0.0027745 secs]
28733.916: [GC (Allocation Failure)  108053K->31145K(257024K), 0.0032089 secs]
28859.517: [GC (Allocation Failure)  107945K->31337K(257024K), 0.0028356 secs]
28983.002: [GC (Allocation Failure)  108137K->31541K(257024K), 0.0029505 secs]
29048.558: [GC (System.gc())  71649K->30867K(256512K), 0.0031029 secs]
29048.561: [Full GC (System.gc())  30867K->26360K(256512K), 0.0273558 secs]
29174.671: [GC (Allocation Failure)  103160K->28664K(257024K), 0.0028803 secs]
29296.927: [GC (Allocation Failure)  105464K->29048K(257024K), 0.0032925 secs]
29409.580: [GC (Allocation Failure)  105848K->29748K(257024K), 0.0029519 secs]
29536.408: [GC (Allocation Failure)  106548K->30049K(257024K), 0.0028592 secs]
29659.611: [GC (Allocation Failure)  106849K->29909K(257024K), 0.0030286 secs]
29786.443: [GC (Allocation Failure)  106709K->30261K(257024K), 0.0028690 secs]
29909.642: [GC (Allocation Failure)  107061K->30388K(257024K), 0.0030368 secs]
30021.380: [GC (Allocation Failure)  107188K->30127K(257536K), 0.0030092 secs]
30147.549: [GC (Allocation Failure)  107439K->30384K(257024K), 0.0031570 secs]
30273.712: [GC (Allocation Failure)  107696K->29903K(257536K), 0.0035655 secs]
30399.701: [GC (Allocation Failure)  107215K->30351K(257024K), 0.0080143 secs]
30526.539: [GC (Allocation Failure)  107663K->29826K(257536K), 0.0060109 secs]
30637.068: [GC (Allocation Failure)  107650K->30160K(257536K), 0.0030621 secs]
30757.172: [GC (Allocation Failure)  107984K->30727K(256512K), 0.0032598 secs]
30882.337: [GC (Allocation Failure)  107527K->30326K(257024K), 0.0030115 secs]
31007.211: [GC (Allocation Failure)  107126K->30890K(257024K), 0.0030106 secs]
31135.041: [GC (Allocation Failure)  107690K->30473K(257024K), 0.0029633 secs]
31244.583: [GC (Allocation Failure)  107273K->30765K(257024K), 0.0031260 secs]
31365.322: [GC (Allocation Failure)  107565K->31091K(257024K), 0.0030518 secs]
31492.625: [GC (Allocation Failure)  107891K->30623K(257024K), 0.0031239 secs]
31617.302: [GC (Allocation Failure)  107423K->31147K(257024K), 0.0033199 secs]
31745.568: [GC (Allocation Failure)  107947K->30656K(257024K), 0.0029576 secs]
31861.633: [GC (Allocation Failure)  107456K->30923K(257024K), 0.0034083 secs]
31976.734: [GC (Allocation Failure)  107723K->31483K(257024K), 0.0035241 secs]
32103.669: [GC (Allocation Failure)  108283K->30927K(257024K), 0.0029947 secs]
32225.190: [GC (Allocation Failure)  107727K->31170K(257024K), 0.0029548 secs]
32354.750: [GC (Allocation Failure)  107970K->30713K(257024K), 0.0033311 secs]
32476.807: [GC (Allocation Failure)  107513K->31156K(257024K), 0.0038896 secs]
32589.983: [GC (Allocation Failure)  107956K->31552K(257024K), 0.0028900 secs]
32648.589: [GC (System.gc())  66851K->30733K(256512K), 0.0024216 secs]
32648.592: [Full GC (System.gc())  30733K->25259K(256512K), 0.0352483 secs]
32777.125: [GC (Allocation Failure)  102059K->27243K(257024K), 0.0024726 secs]
32907.146: [GC (Allocation Failure)  104043K->27595K(257024K), 0.0026064 secs]
33036.877: [GC (Allocation Failure)  104395K->27179K(253952K), 0.0030265 secs]
33145.976: [GC (Allocation Failure)  103979K->28858K(257024K), 0.0028203 secs]
33271.743: [GC (Allocation Failure)  105146K->28502K(256512K), 0.0061263 secs]
33400.075: [GC (Allocation Failure)  104790K->28739K(257024K), 0.0028559 secs]
33527.501: [GC (Allocation Failure)  105539K->28597K(257024K), 0.0027821 secs]
33656.364: [GC (Allocation Failure)  105397K->28707K(257536K), 0.0029003 secs]
33765.713: [GC (Allocation Failure)  106019K->29054K(257024K), 0.0053729 secs]
33896.323: [GC (Allocation Failure)  106366K->28423K(257536K), 0.0028191 secs]
34025.794: [GC (Allocation Failure)  106247K->28866K(257536K), 0.0032507 secs]
34157.425: [GC (Allocation Failure)  106690K->28603K(257536K), 0.0030766 secs]
34287.682: [GC (Allocation Failure)  106427K->28836K(257536K), 0.0032461 secs]
34397.497: [GC (Allocation Failure)  106660K->29160K(257536K), 0.0031004 secs]
34530.205: [GC (Allocation Failure)  106984K->28497K(257536K), 0.0029922 secs]
34659.059: [GC (Allocation Failure)  106321K->29007K(257536K), 0.0027982 secs]
34790.238: [GC (Allocation Failure)  106831K->28620K(257536K), 0.0028370 secs]
34919.522: [GC (Allocation Failure)  106444K->29002K(257536K), 0.0028745 secs]
35025.116: [GC (Allocation Failure)  106826K->29370K(257536K), 0.0032847 secs]
35153.138: [GC (Allocation Failure)  107194K->29460K(257536K), 0.0030118 secs]
35284.113: [GC (Allocation Failure)  107284K->29763K(257536K), 0.0028059 secs]
35415.606: [GC (Allocation Failure)  107587K->29332K(257536K), 0.0028423 secs]
35546.002: [GC (Allocation Failure)  107156K->29691K(257536K), 0.0029980 secs]
35655.324: [GC (Allocation Failure)  107515K->29550K(257536K), 0.0031735 secs]
35785.660: [GC (Allocation Failure)  107374K->29748K(257536K), 0.0030037 secs]
35917.129: [GC (Allocation Failure)  107572K->29764K(257536K), 0.0028694 secs]
36046.667: [GC (Allocation Failure)  107588K->29714K(257536K), 0.0028176 secs]
36173.882: [GC (Allocation Failure)  107538K->29921K(257536K), 0.0029170 secs]
36248.628: [GC (System.gc())  78517K->29440K(257536K), 0.0025334 secs]
36248.631: [Full GC (System.gc())  29440K->25317K(257536K), 0.0258847 secs]
36367.325: [GC (Allocation Failure)  103141K->27991K(257536K), 0.0027764 secs]
36497.921: [GC (Allocation Failure)  105815K->28188K(257536K), 0.0027572 secs]
36629.273: [GC (Allocation Failure)  106012K->27900K(256512K), 0.0026987 secs]
36756.155: [GC (Allocation Failure)  104700K->28426K(257024K), 0.0057973 secs]
36877.813: [GC (Allocation Failure)  105226K->28545K(257536K), 0.0028505 secs]
36995.837: [GC (Allocation Failure)  106369K->28993K(257536K), 0.0030106 secs]
37126.767: [GC (Allocation Failure)  106817K->28509K(257536K), 0.0031346 secs]
37256.212: [GC (Allocation Failure)  106333K->28874K(257536K), 0.0029187 secs]
37383.953: [GC (Allocation Failure)  106698K->29098K(257536K), 0.0028575 secs]
37509.492: [GC (Allocation Failure)  106922K->28567K(257536K), 0.0029004 secs]
37627.496: [GC (Allocation Failure)  106391K->29295K(257536K), 0.0028780 secs]
37759.541: [GC (Allocation Failure)  107119K->28573K(257536K), 0.0028157 secs]
37889.408: [GC (Allocation Failure)  106397K->28956K(257536K), 0.0028333 secs]
38017.840: [GC (Allocation Failure)  106780K->28939K(257536K), 0.0061041 secs]
38141.104: [GC (Allocation Failure)  106763K->28732K(257536K), 0.0029970 secs]
38260.625: [GC (Allocation Failure)  106556K->29332K(257536K), 0.0030608 secs]
38391.128: [GC (Allocation Failure)  107156K->28693K(257536K), 0.0030040 secs]
38520.659: [GC (Allocation Failure)  106517K->29332K(257536K), 0.0030149 secs]
38648.730: [GC (Allocation Failure)  107156K->28820K(257536K), 0.0069578 secs]
38772.118: [GC (Allocation Failure)  106644K->29143K(257536K), 0.0031683 secs]
38891.187: [GC (Allocation Failure)  106967K->29647K(257536K), 0.0030975 secs]
39023.065: [GC (Allocation Failure)  107471K->28967K(257536K), 0.0029124 secs]
39149.468: [GC (Allocation Failure)  106791K->29781K(257536K), 0.0231569 secs]
39275.786: [GC (Allocation Failure)  107605K->29500K(257536K), 0.0031442 secs]
39399.527: [GC (Allocation Failure)  107324K->29821K(257536K), 0.0029157 secs]
39518.050: [GC (Allocation Failure)  107645K->30008K(257536K), 0.0029338 secs]
39648.072: [GC (Allocation Failure)  107832K->29763K(257536K), 0.0028546 secs]
39774.736: [GC (Allocation Failure)  107587K->30182K(257536K), 0.0065694 secs]
39848.658: [GC (System.gc())  74311K->29467K(257536K), 0.0027150 secs]
39848.661: [Full GC (System.gc())  29467K->25269K(257536K), 0.0262644 secs]
39978.113: [GC (Allocation Failure)  103093K->27221K(254976K), 0.0027145 secs]
40089.702: [GC (Allocation Failure)  105045K->28858K(257024K), 0.0042688 secs]
40220.862: [GC (Allocation Failure)  105658K->28223K(257024K), 0.0027976 secs]
40348.524: [GC (Allocation Failure)  105023K->28707K(257536K), 0.0028218 secs]
40477.068: [GC (Allocation Failure)  106531K->28407K(257536K), 0.0029399 secs]
40606.308: [GC (Allocation Failure)  106231K->28602K(257536K), 0.0029827 secs]
40719.401: [GC (Allocation Failure)  106426K->28977K(257536K), 0.0033503 secs]
40849.397: [GC (Allocation Failure)  106801K->28845K(257536K), 0.0028280 secs]
40976.624: [GC (Allocation Failure)  106669K->29056K(257536K), 0.0032779 secs]
41109.094: [GC (Allocation Failure)  106880K->28498K(257536K), 0.0029648 secs]
41237.985: [GC (Allocation Failure)  106322K->28832K(257536K), 0.0034739 secs]
41351.449: [GC (Allocation Failure)  106656K->28712K(257536K), 0.0037110 secs]
41481.468: [GC (Allocation Failure)  106536K->28859K(257536K), 0.0027848 secs]
41609.812: [GC (Allocation Failure)  106683K->28914K(257536K), 0.0027803 secs]
41741.034: [GC (Allocation Failure)  106738K->28658K(257536K), 0.0028190 secs]
41868.740: [GC (Allocation Failure)  106482K->28794K(258048K), 0.0121107 secs]
41984.108: [GC (Allocation Failure)  107130K->28786K(257536K), 0.0032692 secs]
42115.065: [GC (Allocation Failure)  107122K->29121K(258048K), 0.0032151 secs]
42245.083: [GC (Allocation Failure)  107969K->28717K(258048K), 0.0029988 secs]
42376.302: [GC (Allocation Failure)  107565K->29139K(258048K), 0.0030136 secs]
42506.560: [GC (Allocation Failure)  107987K->29263K(258048K), 0.0029531 secs]
42622.938: [GC (Allocation Failure)  108111K->29066K(258048K), 0.0029358 secs]
42754.906: [GC (Allocation Failure)  107914K->29299K(258048K), 0.0029095 secs]
42885.166: [GC (Allocation Failure)  108147K->29066K(258048K), 0.0029787 secs]
43016.875: [GC (Allocation Failure)  107914K->29431K(258048K), 0.0029187 secs]
43146.892: [GC (Allocation Failure)  108279K->29039K(258048K), 0.0029508 secs]
43263.004: [GC (Allocation Failure)  107887K->29447K(258048K), 0.0030719 secs]
43386.679: [GC (Allocation Failure)  108295K->29999K(257024K), 0.0048486 secs]
43448.689: [GC (System.gc())  67131K->29299K(257536K), 0.0025584 secs]
43448.691: [Full GC (System.gc())  29299K->25197K(257536K), 0.0397169 secs]
43578.609: [GC (Allocation Failure)  103021K->27277K(257024K), 0.0030044 secs]
43710.053: [GC (Allocation Failure)  105101K->27405K(257536K), 0.0026673 secs]
43833.107: [GC (Allocation Failure)  105229K->27487K(257536K), 0.0029813 secs]
43953.127: [GC (Allocation Failure)  105311K->28764K(257536K), 0.0027897 secs]
44081.298: [GC (Allocation Failure)  106588K->28330K(257536K), 0.0027446 secs]
44210.421: [GC (Allocation Failure)  106154K->28746K(257536K), 0.0028323 secs]
44341.790: [GC (Allocation Failure)  106570K->28253K(257536K), 0.0028307 secs]
44463.407: [GC (Allocation Failure)  106077K->28472K(257536K), 0.0036761 secs]
44581.355: [GC (Allocation Failure)  106296K->29144K(257536K), 0.0028856 secs]
44713.235: [GC (Allocation Failure)  106968K->28458K(257536K), 0.0029590 secs]
44842.763: [GC (Allocation Failure)  106282K->28932K(257536K), 0.0035368 secs]
44975.511: [GC (Allocation Failure)  106756K->28362K(257536K), 0.0029683 secs]
45095.371: [GC (Allocation Failure)  106186K->28818K(257536K), 0.0032928 secs]
45215.477: [GC (Allocation Failure)  106642K->28938K(257536K), 0.0030140 secs]
45345.269: [GC (Allocation Failure)  106762K->28717K(257536K), 0.0029762 secs]
45475.295: [GC (Allocation Failure)  106541K->29211K(257536K), 0.0027828 secs]
45607.168: [GC (Allocation Failure)  107035K->28586K(257536K), 0.0028486 secs]
45725.417: [GC (Allocation Failure)  106410K->28915K(257536K), 0.0028066 secs]
45847.021: [GC (Allocation Failure)  106739K->28912K(257536K), 0.0027921 secs]
45977.041: [GC (Allocation Failure)  106736K->29158K(257536K), 0.0029401 secs]
46108.616: [GC (Allocation Failure)  106982K->29329K(257536K), 0.0030287 secs]
46239.372: [GC (Allocation Failure)  107153K->28965K(257536K), 0.0027615 secs]
46356.692: [GC (Allocation Failure)  106789K->28746K(257536K), 0.0232677 secs]
46479.498: [GC (Allocation Failure)  106570K->29156K(257536K), 0.0029753 secs]
46609.429: [GC (Allocation Failure)  106980K->29324K(258048K), 0.0029039 secs]
46741.593: [GC (Allocation Failure)  108172K->29131K(258048K), 0.0031087 secs]
46873.745: [GC (Allocation Failure)  107979K->29298K(258048K), 0.0056372 secs]
46989.359: [GC (Allocation Failure)  108146K->29508K(258048K), 0.0214417 secs]
47048.732: [GC (System.gc())  67121K->29034K(258048K), 0.0040667 secs]
47048.736: [Full GC (System.gc())  29034K->25280K(258048K), 0.0419097 secs]
47179.506: [GC (Allocation Failure)  104128K->27328K(256000K), 0.0026623 secs]
47312.134: [GC (Allocation Failure)  106176K->27680K(257536K), 0.0028404 secs]
47442.956: [GC (Allocation Failure)  105504K->27456K(257536K), 0.0026276 secs]
47561.683: [GC (Allocation Failure)  105280K->28345K(257536K), 0.0028725 secs]
47678.856: [GC (Allocation Failure)  106169K->29066K(257536K), 0.0029785 secs]
47808.876: [GC (Allocation Failure)  106890K->29121K(257536K), 0.0029559 secs]
47939.151: [GC (Allocation Failure)  106945K->28710K(257536K), 0.0029806 secs]
48069.226: [GC (Allocation Failure)  106534K->29199K(257536K), 0.0029574 secs]
48192.417: [GC (Allocation Failure)  107023K->29373K(257024K), 0.0031639 secs]
48310.106: [GC (Allocation Failure)  107197K->29089K(257024K), 0.0029494 secs]
48439.279: [GC (Allocation Failure)  105889K->29379K(257024K), 0.0029047 secs]
48569.300: [GC (Allocation Failure)  106179K->29078K(257024K), 0.0029686 secs]
48697.411: [GC (Allocation Failure)  105878K->29359K(257024K), 0.0027925 secs]
48819.733: [GC (Allocation Failure)  106159K->29291K(257024K), 0.0051642 secs]
48934.096: [GC (Allocation Failure)  106091K->29276K(257024K), 0.0030301 secs]
49062.117: [GC (Allocation Failure)  106076K->29462K(257024K), 0.0029707 secs]
49191.870: [GC (Allocation Failure)  106262K->29096K(257024K), 0.0029644 secs]
49319.514: [GC (Allocation Failure)  105896K->29559K(257024K), 0.0028629 secs]
49442.630: [GC (Allocation Failure)  106359K->29131K(257024K), 0.0028660 secs]
49556.056: [GC (Allocation Failure)  105931K->29810K(257024K), 0.0029251 secs]
49685.908: [GC (Allocation Failure)  106610K->29771K(257024K), 0.0028820 secs]
49814.231: [GC (Allocation Failure)  106571K->29374K(257024K), 0.0028948 secs]
49942.716: [GC (Allocation Failure)  106174K->29675K(257024K), 0.0033901 secs]
50067.596: [GC (Allocation Failure)  106475K->29530K(257536K), 0.0030950 secs]
50181.979: [GC (Allocation Failure)  107354K->29939K(257536K), 0.0028317 secs]
50312.782: [GC (Allocation Failure)  107763K->29913K(257536K), 0.0028029 secs]
50443.331: [GC (Allocation Failure)  107737K->29714K(257536K), 0.0028271 secs]
50570.629: [GC (Allocation Failure)  107538K->29948K(257536K), 0.0027982 secs]
50648.780: [GC (System.gc())  76111K->29367K(257536K), 0.0024592 secs]
50648.782: [Full GC (System.gc())  29367K->25183K(257536K), 0.0372475 secs]
50765.435: [GC (Allocation Failure)  103007K->27793K(257536K), 0.0037304 secs]
50889.917: [GC (Allocation Failure)  105617K->28750K(257536K), 0.0029827 secs]
51022.075: [GC (Allocation Failure)  106574K->28090K(257536K), 0.0027597 secs]
51151.921: [GC (Allocation Failure)  105914K->28699K(257536K), 0.0031507 secs]
51279.975: [GC (Allocation Failure)  106523K->28270K(257536K), 0.0027981 secs]
51397.555: [GC (Allocation Failure)  106094K->28388K(257536K), 0.0031100 secs]
51522.462: [GC (Allocation Failure)  106212K->28654K(257536K), 0.0027734 secs]
51652.145: [GC (Allocation Failure)  106478K->28795K(257536K), 0.0029279 secs]
51772.558: [GC (Allocation Failure)  106619K->29392K(257536K), 0.0030151 secs]
51905.703: [GC (Allocation Failure)  107216K->28809K(257536K), 0.0037101 secs]
52024.467: [GC (Allocation Failure)  106633K->29391K(257536K), 0.0033825 secs]
52149.421: [GC (Allocation Failure)  107215K->29193K(257536K), 0.0030218 secs]
52279.437: [GC (Allocation Failure)  107017K->29309K(256512K), 0.0046127 secs]
52404.523: [GC (Allocation Failure)  106109K->29591K(257024K), 0.0033155 secs]
52535.167: [GC (Allocation Failure)  106389K->28976K(257024K), 0.0029824 secs]
52653.925: [GC (Allocation Failure)  105776K->29441K(257024K), 0.0031248 secs]
52774.581: [GC (Allocation Failure)  106241K->29345K(257024K), 0.0035481 secs]
52902.280: [GC (Allocation Failure)  106145K->29488K(257024K), 0.0030028 secs]
53027.993: [GC (Allocation Failure)  106288K->29397K(257024K), 0.0031362 secs]
53155.947: [GC (Allocation Failure)  106197K->29587K(257024K), 0.0030235 secs]
53277.489: [GC (Allocation Failure)  106387K->29899K(257024K), 0.0036618 secs]
53398.033: [GC (Allocation Failure)  106699K->29456K(257024K), 0.0029010 secs]
53525.525: [GC (Allocation Failure)  106256K->29845K(257536K), 0.0028299 secs]
53652.106: [GC (Allocation Failure)  107157K->29592K(257024K), 0.0029545 secs]
53781.441: [GC (Allocation Failure)  106904K->29837K(257536K), 0.0028570 secs]
53905.776: [GC (Allocation Failure)  107661K->30210K(257536K), 0.0029229 secs]
54025.501: [GC (Allocation Failure)  108034K->29781K(257536K), 0.0028907 secs]
54154.310: [GC (Allocation Failure)  107605K->30151K(257536K), 0.0034720 secs]
54248.821: [GC (System.gc())  87962K->29607K(257536K), 0.0026809 secs]
54248.824: [Full GC (System.gc())  29607K->25351K(257536K), 0.0271901 secs]
54378.824: [GC (Allocation Failure)  103175K->27271K(254976K), 0.0025354 secs]
54502.860: [GC (Allocation Failure)  105095K->28135K(257024K), 0.0027229 secs]
54620.564: [GC (Allocation Failure)  104935K->28496K(257024K), 0.0028272 secs]
54749.767: [GC (Allocation Failure)  105296K->28771K(257536K), 0.0037241 secs]
54877.576: [GC (Allocation Failure)  106595K->28624K(257536K), 0.0029377 secs]
55007.604: [GC (Allocation Failure)  106448K->28804K(257536K), 0.0028000 secs]
55131.404: [GC (Allocation Failure)  106628K->28625K(257536K), 0.0030321 secs]
55250.204: [GC (Allocation Failure)  106449K->29104K(257536K), 0.0029992 secs]
55378.253: [GC (Allocation Failure)  106928K->29124K(257536K), 0.0028347 secs]
55509.864: [GC (Allocation Failure)  106948K->28612K(257536K), 0.0028643 secs]
55639.790: [GC (Allocation Failure)  106436K->29097K(257536K), 0.0029997 secs]
55764.784: [GC (Allocation Failure)  106921K->28690K(257536K), 0.0028287 secs]
55881.724: [GC (Allocation Failure)  106514K->29082K(257536K), 0.0053336 secs]
56003.041: [GC (Allocation Failure)  106906K->29380K(257536K), 0.0029229 secs]
56135.059: [GC (Allocation Failure)  107204K->29100K(257536K), 0.0034138 secs]
56263.943: [GC (Allocation Failure)  106924K->29553K(257536K), 0.0029602 secs]
56390.352: [GC (Allocation Failure)  107377K->29147K(257536K), 0.0030862 secs]
56508.155: [GC (Allocation Failure)  106971K->29676K(257536K), 0.0029081 secs]
56635.536: [GC (Allocation Failure)  107500K->29202K(257536K), 0.0028567 secs]
56764.099: [GC (Allocation Failure)  107026K->29584K(257536K), 0.0029748 secs]
56896.195: [GC (Allocation Failure)  107408K->29838K(257536K), 0.0028625 secs]
57021.869: [GC (Allocation Failure)  107662K->29400K(257536K), 0.0029010 secs]
57140.076: [GC (Allocation Failure)  107224K->30039K(257536K), 0.0035033 secs]
57268.497: [GC (Allocation Failure)  107863K->29474K(257536K), 0.0037655 secs]
57398.517: [GC (Allocation Failure)  107298K->29808K(257536K), 0.0031502 secs]
57529.496: [GC (Allocation Failure)  107632K->29579K(257536K), 0.0030759 secs]
57651.982: [GC (Allocation Failure)  107403K->29872K(257536K), 0.0029476 secs]
57768.569: [GC (Allocation Failure)  107696K->30274K(257536K), 0.0030765 secs]
57848.852: [GC (System.gc())  78483K->29630K(257536K), 0.0027823 secs]
57848.855: [Full GC (System.gc())  29630K->25278K(257536K), 0.0275400 secs]
57978.602: [GC (Allocation Failure)  103102K->27358K(256512K), 0.0027012 secs]
58108.623: [GC (Allocation Failure)  104158K->27614K(257024K), 0.0025418 secs]
58238.576: [GC (Allocation Failure)  104414K->27198K(257024K), 0.0025994 secs]
58347.527: [GC (Allocation Failure)  103998K->28884K(257024K), 0.0028859 secs]
58473.922: [GC (Allocation Failure)  105684K->28506K(257024K), 0.0026941 secs]
58602.585: [GC (Allocation Failure)  105306K->28757K(257024K), 0.0028363 secs]
58731.128: [GC (Allocation Failure)  105557K->28578K(257536K), 0.0027550 secs]
58861.002: [GC (Allocation Failure)  105890K->28694K(257024K), 0.0027796 secs]
58969.487: [GC (Allocation Failure)  106006K->29204K(257536K), 0.0029744 secs]
59101.228: [GC (Allocation Failure)  107028K->28373K(257536K), 0.0029334 secs]
59230.736: [GC (Allocation Failure)  106197K->28886K(257536K), 0.0040044 secs]
59362.708: [GC (Allocation Failure)  106710K->28525K(257536K), 0.0038582 secs]
59492.998: [GC (Allocation Failure)  106349K->28834K(257536K), 0.0033692 secs]
59601.957: [GC (Allocation Failure)  106658K->29128K(257536K), 0.0029170 secs]
59733.478: [GC (Allocation Failure)  106952K->28520K(257536K), 0.0028770 secs]
59863.044: [GC (Allocation Failure)  106344K->29077K(257536K), 0.0027841 secs]
59993.509: [GC (Allocation Failure)  106901K->28658K(257536K), 0.0028948 secs]
60123.462: [GC (Allocation Failure)  106482K->29077K(257536K), 0.0030018 secs]
60228.908: [GC (Allocation Failure)  106901K->29412K(257536K), 0.0031561 secs]
60358.825: [GC (Allocation Failure)  107236K->29481K(257536K), 0.0027815 secs]
60488.947: [GC (Allocation Failure)  107305K->29773K(257536K), 0.0027635 secs]
60620.928: [GC (Allocation Failure)  107597K->29294K(257536K), 0.0030174 secs]
60751.261: [GC (Allocation Failure)  107118K->29665K(257536K), 0.0027367 secs]
60860.554: [GC (Allocation Failure)  107489K->29554K(257536K), 0.0029477 secs]
60991.184: [GC (Allocation Failure)  107378K->29691K(257536K), 0.0029127 secs]
61121.463: [GC (Allocation Failure)  107515K->29688K(257536K), 0.0028557 secs]
61251.330: [GC (Allocation Failure)  107512K->29838K(257536K), 0.0028233 secs]
61379.067: [GC (Allocation Failure)  107662K->30085K(257536K), 0.0029855 secs]
61448.884: [GC (System.gc())  75448K->29520K(257536K), 0.0025590 secs]
61448.887: [Full GC (System.gc())  29520K->25289K(257536K), 0.0251155 secs]
61565.815: [GC (Allocation Failure)  103113K->27963K(257536K), 0.0027008 secs]
61697.607: [GC (Allocation Failure)  105787K->28238K(257536K), 0.0028904 secs]
61829.130: [GC (Allocation Failure)  106062K->27872K(256000K), 0.0027556 secs]
61957.644: [GC (Allocation Failure)  105696K->28352K(257536K), 0.0029493 secs]
62080.720: [GC (Allocation Failure)  105664K->28443K(257024K), 0.0077486 secs]
62196.176: [GC (Allocation Failure)  105755K->28920K(257536K), 0.0030908 secs]
62327.696: [GC (Allocation Failure)  106744K->28531K(257536K), 0.0032410 secs]
62457.068: [GC (Allocation Failure)  106355K->28737K(257536K), 0.0028247 secs]
62583.868: [GC (Allocation Failure)  106561K->28934K(257536K), 0.0030561 secs]
62711.208: [GC (Allocation Failure)  106758K->28481K(257536K), 0.0031355 secs]
62829.007: [GC (Allocation Failure)  106305K->29071K(257536K), 0.0030877 secs]
62960.841: [GC (Allocation Failure)  106895K->28518K(257536K), 0.0028389 secs]
63090.856: [GC (Allocation Failure)  106342K->28872K(257536K), 0.0029366 secs]
63219.065: [GC (Allocation Failure)  106696K->28896K(257536K), 0.0032728 secs]
63341.922: [GC (Allocation Failure)  106720K->28782K(257536K), 0.0030046 secs]
63461.315: [GC (Allocation Failure)  106606K->29251K(257536K), 0.0029355 secs]
63591.878: [GC (Allocation Failure)  107075K->28586K(257536K), 0.0028372 secs]
63721.668: [GC (Allocation Failure)  106410K->29214K(257536K), 0.0028846 secs]
63849.398: [GC (Allocation Failure)  107038K->28736K(257536K), 0.0028975 secs]
63972.851: [GC (Allocation Failure)  106560K->29202K(257536K), 0.0028921 secs]
64091.737: [GC (Allocation Failure)  107026K->29413K(257536K), 0.0095531 secs]
64223.522: [GC (Allocation Failure)  107237K->28923K(257536K), 0.0030233 secs]
64349.460: [GC (Allocation Failure)  106747K->29679K(257536K), 0.0054641 secs]
64475.989: [GC (Allocation Failure)  107503K->29355K(257536K), 0.0032188 secs]
64599.825: [GC (Allocation Failure)  107179K->29657K(257536K), 0.0028891 secs]
64719.276: [GC (Allocation Failure)  107481K->29937K(257536K), 0.0037572 secs]
64849.335: [GC (Allocation Failure)  107761K->29752K(257536K), 0.0029205 secs]
64974.437: [GC (Allocation Failure)  107576K->30168K(257536K), 0.0028459 secs]
65048.913: [GC (System.gc())  73607K->29476K(257536K), 0.0027339 secs]
65048.916: [Full GC (System.gc())  29476K->25275K(257536K), 0.0283740 secs]
65177.584: [GC (Allocation Failure)  103099K->27227K(256512K), 0.0026785 secs]
65289.384: [GC (Allocation Failure)  104027K->28869K(257024K), 0.0035711 secs]
65419.604: [GC (Allocation Failure)  105669K->28292K(257024K), 0.0026866 secs]
65547.444: [GC (Allocation Failure)  105092K->28658K(257024K), 0.0027836 secs]
65673.684: [GC (Allocation Failure)  105458K->28516K(257536K), 0.0031410 secs]
65803.157: [GC (Allocation Failure)  106340K->28637K(257536K), 0.0027712 secs]
65915.543: [GC (Allocation Failure)  106461K->28998K(257536K), 0.0028325 secs]
66046.212: [GC (Allocation Failure)  106822K->28747K(257536K), 0.0027777 secs]
66172.826: [GC (Allocation Failure)  106571K->28906K(257536K), 0.0028714 secs]
66304.380: [GC (Allocation Failure)  106730K->28582K(257536K), 0.0031127 secs]
66433.790: [GC (Allocation Failure)  106406K->28773K(257536K), 0.0030680 secs]
66549.520: [GC (Allocation Failure)  106597K->28646K(257536K), 0.0032227 secs]
66679.534: [GC (Allocation Failure)  106470K->28800K(258048K), 0.0029376 secs]
66808.288: [GC (Allocation Failure)  107136K->29012K(257536K), 0.0029486 secs]
66939.821: [GC (Allocation Failure)  107348K->28660K(258048K), 0.0028588 secs]
67069.430: [GC (Allocation Failure)  106996K->28896K(257536K), 0.0031454 secs]
67183.875: [GC (Allocation Failure)  107232K->28870K(258048K), 0.0030965 secs]
67314.222: [GC (Allocation Failure)  107718K->29114K(258048K), 0.0030990 secs]
67444.221: [GC (Allocation Failure)  107962K->28671K(258048K), 0.0027430 secs]
67575.615: [GC (Allocation Failure)  107519K->29118K(258048K), 0.0027528 secs]
67705.420: [GC (Allocation Failure)  107966K->29258K(258048K), 0.0027731 secs]
67823.379: [GC (Allocation Failure)  108106K->29154K(258048K), 0.0031339 secs]
67954.467: [GC (Allocation Failure)  108002K->29450K(258048K), 0.0029159 secs]
68084.305: [GC (Allocation Failure)  108298K->29126K(258048K), 0.0028191 secs]
68216.733: [GC (Allocation Failure)  107974K->29356K(258048K), 0.0038005 secs]
68346.576: [GC (Allocation Failure)  108204K->29048K(258048K), 0.0029645 secs]
68463.114: [GC (Allocation Failure)  107896K->29461K(258048K), 0.0029619 secs]
68585.871: [GC (Allocation Failure)  108309K->29934K(258048K), 0.0028693 secs]
68648.946: [GC (System.gc())  67433K->29290K(258048K), 0.0024735 secs]
68648.948: [Full GC (System.gc())  29290K->25203K(258048K), 0.0267924 secs]
68780.071: [GC (Allocation Failure)  104051K->27315K(256512K), 0.0025583 secs]
68913.529: [GC (Allocation Failure)  106163K->27443K(257536K), 0.0025767 secs]
69034.143: [GC (Allocation Failure)  105267K->27667K(257536K), 0.0030502 secs]
69154.474: [GC (Allocation Failure)  105491K->28746K(257536K), 0.0030268 secs]
69284.120: [GC (Allocation Failure)  106570K->28386K(257536K), 0.0028910 secs]
69413.012: [GC (Allocation Failure)  106210K->28738K(257536K), 0.0028032 secs]
69544.215: [GC (Allocation Failure)  106562K->28290K(257536K), 0.0028740 secs]
69664.165: [GC (Allocation Failure)  106114K->28683K(257536K), 0.0033939 secs]
69783.373: [GC (Allocation Failure)  106507K->28983K(257536K), 0.0033123 secs]
69914.500: [GC (Allocation Failure)  106807K->28437K(257536K), 0.0027508 secs]
70044.516: [GC (Allocation Failure)  106261K->28979K(257536K), 0.0030903 secs]
70177.911: [GC (Allocation Failure)  106803K->28574K(257536K), 0.0030479 secs]
70295.530: [GC (Allocation Failure)  106398K->28701K(257536K), 0.0032945 secs]
70417.050: [GC (Allocation Failure)  106525K->29085K(257536K), 0.0028918 secs]
70545.973: [GC (Allocation Failure)  106909K->28706K(257536K), 0.0031028 secs]
70675.997: [GC (Allocation Failure)  106530K->29248K(257536K), 0.0030981 secs]
70808.849: [GC (Allocation Failure)  107072K->28576K(257536K), 0.0030025 secs]
70925.484: [GC (Allocation Failure)  106400K->28999K(257536K), 0.0029509 secs]
71048.880: [GC (Allocation Failure)  106823K->28944K(257536K), 0.0031089 secs]
71178.901: [GC (Allocation Failure)  106768K->29256K(257536K), 0.0029359 secs]
71310.085: [GC (Allocation Failure)  107080K->29427K(257536K), 0.0028069 secs]
71440.946: [GC (Allocation Failure)  107251K->29013K(257536K), 0.0030002 secs]
71557.559: [GC (Allocation Failure)  106837K->28872K(257536K), 0.0100617 secs]
71681.976: [GC (Allocation Failure)  106696K->29153K(257536K), 0.0032743 secs]
71810.469: [GC (Allocation Failure)  106977K->29561K(257536K), 0.0031955 secs]
71942.326: [GC (Allocation Failure)  107385K->29237K(257536K), 0.0032700 secs]
72072.354: [GC (Allocation Failure)  107061K->29504K(257536K), 0.0027840 secs]
72187.290: [GC (Allocation Failure)  107328K->29367K(258048K), 0.0093018 secs]
72248.977: [GC (System.gc())  69399K->29305K(258048K), 0.0025515 secs]
72248.979: [Full GC (System.gc())  29305K->25224K(258048K), 0.0398104 secs]
72381.006: [GC (Allocation Failure)  104072K->27112K(257024K), 0.0027043 secs]
72512.518: [GC (Allocation Failure)  104936K->27624K(257536K), 0.0026032 secs]
72642.546: [GC (Allocation Failure)  105448K->27400K(257536K), 0.0027012 secs]
72760.979: [GC (Allocation Failure)  105224K->28333K(257536K), 0.0027433 secs]
72876.175: [GC (Allocation Failure)  106157K->28952K(257536K), 0.0029586 secs]
73006.042: [GC (Allocation Failure)  106776K->29055K(257536K), 0.0027941 secs]
73137.214: [GC (Allocation Failure)  106879K->28805K(257536K), 0.0028862 secs]
73267.452: [GC (Allocation Failure)  106629K->29127K(257536K), 0.0033574 secs]
73392.222: [GC (Allocation Failure)  106951K->29387K(256512K), 0.0030226 secs]
73505.880: [GC (Allocation Failure)  106187K->29222K(257024K), 0.0030491 secs]
73634.179: [GC (Allocation Failure)  106022K->29432K(257024K), 0.0029410 secs]
73764.616: [GC (Allocation Failure)  106232K->29092K(257024K), 0.0028873 secs]
73893.574: [GC (Allocation Failure)  105892K->29352K(257024K), 0.0028920 secs]
74016.268: [GC (Allocation Failure)  106152K->29320K(257024K), 0.0032093 secs]
74131.804: [GC (Allocation Failure)  106120K->29180K(257024K), 0.0030038 secs]
74259.803: [GC (Allocation Failure)  105980K->29551K(257024K), 0.0029386 secs]
74388.024: [GC (Allocation Failure)  106351K->29304K(257024K), 0.0028807 secs]
74515.000: [GC (Allocation Failure)  106104K->29674K(257024K), 0.0028726 secs]
74640.436: [GC (Allocation Failure)  106474K->29326K(257024K), 0.0028371 secs]
74752.393: [GC (Allocation Failure)  106126K->29879K(257024K), 0.0028894 secs]
74882.407: [GC (Allocation Failure)  106679K->29951K(257024K), 0.0031523 secs]
75010.898: [GC (Allocation Failure)  106751K->29508K(257024K), 0.0031019 secs]
75139.582: [GC (Allocation Failure)  106308K->29839K(257024K), 0.0028303 secs]
75262.915: [GC (Allocation Failure)  106639K->29625K(257024K), 0.0028544 secs]
75374.816: [GC (Allocation Failure)  106425K->30089K(257536K), 0.0028103 secs]
75505.101: [GC (Allocation Failure)  107401K->30191K(257024K), 0.0029659 secs]
75635.699: [GC (Allocation Failure)  107503K->29744K(257536K), 0.0050246 secs]
75762.756: [GC (Allocation Failure)  107568K->30284K(257536K), 0.0029997 secs]
75849.021: [GC (System.gc())  81970K->29640K(257536K), 0.0027090 secs]
75849.023: [Full GC (System.gc())  29640K->25119K(257536K), 0.0417571 secs]
75965.494: [GC (Allocation Failure)  102943K->27652K(257536K), 0.0030639 secs]
76091.047: [GC (Allocation Failure)  105476K->28662K(257536K), 0.0028226 secs]
76223.048: [GC (Allocation Failure)  106486K->28068K(257536K), 0.0027291 secs]
76353.061: [GC (Allocation Failure)  105892K->28603K(257536K), 0.0027328 secs]
76481.103: [GC (Allocation Failure)  106427K->28297K(257536K), 0.0029362 secs]
76597.916: [GC (Allocation Failure)  106121K->28293K(257536K), 0.0178285 secs]
76723.450: [GC (Allocation Failure)  106117K->28470K(257536K), 0.0030827 secs]
76853.134: [GC (Allocation Failure)  106294K->28612K(257536K), 0.0032506 secs]
76974.029: [GC (Allocation Failure)  106436K->29199K(257536K), 0.0030492 secs]
77105.737: [GC (Allocation Failure)  107023K->28573K(257536K), 0.0050133 secs]
77225.021: [GC (Allocation Failure)  106397K->29117K(257536K), 0.0041288 secs]
77349.689: [GC (Allocation Failure)  106941K->28870K(257536K), 0.0035151 secs]
77479.710: [GC (Allocation Failure)  106694K->28912K(257536K), 0.0076711 secs]
77606.600: [GC (Allocation Failure)  106736K->29258K(257536K), 0.0031482 secs]
77739.137: [GC (Allocation Failure)  107082K->28732K(257536K), 0.0029808 secs]
77855.911: [GC (Allocation Failure)  106556K->28995K(257536K), 0.0083027 secs]
77982.150: [GC (Allocation Failure)  106819K->28892K(257536K), 0.0033046 secs]
78111.113: [GC (Allocation Failure)  106716K->29314K(257536K), 0.0028633 secs]
78239.820: [GC (Allocation Failure)  107138K->28903K(257536K), 0.0028800 secs]
78369.226: [GC (Allocation Failure)  106727K->29168K(257536K), 0.0027787 secs]
78486.704: [GC (Allocation Failure)  106992K->28972K(257536K), 0.0088598 secs]
78613.372: [GC (Allocation Failure)  106796K->29046K(257536K), 0.0033683 secs]
78743.394: [GC (Allocation Failure)  106870K->29412K(257536K), 0.0028878 secs]
78871.418: [GC (Allocation Failure)  107236K->29209K(257536K), 0.0029497 secs]
79002.674: [GC (Allocation Failure)  107033K->29355K(257536K), 0.0029123 secs]
79118.281: [GC (Allocation Failure)  107179K->29381K(257536K), 0.0033030 secs]
79244.949: [GC (Allocation Failure)  107205K->29488K(257536K), 0.0029844 secs]
79372.104: [GC (Allocation Failure)  107312K->29681K(257536K), 0.0029661 secs]
79449.067: [GC (System.gc())  75707K->29245K(257536K), 0.0025832 secs]
79449.069: [Full GC (System.gc())  29245K->25235K(257536K), 0.0359697 secs]
79579.834: [GC (Allocation Failure)  103059K->27155K(257536K), 0.0025891 secs]
79703.857: [GC (Allocation Failure)  104979K->27863K(257536K), 0.0028203 secs]
79823.134: [GC (Allocation Failure)  105687K->28252K(257536K), 0.0029383 secs]
79953.564: [GC (Allocation Failure)  106076K->28554K(257536K), 0.0037200 secs]
80081.086: [GC (Allocation Failure)  106378K->28503K(257536K), 0.0029151 secs]
80211.078: [GC (Allocation Failure)  106327K->28861K(257536K), 0.0027917 secs]
80335.363: [GC (Allocation Failure)  106685K->28431K(257536K), 0.0031389 secs]
80453.636: [GC (Allocation Failure)  106255K->28892K(257536K), 0.0029648 secs]
80581.637: [GC (Allocation Failure)  106716K->28989K(257536K), 0.0030043 secs]
80712.951: [GC (Allocation Failure)  106813K->28605K(257536K), 0.0036286 secs]
80843.218: [GC (Allocation Failure)  106429K->28974K(257536K), 0.0030207 secs]
80968.547: [GC (Allocation Failure)  106798K->28554K(257536K), 0.0032493 secs]
81085.453: [GC (Allocation Failure)  106378K->29098K(257536K), 0.0031913 secs]
81207.068: [GC (Allocation Failure)  106922K->29271K(257536K), 0.0028786 secs]
81338.398: [GC (Allocation Failure)  107095K->29040K(257536K), 0.0029443 secs]
81466.520: [GC (Allocation Failure)  106864K->29511K(257536K), 0.0030370 secs]
81593.800: [GC (Allocation Failure)  107335K->29006K(257536K), 0.0029692 secs]
81711.268: [GC (Allocation Failure)  106830K->29719K(257536K), 0.0029796 secs]
81839.719: [GC (Allocation Failure)  107543K->29178K(257536K), 0.0035780 secs]
81968.079: [GC (Allocation Failure)  107002K->29597K(257536K), 0.0031974 secs]
82100.317: [GC (Allocation Failure)  107421K->29846K(257536K), 0.0030787 secs]
82225.578: [GC (Allocation Failure)  107670K->29361K(257536K), 0.0030507 secs]
82343.443: [GC (Allocation Failure)  107185K->29967K(256512K), 0.0029398 secs]
82470.371: [GC (Allocation Failure)  106767K->29504K(257024K), 0.0029683 secs]
82597.206: [GC (Allocation Failure)  106304K->29915K(257536K), 0.0032944 secs]
82729.609: [GC (Allocation Failure)  107739K->29616K(257536K), 0.0029312 secs]
82853.510: [GC (Allocation Failure)  107440K->29847K(257536K), 0.0029144 secs]
82968.857: [GC (Allocation Failure)  107671K->30281K(257536K), 0.0031415 secs]
83049.107: [GC (System.gc())  78216K->29536K(256512K), 0.0029143 secs]
83049.110: [Full GC (System.gc())  29536K->25183K(256512K), 0.0335615 secs]
83175.915: [GC (Allocation Failure)  101983K->27071K(257024K), 0.0024820 secs]
83305.927: [GC (Allocation Failure)  103871K->27583K(257024K), 0.0027901 secs]
83435.945: [GC (Allocation Failure)  104383K->27071K(257024K), 0.0026710 secs]
83545.743: [GC (Allocation Failure)  103869K->28629K(257024K), 0.0043162 secs]
83673.595: [GC (Allocation Failure)  105429K->28494K(257024K), 0.0028570 secs]
83801.730: [GC (Allocation Failure)  105294K->28649K(257024K), 0.0032896 secs]
83930.022: [GC (Allocation Failure)  105449K->28443K(257024K), 0.0027404 secs]
84058.125: [GC (Allocation Failure)  105243K->28617K(257536K), 0.0029603 secs]
84166.036: [GC (Allocation Failure)  106441K->29019K(257536K), 0.0030930 secs]
84299.639: [GC (Allocation Failure)  106843K->28469K(257536K), 0.0031500 secs]
84428.859: [GC (Allocation Failure)  106293K->28860K(257536K), 0.0029160 secs]
84561.256: [GC (Allocation Failure)  106684K->28494K(257536K), 0.0033780 secs]
84691.602: [GC (Allocation Failure)  106318K->28723K(257536K), 0.0029220 secs]
84800.668: [GC (Allocation Failure)  106547K->29102K(257536K), 0.0032070 secs]
84933.617: [GC (Allocation Failure)  106926K->28462K(257536K), 0.0028913 secs]
85062.238: [GC (Allocation Failure)  106286K->29038K(257536K), 0.0034173 secs]
85193.810: [GC (Allocation Failure)  106862K->28601K(257536K), 0.0028487 secs]
85323.828: [GC (Allocation Failure)  106425K->28964K(257536K), 0.0029309 secs]
85425.937: [GC (Allocation Failure)  106788K->29495K(257536K), 0.0033903 secs]
85555.967: [GC (Allocation Failure)  107319K->29491K(257536K), 0.0030408 secs]
85686.181: [GC (Allocation Failure)  107315K->29811K(257536K), 0.0029551 secs]
85817.938: [GC (Allocation Failure)  107635K->29306K(257536K), 0.0029511 secs]
85948.064: [GC (Allocation Failure)  107130K->29697K(257536K), 0.0029778 secs]
86057.619: [GC (Allocation Failure)  107521K->29638K(257536K), 0.0034864 secs]
86189.114: [GC (Allocation Failure)  107462K->29786K(257536K), 0.0029077 secs]
86320.364: [GC (Allocation Failure)  107610K->29735K(257536K), 0.0028946 secs]
86450.213: [GC (Allocation Failure)  107559K->29858K(257024K), 0.0029530 secs]
86576.278: [GC (Allocation Failure)  107682K->30023K(257024K), 0.0029864 secs]
86649.145: [GC (System.gc())  76491K->29588K(257024K), 0.0025470 secs]
86649.147: [Full GC (System.gc())  29588K->25198K(257024K), 0.0273590 secs]
86765.452: [GC (Allocation Failure)  101998K->27955K(257024K), 0.0027341 secs]
86894.516: [GC (Allocation Failure)  104755K->28294K(257024K), 0.0027079 secs]
87024.538: [GC (Allocation Failure)  105094K->27896K(257024K), 0.0028428 secs]
87154.030: [GC (Allocation Failure)  104696K->28302K(257024K), 0.0027898 secs]
87274.281: [GC (Allocation Failure)  105102K->28421K(257024K), 0.0029742 secs]
87390.496: [GC (Allocation Failure)  105221K->28944K(257024K), 0.0030176 secs]
87520.126: [GC (Allocation Failure)  105744K->28696K(257536K), 0.0028515 secs]
87649.512: [GC (Allocation Failure)  106520K->28765K(257536K), 0.0031478 secs]
87776.293: [GC (Allocation Failure)  106589K->29021K(257536K), 0.0029503 secs]
87902.849: [GC (Allocation Failure)  106845K->28522K(257536K), 0.0029060 secs]
88020.730: [GC (Allocation Failure)  106346K->28958K(257536K), 0.0036599 secs]
88152.144: [GC (Allocation Failure)  106782K->28523K(257536K), 0.0028717 secs]
88282.022: [GC (Allocation Failure)  106347K->28907K(257536K), 0.0028326 secs]
88410.644: [GC (Allocation Failure)  106731K->29214K(257536K), 0.0028613 secs]
88535.307: [GC (Allocation Failure)  107038K->28746K(257536K), 0.0028710 secs]
88653.964: [GC (Allocation Failure)  106570K->29353K(257536K), 0.0031797 secs]
88784.786: [GC (Allocation Failure)  107177K->28674K(257536K), 0.0028820 secs]
88912.750: [GC (Allocation Failure)  106498K->29246K(257536K), 0.0033339 secs]
89042.098: [GC (Allocation Failure)  107070K->28827K(257536K), 0.0029421 secs]
89165.340: [GC (Allocation Failure)  106651K->29227K(257536K), 0.0028312 secs]
89284.369: [GC (Allocation Failure)  107051K->29649K(257536K), 0.0028896 secs]
89415.205: [GC (Allocation Failure)  107473K->28995K(257536K), 0.0028743 secs]
89544.400: [GC (Allocation Failure)  106819K->29595K(257536K), 0.0031150 secs]
89666.613: [GC (Allocation Failure)  107419K->29574K(257536K), 0.0030779 secs]
89792.148: [GC (Allocation Failure)  107398K->29932K(257536K), 0.0029949 secs]
89910.866: [GC (Allocation Failure)  107756K->30222K(257536K), 0.0031524 secs]
90041.856: [GC (Allocation Failure)  108043K->29686K(257536K), 0.0030555 secs]
90166.672: [GC (Allocation Failure)  107510K->30153K(257536K), 0.0032666 secs]
90249.176: [GC (System.gc())  78885K->29530K(256512K), 0.0026723 secs]
90249.179: [Full GC (System.gc())  29530K->25125K(256512K), 0.0385002 secs]
90376.452: [GC (Allocation Failure)  101925K->27109K(257024K), 0.0026863 secs]
90487.310: [GC (Allocation Failure)  103909K->28604K(257024K), 0.0031377 secs]
90616.745: [GC (Allocation Failure)  105404K->28014K(257024K), 0.0034092 secs]
90745.927: [GC (Allocation Failure)  104814K->28476K(257024K), 0.0033714 secs]
90873.207: [GC (Allocation Failure)  105276K->28285K(257024K), 0.0043901 secs]
91002.068: [GC (Allocation Failure)  105085K->28486K(257536K), 0.0029026 secs]
91114.620: [GC (Allocation Failure)  106310K->28865K(257536K), 0.0032083 secs]
91245.119: [GC (Allocation Failure)  106689K->28619K(257536K), 0.0029121 secs]
91372.230: [GC (Allocation Failure)  106443K->28705K(257536K), 0.0028536 secs]
91504.178: [GC (Allocation Failure)  106529K->28449K(257536K), 0.0028300 secs]
91633.108: [GC (Allocation Failure)  106273K->28788K(257536K), 0.0028931 secs]
91746.638: [GC (Allocation Failure)  106612K->28608K(257536K), 0.0028703 secs]
91875.792: [GC (Allocation Failure)  106432K->28778K(257536K), 0.0031308 secs]
92005.227: [GC (Allocation Failure)  106602K->28784K(257536K), 0.0028134 secs]
92136.126: [GC (Allocation Failure)  106608K->28395K(257536K), 0.0028457 secs]
92264.886: [GC (Allocation Failure)  106219K->28670K(257536K), 0.0042130 secs]
92378.031: [GC (Allocation Failure)  106494K->28701K(257536K), 0.0034932 secs]
92508.058: [GC (Allocation Failure)  106525K->28912K(258048K), 0.0030668 secs]
92637.646: [GC (Allocation Failure)  107760K->28544K(258048K), 0.0028196 secs]
92768.454: [GC (Allocation Failure)  107392K->28963K(258048K), 0.0033521 secs]
92900.427: [GC (Allocation Failure)  107811K->29067K(258048K), 0.0030514 secs]
93016.795: [GC (Allocation Failure)  107915K->28871K(258048K), 0.0030344 secs]
93148.506: [GC (Allocation Failure)  107719K->29263K(258048K), 0.0029059 secs]
93278.526: [GC (Allocation Failure)  108111K->28881K(258048K), 0.0028293 secs]
93411.349: [GC (Allocation Failure)  107729K->29317K(258048K), 0.0029525 secs]
93540.387: [GC (Allocation Failure)  108165K->28830K(258048K), 0.0028666 secs]
93656.868: [GC (Allocation Failure)  107678K->29353K(258048K), 0.0029830 secs]
93780.220: [GC (Allocation Failure)  108201K->29941K(257024K), 0.0030317 secs]
93849.219: [GC (System.gc())  71611K->29233K(257536K), 0.0024487 secs]
93849.222: [Full GC (System.gc())  29233K->25035K(257536K), 0.0395121 secs]
93978.255: [GC (Allocation Failure)  102859K->27051K(257536K), 0.0027836 secs]
94110.891: [GC (Allocation Failure)  104875K->27371K(257536K), 0.0030226 secs]
94233.957: [GC (Allocation Failure)  105195K->27307K(257536K), 0.0031482 secs]
94353.472: [GC (Allocation Failure)  105131K->28715K(257536K), 0.0029290 secs]
94481.924: [GC (Allocation Failure)  106539K->28181K(257536K), 0.0028353 secs]
94610.688: [GC (Allocation Failure)  106005K->28743K(257536K), 0.0033853 secs]
94742.113: [GC (Allocation Failure)  106567K->28153K(257536K), 0.0030022 secs]
94863.879: [GC (Allocation Failure)  105977K->28175K(257536K), 0.0037465 secs]
94981.910: [GC (Allocation Failure)  105999K->28890K(257536K), 0.0029159 secs]
95112.808: [GC (Allocation Failure)  106714K->28232K(257536K), 0.0029668 secs]
95242.825: [GC (Allocation Failure)  106056K->28739K(257536K), 0.0028418 secs]
95375.946: [GC (Allocation Failure)  106563K->28303K(257536K), 0.0027544 secs]
95495.299: [GC (Allocation Failure)  106127K->28573K(257536K), 0.0032335 secs]
95615.721: [GC (Allocation Failure)  106397K->28757K(257536K), 0.0034644 secs]
95744.980: [GC (Allocation Failure)  106581K->28482K(257536K), 0.0028992 secs]
95875.077: [GC (Allocation Failure)  106306K->28930K(257536K), 0.0027532 secs]
96006.371: [GC (Allocation Failure)  106754K->28315K(257536K), 0.0029079 secs]
96125.498: [GC (Allocation Failure)  106139K->28785K(257536K), 0.0030376 secs]
96246.391: [GC (Allocation Failure)  106609K->28642K(257536K), 0.0028327 secs]
96375.844: [GC (Allocation Failure)  106466K->28922K(257536K), 0.0028361 secs]
96506.451: [GC (Allocation Failure)  106746K->29219K(257536K), 0.0027474 secs]
96637.371: [GC (Allocation Failure)  107043K->28630K(257536K), 0.0031301 secs]
96755.554: [GC (Allocation Failure)  106454K->28759K(257536K), 0.0037020 secs]
96877.402: [GC (Allocation Failure)  106583K->28882K(257536K), 0.0029684 secs]
97007.415: [GC (Allocation Failure)  106706K->29090K(258048K), 0.0028425 secs]
97140.837: [GC (Allocation Failure)  107938K->28868K(258048K), 0.0028704 secs]
97273.048: [GC (Allocation Failure)  107716K->29117K(258048K), 0.0028660 secs]
97387.516: [GC (Allocation Failure)  107965K->29149K(258048K), 0.0029375 secs]
97449.263: [GC (System.gc())  68831K->28891K(258048K), 0.0027102 secs]
97449.266: [Full GC (System.gc())  28891K->25106K(258048K), 0.0321596 secs]
97582.333: [GC (Allocation Failure)  103954K->27058K(258048K), 0.0026417 secs]
97716.025: [GC (Allocation Failure)  105906K->27474K(257024K), 0.0027772 secs]
97845.785: [GC (Allocation Failure)  105298K->27154K(257536K), 0.0025425 secs]
97963.819: [GC (Allocation Failure)  104978K->28237K(257536K), 0.0032639 secs]
98080.475: [GC (Allocation Failure)  106061K->28862K(257536K), 0.0030366 secs]
98210.506: [GC (Allocation Failure)  106686K->28950K(257536K), 0.0033709 secs]
98341.012: [GC (Allocation Failure)  106774K->28668K(257536K), 0.0029315 secs]
98471.947: [GC (Allocation Failure)  106492K->28882K(257536K), 0.0028678 secs]
98595.653: [GC (Allocation Failure)  106706K->29010K(257024K), 0.0030371 secs]
98712.486: [GC (Allocation Failure)  106834K->29030K(257024K), 0.0035130 secs]
98840.929: [GC (Allocation Failure)  105830K->29219K(257024K), 0.0042508 secs]
98971.102: [GC (Allocation Failure)  106019K->28943K(257024K), 0.0035545 secs]
99097.922: [GC (Allocation Failure)  105743K->29188K(257024K), 0.0030249 secs]
99222.563: [GC (Allocation Failure)  105988K->29033K(257024K), 0.0028767 secs]
99336.440: [GC (Allocation Failure)  105833K->29046K(257024K), 0.0029330 secs]
99465.081: [GC (Allocation Failure)  105846K->29296K(257024K), 0.0032973 secs]
99594.121: [GC (Allocation Failure)  106096K->28939K(257024K), 0.0030013 secs]
99722.302: [GC (Allocation Failure)  105739K->29398K(257024K), 0.0028907 secs]
99846.318: [GC (Allocation Failure)  106198K->28992K(257024K), 0.0030032 secs]
99957.563: [GC (Allocation Failure)  105792K->29597K(257024K), 0.0037687 secs]
100087.229: [GC (Allocation Failure)  106397K->29727K(257024K), 0.0028484 secs]
100216.540: [GC (Allocation Failure)  106527K->29276K(257024K), 0.0028725 secs]
100345.984: [GC (Allocation Failure)  106076K->29686K(257024K), 0.0028528 secs]
100469.161: [GC (Allocation Failure)  106486K->29353K(257536K), 0.0029750 secs]
100584.134: [GC (Allocation Failure)  107177K->29857K(257536K), 0.0029419 secs]
100716.442: [GC (Allocation Failure)  107681K->29731K(257536K), 0.0030005 secs]
100830.489: [GC (Allocation Failure)  107555K->29967K(257536K), 0.0029909 secs]
100957.681: [GC (Allocation Failure)  107791K->30343K(257536K), 0.0075565 secs]
101049.299: [GC (System.gc())  86460K->29900K(257536K), 0.0033478 secs]
101049.303: [Full GC (System.gc())  29900K->25570K(257536K), 0.0579050 secs]
101166.546: [GC (Allocation Failure)  103394K->28309K(257536K), 0.0034520 secs]
101289.496: [GC (Allocation Failure)  106133K->29306K(257536K), 0.0028572 secs]
101421.451: [GC (Allocation Failure)  107130K->28683K(257536K), 0.0037411 secs]
101550.591: [GC (Allocation Failure)  106507K->29241K(257536K), 0.0028602 secs]
101677.795: [GC (Allocation Failure)  107065K->28840K(257536K), 0.0029165 secs]
101796.187: [GC (Allocation Failure)  106664K->28941K(257536K), 0.0032535 secs]
101919.370: [GC (Allocation Failure)  106765K->29343K(257536K), 0.0031274 secs]
102047.974: [GC (Allocation Failure)  107167K->29265K(257536K), 0.0031014 secs]
102168.005: [GC (Allocation Failure)  107089K->29826K(257536K), 0.0029954 secs]
102300.885: [GC (Allocation Failure)  107650K->29177K(257536K), 0.0030041 secs]
102421.444: [GC (Allocation Failure)  107001K->29468K(257536K), 0.0032713 secs]
102542.507: [GC (Allocation Failure)  107292K->29452K(257536K), 0.0031844 secs]
102670.956: [GC (Allocation Failure)  107276K->29728K(257536K), 0.0031490 secs]
102797.895: [GC (Allocation Failure)  107552K->30016K(257536K), 0.0034342 secs]
102929.516: [GC (Allocation Failure)  107840K->29389K(256512K), 0.0030952 secs]
103047.982: [GC (Allocation Failure)  106189K->29808K(257024K), 0.0034171 secs]
103167.828: [GC (Allocation Failure)  106608K->29669K(257536K), 0.0033270 secs]
103296.880: [GC (Allocation Failure)  106981K->29938K(257024K), 0.0028354 secs]
103422.755: [GC (Allocation Failure)  107250K->29771K(257536K), 0.0032825 secs]
103551.753: [GC (Allocation Failure)  107595K->29861K(257536K), 0.0033785 secs]
103675.917: [GC (Allocation Failure)  107685K->30315K(257536K), 0.0034037 secs]
103794.740: [GC (Allocation Failure)  108139K->29817K(257536K), 0.0147546 secs]
103923.824: [GC (Allocation Failure)  107641K->30096K(257536K), 0.0032009 secs]
104049.958: [GC (Allocation Failure)  107920K->29889K(257536K), 0.0030134 secs]
104178.228: [GC (Allocation Failure)  107713K->30073K(257536K), 0.0029356 secs]
104303.867: [GC (Allocation Failure)  107897K->30435K(257536K), 0.0029787 secs]
104423.252: [GC (Allocation Failure)  108259K->30081K(257536K), 0.0029397 secs]
104552.927: [GC (Allocation Failure)  107905K->30443K(257536K), 0.0030494 secs]
104649.362: [GC (System.gc())  90803K->29995K(257536K), 0.0029657 secs]
104649.365: [Full GC (System.gc())  29995K->25458K(257536K), 0.0268413 secs]
104778.267: [GC (Allocation Failure)  103282K->27410K(254976K), 0.0029585 secs]
104903.933: [GC (Allocation Failure)  105234K->28182K(257024K), 0.0026343 secs]
105019.964: [GC (Allocation Failure)  104982K->28648K(257024K), 0.0028221 secs]
105148.170: [GC (Allocation Failure)  105448K->28836K(257536K), 0.0027764 secs]
105276.582: [GC (Allocation Failure)  106660K->28750K(257536K), 0.0028989 secs]
105405.245: [GC (Allocation Failure)  106574K->28969K(257536K), 0.0028214 secs]
105530.041: [GC (Allocation Failure)  106793K->28604K(257536K), 0.0029402 secs]
105647.114: [GC (Allocation Failure)  106428K->29161K(257536K), 0.0030499 secs]
105773.421: [GC (Allocation Failure)  106985K->29161K(257536K), 0.0030542 secs]
105904.043: [GC (Allocation Failure)  106985K->28833K(257536K), 0.0028572 secs]
106033.084: [GC (Allocation Failure)  106657K->29202K(257536K), 0.0028113 secs]
106159.977: [GC (Allocation Failure)  107026K->28605K(257536K), 0.0029145 secs]
106274.787: [GC (Allocation Failure)  106429K->29245K(257536K), 0.0034351 secs]
106396.734: [GC (Allocation Failure)  107069K->29501K(257536K), 0.0050586 secs]
106527.223: [GC (Allocation Failure)  107325K->29291K(257536K), 0.0030577 secs]
106657.069: [GC (Allocation Failure)  107115K->29726K(257536K), 0.0029485 secs]
106783.839: [GC (Allocation Failure)  107550K->29326K(257536K), 0.0029773 secs]
106898.187: [GC (Allocation Failure)  107150K->29904K(256512K), 0.0032201 secs]
107023.573: [GC (Allocation Failure)  106704K->29616K(257024K), 0.0032034 secs]
107150.122: [GC (Allocation Failure)  106416K->29868K(256512K), 0.0029960 secs]
107278.539: [GC (Allocation Failure)  106668K->30000K(257024K), 0.0029468 secs]
107405.230: [GC (Allocation Failure)  106800K->29617K(257024K), 0.0028406 secs]
107517.526: [GC (Allocation Failure)  106417K->30136K(257024K), 0.0030628 secs]
107643.648: [GC (Allocation Failure)  106936K->29656K(257024K), 0.0030440 secs]
107770.292: [GC (Allocation Failure)  106456K->29924K(257024K), 0.0028969 secs]
107898.489: [GC (Allocation Failure)  106724K->30152K(256512K), 0.0028073 secs]
108026.121: [GC (Allocation Failure)  106952K->29658K(257024K), 0.0028997 secs]
108137.436: [GC (Allocation Failure)  106458K->30291K(256512K), 0.0030533 secs]
108249.394: [GC (System.gc())  99280K->29786K(257024K), 0.0027806 secs]
108249.397: [Full GC (System.gc())  29786K->25469K(257024K), 0.0292207 secs]
108377.470: [GC (Allocation Failure)  102269K->27485K(257024K), 0.0027690 secs]
108507.137: [GC (Allocation Failure)  104285K->27901K(257024K), 0.0027613 secs]
108636.250: [GC (Allocation Failure)  104701K->27421K(257024K), 0.0026896 secs]
108744.065: [GC (Allocation Failure)  104221K->29076K(257024K), 0.0028943 secs]
108848.717: [GC (Allocation Failure)  105876K->29336K(257024K), 0.0039513 secs]
108972.815: [GC (Allocation Failure)  106136K->29466K(257024K), 0.0184270 secs]
109100.420: [GC (Allocation Failure)  106266K->29721K(256000K), 0.0035025 secs]
109228.241: [GC (Allocation Failure)  105497K->29067K(256512K), 0.0029498 secs]
109340.957: [GC (Allocation Failure)  104843K->29734K(256000K), 0.0030071 secs]
109438.998: [GC (Allocation Failure)  105510K->29845K(256512K), 0.0031817 secs]
109560.151: [GC (Allocation Failure)  105621K->29976K(256512K), 0.0034612 secs]
109682.464: [GC (Allocation Failure)  105752K->30299K(256000K), 0.0032426 secs]
109804.503: [GC (Allocation Failure)  106075K->29845K(256000K), 0.0031245 secs]
109920.572: [GC (Allocation Failure)  104597K->29977K(256000K), 0.0030388 secs]
110024.532: [GC (Allocation Failure)  104729K->29889K(256000K), 0.0031204 secs]
110144.066: [GC (Allocation Failure)  104641K->29850K(256000K), 0.0032465 secs]
110264.092: [GC (Allocation Failure)  104602K->30119K(256512K), 0.0032934 secs]
110386.550: [GC (Allocation Failure)  105895K->29809K(256512K), 0.0032376 secs]
110507.793: [GC (Allocation Failure)  105585K->30010K(256512K), 0.0030549 secs]
110614.045: [GC (Allocation Failure)  105786K->30205K(256512K), 0.0087060 secs]
110727.487: [GC (Allocation Failure)  105981K->30306K(256512K), 0.0041757 secs]
110847.709: [GC (Allocation Failure)  106082K->30545K(256512K), 0.0038447 secs]
110968.970: [GC (Allocation Failure)  106321K->30349K(256512K), 0.0031644 secs]
111090.707: [GC (Allocation Failure)  106125K->30631K(256512K), 0.0099244 secs]
111199.000: [GC (Allocation Failure)  106407K->30861K(257024K), 0.0030959 secs]
111308.912: [GC (Allocation Failure)  107149K->30737K(256512K), 0.0030514 secs]
111430.772: [GC (Allocation Failure)  107025K->31051K(257024K), 0.0033292 secs]
111549.047: [GC (Allocation Failure)  107851K->30849K(257024K), 0.0030285 secs]
111672.631: [GC (Allocation Failure)  107649K->31072K(257024K), 0.0030381 secs]
111792.791: [GC (Allocation Failure)  107872K->31234K(257024K), 0.0032220 secs]
111849.428: [GC (System.gc())  71142K->30823K(257024K), 0.0029287 secs]
111849.431: [Full GC (System.gc())  30823K->26375K(257024K), 0.0284092 secs]
111960.893: [GC (Allocation Failure)  103175K->29183K(257024K), 0.0028412 secs]
112085.893: [GC (Allocation Failure)  105983K->29554K(256000K), 0.0027415 secs]
112207.697: [GC (Allocation Failure)  105330K->29260K(256512K), 0.0030612 secs]
112328.038: [GC (Allocation Failure)  105036K->29754K(256512K), 0.0029096 secs]
112444.292: [GC (Allocation Failure)  105530K->29649K(256512K), 0.0028392 secs]
112550.796: [GC (Allocation Failure)  105425K->30372K(257024K), 0.0029861 secs]
112674.306: [GC (Allocation Failure)  106660K->30405K(256512K), 0.0031782 secs]
112797.962: [GC (Allocation Failure)  106693K->29869K(257024K), 0.0029745 secs]
112919.309: [GC (Allocation Failure)  106669K->30349K(257024K), 0.0029086 secs]
113040.885: [GC (Allocation Failure)  107149K->29856K(257024K), 0.0031177 secs]
113146.248: [GC (Allocation Failure)  106656K->30321K(257024K), 0.0033497 secs]
113269.238: [GC (Allocation Failure)  107121K->30496K(257024K), 0.0031248 secs]
113394.396: [GC (Allocation Failure)  107296K->30002K(257024K), 0.0029566 secs]
113516.305: [GC (Allocation Failure)  106802K->30437K(257024K), 0.0030534 secs]
113638.219: [GC (Allocation Failure)  107237K->29969K(257024K), 0.0031968 secs]
113754.325: [GC (Allocation Failure)  106769K->30450K(257024K), 0.0030161 secs]
113866.226: [GC (Allocation Failure)  107250K->30733K(257024K), 0.0034141 secs]
113989.447: [GC (Allocation Failure)  107533K->30148K(257024K), 0.0029334 secs]
114113.119: [GC (Allocation Failure)  106948K->30631K(257024K), 0.0031475 secs]
114234.406: [GC (Allocation Failure)  107431K->30354K(257536K), 0.0030296 secs]
114352.977: [GC (Allocation Failure)  108178K->30586K(257536K), 0.0029378 secs]
114466.214: [GC (Allocation Failure)  108410K->31108K(257536K), 0.0035343 secs]
114592.916: [GC (Allocation Failure)  108931K->30275K(257536K), 0.0030324 secs]
114716.503: [GC (Allocation Failure)  108099K->30890K(257536K), 0.0030503 secs]
114833.222: [GC (Allocation Failure)  108714K->30912K(257536K), 0.0031978 secs]
114954.596: [GC (Allocation Failure)  108736K->31208K(257536K), 0.0040961 secs]
115065.817: [GC (Allocation Failure)  109032K->31632K(257536K), 0.0037054 secs]
115190.397: [GC (Allocation Failure)  109456K->31066K(257536K), 0.0030794 secs]
115316.037: [GC (Allocation Failure)  108890K->31433K(257536K), 0.0031056 secs]
115438.462: [GC (Allocation Failure)  109257K->31082K(257536K), 0.0029300 secs]
115449.461: [GC (System.gc())  39373K->30803K(257536K), 0.0021399 secs]
115449.463: [Full GC (System.gc())  30803K->26019K(257536K), 0.0343403 secs]
115573.860: [GC (Allocation Failure)  103843K->28131K(256512K), 0.0026389 secs]
115679.670: [GC (Allocation Failure)  104931K->29850K(257024K), 0.0029867 secs]
115804.708: [GC (Allocation Failure)  106650K->29435K(257024K), 0.0056361 secs]
115927.928: [GC (Allocation Failure)  106235K->29590K(257024K), 0.0030089 secs]
116048.270: [GC (Allocation Failure)  106390K->29408K(257536K), 0.0029209 secs]
116172.283: [GC (Allocation Failure)  107232K->29608K(257536K), 0.0033020 secs]
116286.175: [GC (Allocation Failure)  107432K->29674K(257536K), 0.0029714 secs]
116406.470: [GC (Allocation Failure)  107498K->29591K(257536K), 0.0029952 secs]
116529.615: [GC (Allocation Failure)  107415K->29916K(257536K), 0.0030184 secs]
116652.418: [GC (Allocation Failure)  107740K->29596K(257536K), 0.0031424 secs]
116778.344: [GC (Allocation Failure)  107420K->29736K(257536K), 0.0030515 secs]
116896.540: [GC (Allocation Failure)  107560K->30154K(257536K), 0.0029752 secs]
117007.432: [GC (Allocation Failure)  107978K->30158K(257536K), 0.0030987 secs]
117126.015: [GC (Allocation Failure)  107982K->30432K(257536K), 0.0030510 secs]
117247.805: [GC (Allocation Failure)  108256K->30098K(256512K), 0.0030038 secs]
117369.403: [GC (Allocation Failure)  106898K->30352K(257024K), 0.0030392 secs]
117487.858: [GC (Allocation Failure)  107152K->30289K(257024K), 0.0031385 secs]
117598.440: [GC (Allocation Failure)  107089K->29989K(257024K), 0.0029496 secs]
117720.530: [GC (Allocation Failure)  106789K->30300K(257536K), 0.0033286 secs]
117843.649: [GC (Allocation Failure)  107612K->29927K(257024K), 0.0032053 secs]
117968.213: [GC (Allocation Failure)  107239K->30180K(257536K), 0.0032347 secs]
118092.898: [GC (Allocation Failure)  108004K->30338K(257536K), 0.0030904 secs]
118202.632: [GC (Allocation Failure)  108158K->30205K(257536K), 0.0030195 secs]
118327.874: [GC (Allocation Failure)  108029K->30510K(257536K), 0.0028946 secs]
118450.028: [GC (Allocation Failure)  108334K->30099K(257536K), 0.0030700 secs]
118575.520: [GC (Allocation Failure)  107923K->30378K(257536K), 0.0029505 secs]
118701.801: [GC (Allocation Failure)  108202K->30528K(257536K), 0.0029557 secs]
118812.845: [GC (Allocation Failure)  108351K->30066K(257536K), 0.0146513 secs]
118936.446: [GC (Allocation Failure)  107890K->30614K(257536K), 0.0030340 secs]
119049.499: [GC (System.gc())  105630K->30608K(257536K), 0.0027779 secs]
119049.502: [Full GC (System.gc())  30608K->25966K(257536K), 0.0319646 secs]
119172.933: [GC (Allocation Failure)  103790K->27982K(257536K), 0.0025706 secs]
119299.823: [GC (Allocation Failure)  105806K->28398K(257536K), 0.0026359 secs]
119419.844: [GC (Allocation Failure)  106222K->28462K(257536K), 0.0029140 secs]
119533.913: [GC (Allocation Failure)  106286K->29655K(257536K), 0.0033917 secs]
119658.124: [GC (Allocation Failure)  107479K->29241K(257536K), 0.0029940 secs]
119781.200: [GC (Allocation Failure)  107065K->29657K(257536K), 0.0031331 secs]
119909.059: [GC (Allocation Failure)  107481K->29739K(257536K), 0.0032876 secs]
120029.791: [GC (Allocation Failure)  107563K->29195K(257536K), 0.0029060 secs]
120141.273: [GC (Allocation Failure)  107019K->29867K(257536K), 0.0029726 secs]
120265.727: [GC (Allocation Failure)  107691K->29463K(257536K), 0.0033642 secs]
120390.053: [GC (Allocation Failure)  107287K->29815K(257536K), 0.0029760 secs]
120517.024: [GC (Allocation Failure)  107639K->29899K(257536K), 0.0029593 secs]
120639.989: [GC (Allocation Failure)  107723K->29547K(257536K), 0.0028804 secs]
120750.006: [GC (Allocation Failure)  107371K->30123K(257536K), 0.0030864 secs]
120874.222: [GC (Allocation Failure)  107947K->29515K(257536K), 0.0030081 secs]
120999.238: [GC (Allocation Failure)  107339K->29856K(257536K), 0.0028508 secs]
121125.421: [GC (Allocation Failure)  107680K->29711K(257536K), 0.0029634 secs]
121249.279: [GC (Allocation Failure)  107535K->29777K(257536K), 0.0029266 secs]
121357.635: [GC (Allocation Failure)  107601K->30126K(257536K), 0.0032840 secs]
121480.852: [GC (Allocation Failure)  107950K->29808K(257536K), 0.0029019 secs]
121606.897: [GC (Allocation Failure)  107632K->30064K(257536K), 0.0029361 secs]
121733.064: [GC (Allocation Failure)  107888K->29779K(257536K), 0.0029482 secs]
121858.909: [GC (Allocation Failure)  107603K->30058K(257536K), 0.0029142 secs]
121965.614: [GC (Allocation Failure)  107882K->30419K(257536K), 0.0032582 secs]
122090.139: [GC (Allocation Failure)  108243K->29975K(257536K), 0.0032398 secs]
122215.537: [GC (Allocation Failure)  107799K->30294K(257536K), 0.0031681 secs]
122340.515: [GC (Allocation Failure)  108118K->30045K(257536K), 0.0030711 secs]
122467.021: [GC (Allocation Failure)  107869K->30229K(257536K), 0.0028664 secs]
122580.531: [GC (Allocation Failure)  108053K->30369K(258048K), 0.0032794 secs]
122649.535: [GC (System.gc())  78526K->30091K(258048K), 0.0030176 secs]
122649.538: [Full GC (System.gc())  30091K->25978K(258048K), 0.0292953 secs]
122776.020: [GC (Allocation Failure)  104826K->27994K(257024K), 0.0027496 secs]
122900.580: [GC (Allocation Failure)  105818K->28570K(257536K), 0.0027928 secs]
123029.153: [GC (Allocation Failure)  106394K->27994K(257536K), 0.0026608 secs]
123146.065: [GC (Allocation Failure)  105818K->28798K(257536K), 0.0027549 secs]
123252.213: [GC (Allocation Failure)  106622K->29879K(257536K), 0.0029920 secs]
123379.039: [GC (Allocation Failure)  107703K->29963K(257024K), 0.0028622 secs]
123504.544: [GC (Allocation Failure)  107787K->30121K(257024K), 0.0029187 secs]
123629.270: [GC (Allocation Failure)  106921K->29736K(257024K), 0.0030846 secs]
123750.978: [GC (Allocation Failure)  106536K->30089K(257024K), 0.0029669 secs]
123855.856: [GC (Allocation Failure)  106889K->30085K(257024K), 0.0033182 secs]
123979.650: [GC (Allocation Failure)  106885K->30116K(257024K), 0.0030575 secs]
124103.989: [GC (Allocation Failure)  106916K->30180K(256512K), 0.0030345 secs]
124229.191: [GC (Allocation Failure)  106980K->29810K(257024K), 0.0030056 secs]
124350.453: [GC (Allocation Failure)  106098K->30236K(256512K), 0.0031316 secs]
124465.935: [GC (Allocation Failure)  106524K->30026K(256512K), 0.0030403 secs]
124575.837: [GC (Allocation Failure)  105802K->30277K(256512K), 0.0030319 secs]
124699.218: [GC (Allocation Failure)  106053K->30349K(256512K), 0.0028823 secs]
124820.517: [GC (Allocation Failure)  106125K->30104K(256512K), 0.0029707 secs]
124942.661: [GC (Allocation Failure)  105880K->30418K(257024K), 0.0028913 secs]
125060.186: [GC (Allocation Failure)  107218K->30092K(257024K), 0.0030265 secs]
125170.472: [GC (Allocation Failure)  106892K->30554K(257024K), 0.0029085 secs]
125294.859: [GC (Allocation Failure)  107354K->30706K(257024K), 0.0032255 secs]
125419.853: [GC (Allocation Failure)  107506K->30412K(257024K), 0.0030550 secs]
125542.754: [GC (Allocation Failure)  107212K->30801K(257024K), 0.0048535 secs]
125660.615: [GC (Allocation Failure)  107601K->30443K(257536K), 0.0032267 secs]
125770.961: [GC (Allocation Failure)  108267K->30797K(257536K), 0.0029898 secs]
125899.345: [GC (Allocation Failure)  108621K->30966K(257536K), 0.0029256 secs]
126025.834: [GC (Allocation Failure)  108790K->30429K(257536K), 0.0029343 secs]
126150.301: [GC (Allocation Failure)  108253K->30992K(257536K), 0.0029207 secs]
126249.569: [GC (System.gc())  93893K->30458K(257536K), 0.0027857 secs]
126249.572: [Full GC (System.gc())  30458K->25892K(257536K), 0.0270295 secs]
126364.918: [GC (Allocation Failure)  103716K->28585K(257536K), 0.0033897 secs]
126482.047: [GC (Allocation Failure)  106409K->29532K(257536K), 0.0029714 secs]
126609.685: [GC (Allocation Failure)  107356K->28924K(257536K), 0.0031245 secs]
126732.932: [GC (Allocation Failure)  106748K->29427K(257536K), 0.0030460 secs]
126856.494: [GC (Allocation Failure)  107251K->29227K(257536K), 0.0031215 secs]
126976.151: [GC (Allocation Failure)  107051K->29643K(257536K), 0.0036567 secs]
127090.685: [GC (Allocation Failure)  107467K->29921K(257536K), 0.0031740 secs]
127216.537: [GC (Allocation Failure)  107745K->29216K(257536K), 0.0032798 secs]
127340.718: [GC (Allocation Failure)  107040K->29762K(257536K), 0.0072544 secs]
127459.822: [GC (Allocation Failure)  107586K->29809K(257536K), 0.0029533 secs]
127580.236: [GC (Allocation Failure)  107633K->29905K(257536K), 0.0073871 secs]
127691.193: [GC (Allocation Failure)  107729K->30333K(257536K), 0.0031068 secs]
127820.173: [GC (Allocation Failure)  108157K->29649K(256512K), 0.0033450 secs]
127941.215: [GC (Allocation Failure)  106449K->30113K(257024K), 0.0029548 secs]
128065.258: [GC (Allocation Failure)  106913K->29793K(257024K), 0.0030961 secs]
128186.261: [GC (Allocation Failure)  106593K->29991K(257024K), 0.0029256 secs]
128295.296: [GC (Allocation Failure)  106791K->30457K(257024K), 0.0029794 secs]
128420.257: [GC (Allocation Failure)  107257K->29950K(257024K), 0.0030934 secs]
128542.486: [GC (Allocation Failure)  106750K->30231K(257024K), 0.0029944 secs]
128665.883: [GC (Allocation Failure)  107031K->30034K(257024K), 0.0030497 secs]
128789.733: [GC (Allocation Failure)  106834K->30108K(257536K), 0.0125143 secs]
128896.542: [GC (Allocation Failure)  107932K->30629K(257536K), 0.0033023 secs]
129023.257: [GC (Allocation Failure)  108453K->30084K(257536K), 0.0029902 secs]
129149.691: [GC (Allocation Failure)  107908K->30532K(257536K), 0.0032152 secs]
129271.060: [GC (Allocation Failure)  108356K->30301K(257536K), 0.0029725 secs]
129397.969: [GC (Allocation Failure)  108125K->30405K(257536K), 0.0028724 secs]
129514.405: [GC (Allocation Failure)  108229K->30401K(257536K), 0.0064505 secs]
129631.437: [GC (Allocation Failure)  108225K->30322K(257536K), 0.0029945 secs]
129756.659: [GC (Allocation Failure)  108146K->30523K(257536K), 0.0030110 secs]
129849.601: [GC (System.gc())  89012K->30339K(257536K), 0.0027679 secs]
129849.604: [Full GC (System.gc())  30339K->25965K(257536K), 0.0315460 secs]
129973.392: [GC (Allocation Failure)  103789K->27981K(256512K), 0.0025842 secs]
130094.494: [GC (Allocation Failure)  104781K->28607K(257024K), 0.0028615 secs]
130206.124: [GC (Allocation Failure)  105407K->29238K(257024K), 0.0029576 secs]
130329.023: [GC (Allocation Failure)  106038K->29386K(257024K), 0.0028645 secs]
130450.234: [GC (Allocation Failure)  106186K->29367K(257536K), 0.0028342 secs]
130575.388: [GC (Allocation Failure)  107191K->29514K(257536K), 0.0029157 secs]
130700.057: [GC (Allocation Failure)  107338K->29569K(257536K), 0.0028911 secs]
130810.577: [GC (Allocation Failure)  107393K->29412K(257536K), 0.0030693 secs]
130935.255: [GC (Allocation Failure)  107236K->29719K(257536K), 0.0029447 secs]
131058.416: [GC (Allocation Failure)  107543K->29444K(257536K), 0.0028592 secs]
131183.171: [GC (Allocation Failure)  107268K->29655K(257536K), 0.0029026 secs]
131310.647: [GC (Allocation Failure)  107479K->29732K(257536K), 0.0030686 secs]
131419.958: [GC (Allocation Failure)  107556K->29504K(257536K), 0.0029615 secs]
131541.682: [GC (Allocation Failure)  107328K->29797K(257536K), 0.0033668 secs]
131661.227: [GC (Allocation Failure)  107621K->29803K(257536K), 0.0034691 secs]
131786.920: [GC (Allocation Failure)  107627K->30189K(257536K), 0.0031152 secs]
131911.739: [GC (Allocation Failure)  108013K->30133K(257536K), 0.0115438 secs]
132031.271: [GC (Allocation Failure)  107957K->29738K(257536K), 0.0038924 secs]
132147.025: [GC (Allocation Failure)  107562K->30621K(257536K), 0.0030018 secs]
132270.490: [GC (Allocation Failure)  108445K->30103K(257536K), 0.0030699 secs]
132395.899: [GC (Allocation Failure)  107927K->30485K(256512K), 0.0030188 secs]
132520.255: [GC (Allocation Failure)  107285K->30486K(257024K), 0.0031349 secs]
132638.629: [GC (Allocation Failure)  107286K->30269K(257024K), 0.0033798 secs]
132750.473: [GC (Allocation Failure)  107069K->30857K(257024K), 0.0032897 secs]
132871.363: [GC (Allocation Failure)  107657K->30247K(257024K), 0.0029936 secs]
132995.987: [GC (Allocation Failure)  107047K->30636K(257024K), 0.0030835 secs]
133120.485: [GC (Allocation Failure)  107436K->30589K(257024K), 0.0031098 secs]
133241.395: [GC (Allocation Failure)  107389K->30424K(257024K), 0.0030380 secs]
133350.462: [GC (Allocation Failure)  107224K->31028K(257024K), 0.0032287 secs]
133449.637: [GC (System.gc())  94137K->30430K(257024K), 0.0030161 secs]
133449.640: [Full GC (System.gc())  30430K->25979K(257024K), 0.0266956 secs]
133571.434: [GC (Allocation Failure)  102779K->28123K(257024K), 0.0026451 secs]
133696.285: [GC (Allocation Failure)  104923K->28507K(257024K), 0.0027570 secs]
133820.995: [GC (Allocation Failure)  105307K->28059K(256000K), 0.0029862 secs]
133929.057: [GC (Allocation Failure)  103835K->29316K(256512K), 0.0032891 secs]
134046.138: [GC (Allocation Failure)  105092K->29440K(257024K), 0.0030849 secs]
134168.844: [GC (Allocation Failure)  106240K->29615K(257024K), 0.0031437 secs]
134291.516: [GC (Allocation Failure)  106415K->29925K(257024K), 0.0034307 secs]
134417.289: [GC (Allocation Failure)  106725K->29368K(257024K), 0.0028746 secs]
134534.046: [GC (Allocation Failure)  106168K->29855K(257024K), 0.0029481 secs]
134644.066: [GC (Allocation Failure)  106655K->29605K(257024K), 0.0029118 secs]
134767.398: [GC (Allocation Failure)  106405K->29700K(257024K), 0.0030743 secs]
134891.150: [GC (Allocation Failure)  106500K->30089K(257024K), 0.0039202 secs]
135016.498: [GC (Allocation Failure)  106889K->29513K(257024K), 0.0030676 secs]
135136.170: [GC (Allocation Failure)  106313K->29701K(257024K), 0.0055922 secs]
135242.815: [GC (Allocation Failure)  106501K->29715K(257536K), 0.0031409 secs]
135369.009: [GC (Allocation Failure)  107539K->29828K(257536K), 0.0030236 secs]
135493.681: [GC (Allocation Failure)  107652K->30033K(257536K), 0.0032208 secs]
135621.249: [GC (Allocation Failure)  107857K->29696K(257536K), 0.0031131 secs]
135741.669: [GC (Allocation Failure)  107520K->30080K(257536K), 0.0033485 secs]
135846.587: [GC (Allocation Failure)  107904K->30296K(257536K), 0.0036919 secs]
135971.221: [GC (Allocation Failure)  108120K->30343K(257536K), 0.0029504 secs]
136096.418: [GC (Allocation Failure)  108167K->30647K(257536K), 0.0028957 secs]
136222.286: [GC (Allocation Failure)  108471K->30255K(257536K), 0.0028044 secs]
136349.143: [GC (Allocation Failure)  108079K->30651K(257536K), 0.0029074 secs]
136456.359: [GC (Allocation Failure)  108475K->30377K(257536K), 0.0034186 secs]
136580.025: [GC (Allocation Failure)  108201K->30705K(257536K), 0.0030932 secs]
136706.022: [GC (Allocation Failure)  108529K->30755K(257536K), 0.0031200 secs]
136831.802: [GC (Allocation Failure)  108579K->30441K(257536K), 0.0031167 secs]
136956.432: [GC (Allocation Failure)  108265K->30593K(257536K), 0.0073736 secs]
137049.669: [GC (System.gc())  93574K->30521K(257536K), 0.0029445 secs]
137049.672: [Full GC (System.gc())  30521K->26012K(257536K), 0.0324640 secs]
137162.329: [GC (Allocation Failure)  103836K->28751K(257536K), 0.0030041 secs]
137289.270: [GC (Allocation Failure)  106575K->29199K(257536K), 0.0029014 secs]
137414.455: [GC (Allocation Failure)  107023K->28866K(257536K), 0.0029244 secs]
137540.694: [GC (Allocation Failure)  106690K->29231K(257536K), 0.0031252 secs]
137660.483: [GC (Allocation Failure)  107055K->29204K(257536K), 0.0030920 secs]
137771.361: [GC (Allocation Failure)  107028K->29722K(257536K), 0.0029558 secs]
137897.625: [GC (Allocation Failure)  107546K->29748K(257536K), 0.0032246 secs]
138022.519: [GC (Allocation Failure)  107572K->29465K(257536K), 0.0031068 secs]
138149.384: [GC (Allocation Failure)  107289K->29811K(257536K), 0.0032323 secs]
138269.609: [GC (Allocation Failure)  107635K->29392K(257536K), 0.0029794 secs]
138380.140: [GC (Allocation Failure)  107216K->29761K(257536K), 0.0030264 secs]
138506.508: [GC (Allocation Failure)  107585K->29903K(257536K), 0.0031217 secs]
138631.998: [GC (Allocation Failure)  107727K->29378K(257536K), 0.0033392 secs]
138756.660: [GC (Allocation Failure)  107202K->29716K(257536K), 0.0034076 secs]
138881.128: [GC (Allocation Failure)  107540K->29397K(257536K), 0.0030281 secs]
138987.904: [GC (Allocation Failure)  107221K->29927K(257536K), 0.0031919 secs]
139113.004: [GC (Allocation Failure)  107751K->29987K(257536K), 0.0029078 secs]
139240.940: [GC (Allocation Failure)  107811K->29666K(257536K), 0.0030679 secs]
139362.079: [GC (Allocation Failure)  107490K->30109K(257536K), 0.0031724 secs]
139489.562: [GC (Allocation Failure)  107933K->29738K(257536K), 0.0030047 secs]
139601.288: [GC (Allocation Failure)  107562K->29831K(257536K), 0.0034440 secs]
139722.142: [GC (Allocation Failure)  107655K->30046K(257536K), 0.0029776 secs]
139847.987: [GC (Allocation Failure)  107870K->30004K(257536K), 0.0028783 secs]
139963.915: [GC (Allocation Failure)  107828K->30707K(257536K), 0.0029936 secs]
140091.599: [GC (Allocation Failure)  108531K->30180K(257536K), 0.0028885 secs]
140210.367: [GC (Allocation Failure)  108004K->30807K(257536K), 0.0029310 secs]
140324.271: [GC (Allocation Failure)  108631K->30588K(257536K), 0.0029878 secs]
140450.416: [GC (Allocation Failure)  108412K->30616K(257536K), 0.0028972 secs]
140572.205: [GC (Allocation Failure)  108440K->30928K(257536K), 0.0032892 secs]
140649.706: [GC (System.gc())  78226K->30336K(257536K), 0.0028993 secs]
140649.709: [Full GC (System.gc())  30336K->25897K(257536K), 0.0382641 secs]
140772.885: [GC (Allocation Failure)  103721K->27945K(256512K), 0.0027905 secs]
140881.713: [GC (Allocation Failure)  104745K->29600K(257024K), 0.0068643 secs]
141007.098: [GC (Allocation Failure)  106400K->29005K(257024K), 0.0030819 secs]
141129.491: [GC (Allocation Failure)  105805K->29444K(257024K), 0.0032736 secs]
141251.428: [GC (Allocation Failure)  106244K->29279K(257536K), 0.0032565 secs]
141376.498: [GC (Allocation Failure)  107103K->29445K(257536K), 0.0031196 secs]
141488.200: [GC (Allocation Failure)  107269K->29549K(257536K), 0.0037951 secs]
141611.506: [GC (Allocation Failure)  107373K->29293K(257536K), 0.0029963 secs]
141736.605: [GC (Allocation Failure)  107117K->29568K(257536K), 0.0029027 secs]
141859.595: [GC (Allocation Failure)  107392K->29371K(257536K), 0.0028416 secs]
141983.034: [GC (Allocation Failure)  107195K->29517K(257536K), 0.0029383 secs]
142102.990: [GC (Allocation Failure)  107341K->29857K(257536K), 0.0028978 secs]
142219.954: [GC (Allocation Failure)  107681K->29459K(257536K), 0.0028690 secs]
142343.085: [GC (Allocation Failure)  107283K->29650K(257536K), 0.0027881 secs]
142468.273: [GC (Allocation Failure)  107474K->29391K(257536K), 0.0031942 secs]
142592.498: [GC (Allocation Failure)  107215K->29691K(257536K), 0.0031993 secs]
142712.518: [GC (Allocation Failure)  107515K->29897K(257536K), 0.0028285 secs]
142828.318: [GC (Allocation Failure)  107721K->29560K(257536K), 0.0029075 secs]
142952.457: [GC (Allocation Failure)  107384K->29859K(257536K), 0.0029161 secs]
143076.516: [GC (Allocation Failure)  107683K->29740K(257536K), 0.0029875 secs]
143202.293: [GC (Allocation Failure)  107564K->29933K(258048K), 0.0030474 secs]
143324.608: [GC (Allocation Failure)  108781K->29668K(258048K), 0.0036435 secs]
143439.812: [GC (Allocation Failure)  108516K->29929K(258048K), 0.0029856 secs]
143562.525: [GC (Allocation Failure)  108777K->30131K(258048K), 0.0031962 secs]
143691.266: [GC (Allocation Failure)  108979K->29791K(258048K), 0.0030171 secs]
143818.097: [GC (Allocation Failure)  108639K->30289K(258048K), 0.0029698 secs]
143942.505: [GC (Allocation Failure)  109137K->29833K(258048K), 0.0028708 secs]
144052.954: [GC (Allocation Failure)  108681K->30415K(258048K), 0.0029308 secs]
144172.589: [GC (Allocation Failure)  109263K->30870K(257024K), 0.0029329 secs]
144249.749: [GC (System.gc())  78284K->30420K(257536K), 0.0045143 secs]
144249.753: [Full GC (System.gc())  30420K->25861K(257536K), 0.0293746 secs]
144372.824: [GC (Allocation Failure)  103685K->27941K(257536K), 0.0026651 secs]
144500.549: [GC (Allocation Failure)  105765K->28261K(257536K), 0.0027631 secs]
144620.626: [GC (Allocation Failure)  106085K->28343K(256512K), 0.0028237 secs]
144732.501: [GC (Allocation Failure)  105143K->29537K(257024K), 0.0035995 secs]
144853.097: [GC (Allocation Failure)  106337K->29118K(257536K), 0.0029202 secs]
144978.580: [GC (Allocation Failure)  106430K->29456K(257024K), 0.0029359 secs]
145102.863: [GC (Allocation Failure)  106768K->29578K(257536K), 0.0028612 secs]
145223.270: [GC (Allocation Failure)  107402K->29259K(257536K), 0.0028096 secs]
145338.072: [GC (Allocation Failure)  107083K->29803K(257536K), 0.0030410 secs]
145461.595: [GC (Allocation Failure)  107627K->29291K(257536K), 0.0028492 secs]
145584.888: [GC (Allocation Failure)  107115K->29629K(257536K), 0.0030581 secs]
145712.631: [GC (Allocation Failure)  107453K->29763K(257536K), 0.0027776 secs]
145835.629: [GC (Allocation Failure)  107587K->29264K(257536K), 0.0030941 secs]
145945.648: [GC (Allocation Failure)  107088K->29852K(257536K), 0.0029534 secs]
146070.166: [GC (Allocation Failure)  107676K->29360K(257536K), 0.0032183 secs]
146193.006: [GC (Allocation Failure)  107184K->29733K(257536K), 0.0028974 secs]
146320.617: [GC (Allocation Failure)  107557K->29800K(257536K), 0.0031469 secs]
146444.087: [GC (Allocation Failure)  107624K->29490K(257536K), 0.0043605 secs]
146553.008: [GC (Allocation Failure)  107314K->30260K(257536K), 0.0029184 secs]
146678.399: [GC (Allocation Failure)  108084K->29751K(257536K), 0.0029493 secs]
146802.888: [GC (Allocation Failure)  107575K->30047K(257536K), 0.0028626 secs]
146928.840: [GC (Allocation Failure)  107871K->29871K(257536K), 0.0028608 secs]
147053.104: [GC (Allocation Failure)  107695K->30034K(257536K), 0.0029083 secs]
147162.933: [GC (Allocation Failure)  107858K->30128K(257536K), 0.0033354 secs]
147285.841: [GC (Allocation Failure)  107952K->30087K(257536K), 0.0029521 secs]
147410.824: [GC (Allocation Failure)  107911K->30300K(257536K), 0.0034385 secs]
147537.627: [GC (Allocation Failure)  108124K->30091K(257536K), 0.0029980 secs]
147662.900: [GC (Allocation Failure)  107915K->30249K(257536K), 0.0030781 secs]
147777.790: [GC (Allocation Failure)  108073K->30564K(257536K), 0.0028357 secs]
147849.785: [GC (System.gc())  81347K->30250K(257536K), 0.0028608 secs]
147849.788: [Full GC (System.gc())  30250K->26031K(257536K), 0.0289272 secs]
147973.653: [GC (Allocation Failure)  103855K->28079K(257536K), 0.0028743 secs]
148101.265: [GC (Allocation Failure)  105903K->28527K(257536K), 0.0026815 secs]
148228.103: [GC (Allocation Failure)  106351K->28143K(257536K), 0.0028323 secs]
148345.917: [GC (Allocation Failure)  105967K->28899K(257536K), 0.0028926 secs]
148452.453: [GC (Allocation Failure)  106723K->29926K(256512K), 0.0031190 secs]
148573.886: [GC (Allocation Failure)  106726K->29997K(257024K), 0.0029216 secs]
148699.208: [GC (Allocation Failure)  106797K->30116K(257024K), 0.0031025 secs]
148823.111: [GC (Allocation Failure)  106916K->29829K(257024K), 0.0029509 secs]
148948.117: [GC (Allocation Failure)  106629K->30170K(257024K), 0.0028223 secs]
149053.342: [GC (Allocation Failure)  106970K->29759K(257024K), 0.0036819 secs]
149173.837: [GC (Allocation Failure)  106559K->30136K(257024K), 0.0029503 secs]
149299.155: [GC (Allocation Failure)  106936K->30276K(257024K), 0.0028930 secs]
149423.176: [GC (Allocation Failure)  107076K->29927K(257024K), 0.0030052 secs]
149547.077: [GC (Allocation Failure)  106727K->30161K(257024K), 0.0030381 secs]
149662.619: [GC (Allocation Failure)  106961K->30030K(257024K), 0.0032009 secs]
149773.218: [GC (Allocation Failure)  106830K->30339K(257024K), 0.0029546 secs]
149898.965: [GC (Allocation Failure)  107139K->30261K(257024K), 0.0030743 secs]
150023.063: [GC (Allocation Failure)  107061K->30059K(257024K), 0.0029911 secs]
150145.443: [GC (Allocation Failure)  106859K->30494K(257024K), 0.0027874 secs]
150262.429: [GC (Allocation Failure)  107294K->30196K(257024K), 0.0036117 secs]
150373.282: [GC (Allocation Failure)  106996K->30566K(257024K), 0.0031921 secs]
150499.075: [GC (Allocation Failure)  107366K->30466K(257024K), 0.0028511 secs]
150623.151: [GC (Allocation Failure)  107266K->30323K(257024K), 0.0028896 secs]
150744.224: [GC (Allocation Failure)  107123K->30771K(257024K), 0.0029630 secs]
150863.374: [GC (Allocation Failure)  107571K->30444K(257536K), 0.0029588 secs]
150973.634: [GC (Allocation Failure)  108268K->30932K(257536K), 0.0031019 secs]
151101.244: [GC (Allocation Failure)  108756K->31006K(257536K), 0.0029040 secs]
151228.519: [GC (Allocation Failure)  108830K->30440K(257536K), 0.0031247 secs]
151353.210: [GC (Allocation Failure)  108264K->31089K(257536K), 0.0029159 secs]
151449.818: [GC (System.gc())  92813K->30553K(257536K), 0.0026827 secs]
151449.821: [Full GC (System.gc())  30553K->25888K(257536K), 0.0344810 secs]
151564.421: [GC (Allocation Failure)  103712K->28370K(256512K), 0.0029055 secs]
151682.069: [GC (Allocation Failure)  105170K->29477K(257024K), 0.0032386 secs]
151805.641: [GC (Allocation Failure)  106277K->28970K(257536K), 0.0028669 secs]
151930.957: [GC (Allocation Failure)  106794K->29400K(257536K), 0.0031169 secs]
152053.452: [GC (Allocation Failure)  107224K->29239K(257536K), 0.0030174 secs]
152173.279: [GC (Allocation Failure)  107063K->29575K(257536K), 0.0029869 secs]
152287.638: [GC (Allocation Failure)  107399K->29982K(257536K), 0.0034786 secs]
152413.493: [GC (Allocation Failure)  107806K->29184K(257536K), 0.0028774 secs]
152539.388: [GC (Allocation Failure)  107008K->29680K(257536K), 0.0029273 secs]
152654.344: [GC (Allocation Failure)  107504K->29686K(257536K), 0.0030340 secs]
152777.737: [GC (Allocation Failure)  107510K->29914K(257536K), 0.0049561 secs]
152889.782: [GC (Allocation Failure)  107738K->30367K(257536K), 0.0031730 secs]
153015.974: [GC (Allocation Failure)  108191K->29667K(256512K), 0.0029216 secs]
153139.667: [GC (Allocation Failure)  106467K->30171K(257024K), 0.0029334 secs]
153261.419: [GC (Allocation Failure)  106971K->29794K(257024K), 0.0031126 secs]
153381.439: [GC (Allocation Failure)  106594K->30149K(257024K), 0.0032135 secs]
153491.462: [GC (Allocation Failure)  106949K->30629K(257024K), 0.0031003 secs]
153614.447: [GC (Allocation Failure)  107429K->30045K(257024K), 0.0029694 secs]
153739.708: [GC (Allocation Failure)  106845K->30253K(257024K), 0.0035865 secs]
153861.141: [GC (Allocation Failure)  107053K->30166K(257024K), 0.0031239 secs]
153983.658: [GC (Allocation Failure)  106966K->30381K(257024K), 0.0041126 secs]
154093.348: [GC (Allocation Failure)  107181K->30627K(257024K), 0.0036290 secs]
154214.522: [GC (Allocation Failure)  107427K->30238K(257024K), 0.0032913 secs]
154339.829: [GC (Allocation Failure)  107038K->30537K(257024K), 0.0029711 secs]
154461.051: [GC (Allocation Failure)  107337K->30387K(257024K), 0.0029817 secs]
154583.732: [GC (Allocation Failure)  107187K->30621K(257024K), 0.0058929 secs]
154703.026: [GC (Allocation Failure)  107421K->30904K(257536K), 0.0031393 secs]
154816.039: [GC (Allocation Failure)  108216K->30546K(257024K), 0.0030568 secs]
154941.382: [GC (Allocation Failure)  107858K->30773K(257536K), 0.0028115 secs]
155049.857: [GC (System.gc())  99454K->30558K(257536K), 0.0035064 secs]
155049.861: [Full GC (System.gc())  30558K->25992K(257536K), 0.0344557 secs]
155173.813: [GC (Allocation Failure)  103816K->27944K(256512K), 0.0030076 secs]
155294.195: [GC (Allocation Failure)  104744K->28584K(257024K), 0.0028134 secs]
155404.648: [GC (Allocation Failure)  105384K->29279K(257024K), 0.0030048 secs]
155529.810: [GC (Allocation Failure)  106079K->29444K(257024K), 0.0029018 secs]
155651.141: [GC (Allocation Failure)  106244K->29395K(257536K), 0.0029026 secs]
155773.867: [GC (Allocation Failure)  106707K->29600K(257024K), 0.0032384 secs]
155899.860: [GC (Allocation Failure)  106912K->29587K(257536K), 0.0029728 secs]
156009.249: [GC (Allocation Failure)  107411K->29491K(257536K), 0.0031202 secs]
156133.899: [GC (Allocation Failure)  107315K->29925K(257536K), 0.0030046 secs]
156256.229: [GC (Allocation Failure)  107749K->29523K(257536K), 0.0030981 secs]
156381.865: [GC (Allocation Failure)  107346K->29778K(257536K), 0.0030194 secs]
156509.159: [GC (Allocation Failure)  107602K->29893K(257536K), 0.0029490 secs]
156616.997: [GC (Allocation Failure)  107717K->29669K(257536K), 0.0030666 secs]
156741.500: [GC (Allocation Failure)  107493K->29892K(257536K), 0.0031936 secs]
156860.212: [GC (Allocation Failure)  107716K->29958K(257536K), 0.0031501 secs]
156983.994: [GC (Allocation Failure)  107782K->30346K(257536K), 0.0030250 secs]
157111.209: [GC (Allocation Failure)  108170K->30386K(256512K), 0.0030858 secs]
157227.742: [GC (Allocation Failure)  107186K->30032K(257024K), 0.0033260 secs]
157341.266: [GC (Allocation Failure)  106832K->30601K(256512K), 0.0030372 secs]
157463.099: [GC (Allocation Failure)  107401K->30146K(257024K), 0.0030273 secs]
157584.583: [GC (Allocation Failure)  106946K->30460K(257536K), 0.0029596 secs]
157712.991: [GC (Allocation Failure)  108284K->30634K(257536K), 0.0028801 secs]
157833.447: [GC (Allocation Failure)  108458K->30271K(257536K), 0.0029764 secs]
157944.634: [GC (Allocation Failure)  108095K->30899K(257536K), 0.0030574 secs]
158070.217: [GC (Allocation Failure)  108723K->30371K(256512K), 0.0031001 secs]
158192.099: [GC (Allocation Failure)  107171K->30867K(257024K), 0.0028959 secs]
158316.092: [GC (Allocation Failure)  107667K->30937K(257024K), 0.0028573 secs]
158439.446: [GC (Allocation Failure)  107737K->30595K(257024K), 0.0031142 secs]
158546.134: [GC (Allocation Failure)  107395K->31149K(257024K), 0.0032213 secs]
158649.897: [GC (System.gc())  96030K->30644K(257024K), 0.0028372 secs]
158649.900: [Full GC (System.gc())  30644K->25948K(257024K), 0.0364446 secs]
158772.178: [GC (Allocation Failure)  102748K->27932K(257024K), 0.0026027 secs]
158894.544: [GC (Allocation Failure)  104732K->28476K(257024K), 0.0027012 secs]
159021.287: [GC (Allocation Failure)  105276K->27932K(256000K), 0.0025629 secs]
159129.273: [GC (Allocation Failure)  103708K->29121K(256512K), 0.0033681 secs]
159244.258: [GC (Allocation Failure)  104897K->29331K(257024K), 0.0029092 secs]
159367.943: [GC (Allocation Failure)  106131K->29317K(257024K), 0.0029379 secs]
159492.275: [GC (Allocation Failure)  106117K->29716K(257024K), 0.0028704 secs]
159615.205: [GC (Allocation Failure)  106516K->29241K(257024K), 0.0028095 secs]
159734.299: [GC (Allocation Failure)  106041K->29921K(257024K), 0.0030507 secs]
159844.316: [GC (Allocation Failure)  106721K->29528K(257024K), 0.0029722 secs]
159967.605: [GC (Allocation Failure)  106328K->29529K(257536K), 0.0028901 secs]
160092.360: [GC (Allocation Failure)  106841K->29835K(257024K), 0.0033149 secs]
160219.542: [GC (Allocation Failure)  107147K->29355K(257536K), 0.0029713 secs]
160339.798: [GC (Allocation Failure)  107179K->29644K(257536K), 0.0029776 secs]
160449.738: [GC (Allocation Failure)  107468K->29638K(257536K), 0.0034334 secs]
160574.155: [GC (Allocation Failure)  107462K->29684K(257536K), 0.0030353 secs]
160700.721: [GC (Allocation Failure)  107508K->30010K(257536K), 0.0105884 secs]
160825.024: [GC (Allocation Failure)  107834K->29544K(257536K), 0.0028483 secs]
160945.372: [GC (Allocation Failure)  107368K->29967K(257536K), 0.0035600 secs]
161051.074: [GC (Allocation Failure)  107791K->30315K(257536K), 0.0034628 secs]
161174.628: [GC (Allocation Failure)  108139K->30402K(257536K), 0.0031493 secs]
161301.737: [GC (Allocation Failure)  108226K->30514K(257536K), 0.0048222 secs]
161428.378: [GC (Allocation Failure)  108338K->30157K(257536K), 0.0031323 secs]
161553.957: [GC (Allocation Failure)  107981K->30691K(257536K), 0.0030675 secs]
161660.531: [GC (Allocation Failure)  108515K->30503K(257536K), 0.0032057 secs]
161784.530: [GC (Allocation Failure)  108327K->30668K(257536K), 0.0029618 secs]
161910.899: [GC (Allocation Failure)  108492K->30778K(256512K), 0.0029394 secs]
162034.562: [GC (Allocation Failure)  107578K->30562K(257024K), 0.0028821 secs]
162156.228: [GC (Allocation Failure)  107362K->30650K(257536K), 0.0032775 secs]
162249.938: [GC (System.gc())  92184K->30530K(257536K), 0.0029444 secs]
162249.941: [Full GC (System.gc())  30530K->25992K(257536K), 0.0361612 secs]
162362.678: [GC (Allocation Failure)  103816K->28736K(257536K), 0.0031576 secs]
162487.970: [GC (Allocation Failure)  106560K->29120K(257536K), 0.0029716 secs]
162614.628: [GC (Allocation Failure)  106944K->28754K(256512K), 0.0027957 secs]
162737.502: [GC (Allocation Failure)  105554K->29138K(257024K), 0.0028105 secs]
162854.936: [GC (Allocation Failure)  105938K->29125K(257536K), 0.0029184 secs]
162965.329: [GC (Allocation Failure)  106437K->29810K(257024K), 0.0029714 secs]
163091.479: [GC (Allocation Failure)  107122K->29869K(256512K), 0.0029147 secs]
163214.900: [GC (Allocation Failure)  106669K->29477K(257024K), 0.0029239 secs]
163340.869: [GC (Allocation Failure)  106277K->29759K(257536K), 0.0030073 secs]
163461.423: [GC (Allocation Failure)  107583K->29427K(257536K), 0.0030702 secs]
163571.258: [GC (Allocation Failure)  107251K->29883K(257536K), 0.0029349 secs]
163695.434: [GC (Allocation Failure)  107707K->29947K(257536K), 0.0028876 secs]
163822.908: [GC (Allocation Failure)  107771K->29477K(257536K), 0.0029875 secs]
163947.178: [GC (Allocation Failure)  107301K->29893K(257536K), 0.0028238 secs]
164071.594: [GC (Allocation Failure)  107717K->29505K(257536K), 0.0030494 secs]
164180.316: [GC (Allocation Failure)  107329K->30023K(257536K), 0.0032100 secs]
164304.827: [GC (Allocation Failure)  107847K->30074K(257536K), 0.0029685 secs]
164431.562: [GC (Allocation Failure)  107898K->29558K(257536K), 0.0028310 secs]
164555.055: [GC (Allocation Failure)  107382K->30090K(257536K), 0.0029752 secs]
164681.266: [GC (Allocation Failure)  107914K->29702K(257536K), 0.0029452 secs]
164794.877: [GC (Allocation Failure)  107526K->29907K(257536K), 0.0064175 secs]
164913.793: [GC (Allocation Failure)  107731K->30335K(257536K), 0.0034118 secs]
165040.442: [GC (Allocation Failure)  108159K->29837K(257536K), 0.0030832 secs]
165155.893: [GC (Allocation Failure)  107661K->30627K(257536K), 0.0033202 secs]
165282.860: [GC (Allocation Failure)  108451K->30298K(257536K), 0.0032876 secs]
165401.711: [GC (Allocation Failure)  108122K->30548K(257536K), 0.0072926 secs]
165515.218: [GC (Allocation Failure)  108372K->30892K(257536K), 0.0035858 secs]
165641.771: [GC (Allocation Failure)  108716K->30378K(257536K), 0.0031592 secs]
165764.537: [GC (Allocation Failure)  108202K->30873K(256512K), 0.0032134 secs]
165849.979: [GC (System.gc())  83569K->30280K(257024K), 0.0029211 secs]
165849.982: [Full GC (System.gc())  30280K->25903K(257024K), 0.0271961 secs]
165972.993: [GC (Allocation Failure)  102703K->27887K(256512K), 0.0026592 secs]
166080.505: [GC (Allocation Failure)  104687K->29606K(257024K), 0.0029322 secs]
166204.952: [GC (Allocation Failure)  106406K->29121K(257024K), 0.0030801 secs]
166326.304: [GC (Allocation Failure)  105921K->29382K(257024K), 0.0028561 secs]
166450.386: [GC (Allocation Failure)  106182K->29240K(257536K), 0.0028420 secs]
166574.496: [GC (Allocation Failure)  107064K->29364K(257536K), 0.0030976 secs]
166687.564: [GC (Allocation Failure)  107188K->29433K(257536K), 0.0031602 secs]
166810.685: [GC (Allocation Failure)  107257K->29231K(257536K), 0.0030126 secs]
166935.056: [GC (Allocation Failure)  107055K->29670K(257536K), 0.0029356 secs]
167056.129: [GC (Allocation Failure)  107494K->29318K(257536K), 0.0028987 secs]
167183.209: [GC (Allocation Failure)  107142K->29428K(257536K), 0.0029591 secs]
167303.237: [GC (Allocation Failure)  107252K->29803K(257536K), 0.0029721 secs]
167417.799: [GC (Allocation Failure)  107627K->29377K(257536K), 0.0029374 secs]
167543.343: [GC (Allocation Failure)  107201K->29593K(257536K), 0.0028780 secs]
167665.510: [GC (Allocation Failure)  107417K->29332K(257536K), 0.0028654 secs]
167792.052: [GC (Allocation Failure)  107156K->29659K(257536K), 0.0031957 secs]
167912.072: [GC (Allocation Failure)  107483K->29840K(257536K), 0.0029515 secs]
168026.115: [GC (Allocation Failure)  107664K->29569K(257536K), 0.0031340 secs]
168152.108: [GC (Allocation Failure)  107393K->29918K(257536K), 0.0029565 secs]
168275.245: [GC (Allocation Failure)  107742K->29692K(257536K), 0.0028291 secs]
168401.796: [GC (Allocation Failure)  107516K->29878K(258048K), 0.0028739 secs]
168525.032: [GC (Allocation Failure)  108214K->29660K(257536K), 0.0029448 secs]
168636.327: [GC (Allocation Failure)  107996K->29818K(258048K), 0.0028977 secs]
168761.855: [GC (Allocation Failure)  108666K->30182K(258048K), 0.0032494 secs]
168887.861: [GC (Allocation Failure)  109030K->29712K(258048K), 0.0030297 secs]
169015.330: [GC (Allocation Failure)  108560K->30126K(258048K), 0.0030173 secs]
169141.898: [GC (Allocation Failure)  108974K->29767K(258048K), 0.0029975 secs]
169253.566: [GC (Allocation Failure)  108615K->30211K(258048K), 0.0029027 secs]
169372.289: [GC (Allocation Failure)  109059K->30678K(257024K), 0.0031522 secs]
169450.011: [GC (System.gc())  78594K->30151K(257536K), 0.0025491 secs]
169450.014: [Full GC (System.gc())  30151K->25833K(257536K), 0.0276574 secs]
169575.071: [GC (Allocation Failure)  103657K->27849K(257536K), 0.0026639 secs]
169701.589: [GC (Allocation Failure)  105673K->28233K(257536K), 0.0026094 secs]
169821.994: [GC (Allocation Failure)  106057K->28283K(257536K), 0.0028057 secs]
169934.350: [GC (Allocation Failure)  106107K->29440K(257536K), 0.0031594 secs]
170056.339: [GC (Allocation Failure)  107264K->29088K(257536K), 0.0034540 secs]
170182.477: [GC (Allocation Failure)  106912K->29445K(257536K), 0.0031729 secs]
170307.880: [GC (Allocation Failure)  107269K->29563K(257536K), 0.0030224 secs]
170429.083: [GC (Allocation Failure)  107387K->29120K(257536K), 0.0030542 secs]
170542.550: [GC (Allocation Failure)  106944K->29715K(257536K), 0.0029252 secs]
170665.505: [GC (Allocation Failure)  107539K->29243K(257536K), 0.0028584 secs]
170791.243: [GC (Allocation Failure)  107067K->29637K(257536K), 0.0030139 secs]
170915.960: [GC (Allocation Failure)  107461K->29683K(257536K), 0.0029752 secs]
171040.656: [GC (Allocation Failure)  107507K->29317K(257536K), 0.0028586 secs]
171151.302: [GC (Allocation Failure)  107141K->29907K(257536K), 0.0029258 secs]
171274.028: [GC (Allocation Failure)  107731K->29367K(257536K), 0.0030627 secs]
171397.857: [GC (Allocation Failure)  107191K->29616K(257536K), 0.0029787 secs]
171525.598: [GC (Allocation Failure)  107440K->29579K(257536K), 0.0033292 secs]
171647.939: [GC (Allocation Failure)  107403K->29478K(257536K), 0.0030983 secs]
171756.537: [GC (Allocation Failure)  107302K->29883K(257536K), 0.0080592 secs]
171882.658: [GC (Allocation Failure)  107707K->29591K(257536K), 0.0030247 secs]
172006.218: [GC (Allocation Failure)  107415K->29907K(257536K), 0.0030228 secs]
172133.705: [GC (Allocation Failure)  107731K->29640K(257536K), 0.0042267 secs]
172257.332: [GC (Allocation Failure)  107464K->29848K(257536K), 0.0033002 secs]
172365.694: [GC (Allocation Failure)  107672K->30162K(257536K), 0.0032346 secs]
172491.394: [GC (Allocation Failure)  107986K->29736K(257536K), 0.0030238 secs]
172615.721: [GC (Allocation Failure)  107560K->30088K(257536K), 0.0041572 secs]
172742.389: [GC (Allocation Failure)  107912K->29817K(257536K), 0.0031016 secs]
172866.221: [GC (Allocation Failure)  107641K->30059K(257536K), 0.0029172 secs]
172982.424: [GC (Allocation Failure)  107883K->30096K(258048K), 0.0034469 secs]
173050.043: [GC (System.gc())  78204K->29873K(258048K), 0.0025226 secs]
173050.046: [Full GC (System.gc())  29873K->25950K(258048K), 0.0275199 secs]
173176.029: [GC (Allocation Failure)  104798K->27902K(257024K), 0.0025443 secs]
173302.864: [GC (Allocation Failure)  105726K->28446K(257536K), 0.0026988 secs]
173428.529: [GC (Allocation Failure)  106270K->27934K(257536K), 0.0028422 secs]
173546.007: [GC (Allocation Failure)  105758K->28752K(257536K), 0.0027813 secs]
173654.151: [GC (Allocation Failure)  106576K->29798K(257536K), 0.0030168 secs]
173776.989: [GC (Allocation Failure)  107622K->29888K(257024K), 0.0030907 secs]
173904.320: [GC (Allocation Failure)  107712K->30006K(257024K), 0.0029748 secs]
174027.026: [GC (Allocation Failure)  106806K->29685K(257024K), 0.0029192 secs]
174152.577: [GC (Allocation Failure)  106485K->30004K(257024K), 0.0028910 secs]
174256.411: [GC (Allocation Failure)  106804K->29754K(257024K), 0.0120999 secs]
174379.643: [GC (Allocation Failure)  106554K->29934K(257024K), 0.0029260 secs]
174503.860: [GC (Allocation Failure)  106734K->30043K(257024K), 0.0029342 secs]
174626.920: [GC (Allocation Failure)  106843K->29660K(257024K), 0.0028442 secs]
174752.078: [GC (Allocation Failure)  106460K->30062K(257024K), 0.0033598 secs]
174866.075: [GC (Allocation Failure)  106862K->29934K(257024K), 0.0031180 secs]
174977.901: [GC (Allocation Failure)  106734K->30195K(257024K), 0.0030899 secs]
175103.986: [GC (Allocation Failure)  106995K->30176K(257024K), 0.0028516 secs]
175226.548: [GC (Allocation Failure)  106976K->29900K(257024K), 0.0029473 secs]
175351.882: [GC (Allocation Failure)  106700K->30360K(257024K), 0.0028434 secs]
175466.354: [GC (Allocation Failure)  107160K->30000K(257024K), 0.0030030 secs]
175577.937: [GC (Allocation Failure)  106799K->30429K(257024K), 0.0028640 secs]
175703.220: [GC (Allocation Failure)  107229K->30469K(257024K), 0.0028590 secs]
175826.631: [GC (Allocation Failure)  107269K->30122K(257024K), 0.0029822 secs]
175951.974: [GC (Allocation Failure)  106922K->30618K(257024K), 0.0029127 secs]
176069.895: [GC (Allocation Failure)  107418K->30192K(257536K), 0.0028770 secs]
176182.010: [GC (Allocation Failure)  108016K->30706K(257536K), 0.0030244 secs]
176306.270: [GC (Allocation Failure)  108530K->30711K(257536K), 0.0028729 secs]
176433.172: [GC (Allocation Failure)  108535K->30181K(257536K), 0.0028674 secs]
176556.314: [GC (Allocation Failure)  108005K->30673K(257536K), 0.0032735 secs]
176650.075: [GC (System.gc())  89515K->30245K(257536K), 0.0027100 secs]
176650.078: [Full GC (System.gc())  30245K->25849K(257536K), 0.0282737 secs]
176766.044: [GC (Allocation Failure)  103673K->28491K(257536K), 0.0029357 secs]
176883.396: [GC (Allocation Failure)  106315K->29396K(257536K), 0.0030545 secs]
177010.031: [GC (Allocation Failure)  107220K->28770K(257536K), 0.0030970 secs]
177134.626: [GC (Allocation Failure)  106594K->29328K(257536K), 0.0028457 secs]
177257.152: [GC (Allocation Failure)  107152K->29180K(257536K), 0.0030052 secs]
177376.439: [GC (Allocation Failure)  107004K->29428K(257536K), 0.0030364 secs]
177492.376: [GC (Allocation Failure)  107252K->29794K(257536K), 0.0030307 secs]
177617.194: [GC (Allocation Failure)  107618K->29103K(257536K), 0.0032904 secs]
177743.075: [GC (Allocation Failure)  106927K->29686K(257536K), 0.0048858 secs]
177861.746: [GC (Allocation Failure)  107510K->29688K(257536K), 0.0068613 secs]
177982.261: [GC (Allocation Failure)  107512K->29866K(257536K), 0.0031756 secs]
178094.493: [GC (Allocation Failure)  107690K->30366K(257536K), 0.0029850 secs]
178222.285: [GC (Allocation Failure)  108190K->29705K(256512K), 0.0030038 secs]
178344.530: [GC (Allocation Failure)  106505K->30179K(257024K), 0.0033226 secs]
178465.984: [GC (Allocation Failure)  106979K->29738K(257024K), 0.0033470 secs]
178586.276: [GC (Allocation Failure)  106538K->30089K(257024K), 0.0029195 secs]
178695.814: [GC (Allocation Failure)  106889K->30385K(257024K), 0.0031612 secs]
178819.079: [GC (Allocation Failure)  107184K->29958K(257024K), 0.0029677 secs]
178943.702: [GC (Allocation Failure)  106758K->30275K(257024K), 0.0035165 secs]
179064.802: [GC (Allocation Failure)  107075K->30025K(257024K), 0.0033836 secs]
179187.361: [GC (Allocation Failure)  106825K->30272K(257024K), 0.0030916 secs]
179296.432: [GC (Allocation Failure)  107072K->30486K(257024K), 0.0030446 secs]
179417.987: [GC (Allocation Failure)  107286K->30145K(257024K), 0.0029598 secs]
179543.321: [GC (Allocation Failure)  106945K->30471K(257024K), 0.0029690 secs]
179664.914: [GC (Allocation Failure)  107271K->30176K(257024K), 0.0030286 secs]
179786.979: [GC (Allocation Failure)  106976K->30386K(257024K), 0.0031032 secs]
179906.490: [GC (Allocation Failure)  107186K->30776K(257536K), 0.0029782 secs]
180019.239: [GC (Allocation Failure)  108088K->30363K(257024K), 0.0028716 secs]
180145.029: [GC (Allocation Failure)  107675K->30613K(257536K), 0.0029852 secs]
180250.108: [GC (System.gc())  98149K->30346K(257536K), 0.0029338 secs]
180250.111: [Full GC (System.gc())  30346K->25996K(257536K), 0.0280885 secs]
180376.548: [GC (Allocation Failure)  103820K->27916K(256512K), 0.0026675 secs]
180496.565: [GC (Allocation Failure)  104716K->28588K(257024K), 0.0035367 secs]
180606.890: [GC (Allocation Failure)  105388K->29205K(257024K), 0.0030354 secs]
180729.427: [GC (Allocation Failure)  106005K->29507K(257024K), 0.0029812 secs]
180852.650: [GC (Allocation Failure)  106307K->29319K(257536K), 0.0029493 secs]
180976.631: [GC (Allocation Failure)  107143K->29609K(257536K), 0.0028954 secs]
181102.133: [GC (Allocation Failure)  107433K->29609K(257536K), 0.0027707 secs]
181212.659: [GC (Allocation Failure)  107433K->29558K(257536K), 0.0031932 secs]
181336.682: [GC (Allocation Failure)  107382K->29814K(257536K), 0.0031206 secs]
181459.430: [GC (Allocation Failure)  107638K->29453K(257536K), 0.0030936 secs]
181586.684: [GC (Allocation Failure)  107277K->29691K(257536K), 0.0034054 secs]
181712.771: [GC (Allocation Failure)  107515K->29742K(257536K), 0.0032643 secs]
181822.571: [GC (Allocation Failure)  107566K->29540K(257536K), 0.0033043 secs]
181945.389: [GC (Allocation Failure)  107364K->29713K(257536K), 0.0033953 secs]
182064.237: [GC (Allocation Failure)  107537K->29821K(257536K), 0.0031285 secs]
182187.495: [GC (Allocation Failure)  107645K->30143K(257536K), 0.0030455 secs]
182315.062: [GC (Allocation Failure)  107967K->30166K(257536K), 0.0033700 secs]
182433.710: [GC (Allocation Failure)  107990K->29701K(257536K), 0.0063991 secs]
182547.974: [GC (Allocation Failure)  107525K->30522K(257536K), 0.0031823 secs]
182672.706: [GC (Allocation Failure)  108346K->30037K(257536K), 0.0051963 secs]
182796.836: [GC (Allocation Failure)  107861K->30482K(257536K), 0.0029991 secs]
182923.797: [GC (Allocation Failure)  108306K->30381K(257536K), 0.0029427 secs]
183043.006: [GC (Allocation Failure)  108205K->30386K(257536K), 0.0030239 secs]
183156.868: [GC (Allocation Failure)  108210K->30635K(257536K), 0.0049482 secs]
183280.914: [GC (Allocation Failure)  108459K->30264K(257536K), 0.0031986 secs]
183405.462: [GC (Allocation Failure)  108088K->30596K(257536K), 0.0028658 secs]
183532.813: [GC (Allocation Failure)  108420K->30261K(257536K), 0.0029649 secs]
183652.461: [GC (Allocation Failure)  108085K->30676K(257536K), 0.0030763 secs]
183762.855: [GC (Allocation Failure)  108500K->31119K(256512K), 0.0032818 secs]
183850.141: [GC (System.gc())  85852K->30455K(257024K), 0.0027415 secs]
183850.144: [Full GC (System.gc())  30455K->25981K(257024K), 0.0290048 secs]
183974.242: [GC (Allocation Failure)  102781K->27997K(257024K), 0.0027892 secs]
184097.574: [GC (Allocation Failure)  104797K->28413K(257024K), 0.0028209 secs]
184223.973: [GC (Allocation Failure)  105213K->28029K(256000K), 0.0027168 secs]
184329.813: [GC (Allocation Failure)  103805K->29204K(256512K), 0.0034617 secs]
184447.010: [GC (Allocation Failure)  104980K->29496K(257024K), 0.0028078 secs]
184568.604: [GC (Allocation Failure)  106296K->29400K(257024K), 0.0028224 secs]
184694.441: [GC (Allocation Failure)  106200K->29772K(257024K), 0.0030370 secs]
184817.986: [GC (Allocation Failure)  106572K->29260K(257024K), 0.0028824 secs]
184937.065: [GC (Allocation Failure)  106060K->29726K(257024K), 0.0029425 secs]
185047.082: [GC (Allocation Failure)  106526K->29626K(257024K), 0.0031151 secs]
185168.422: [GC (Allocation Failure)  106426K->29658K(257536K), 0.0029707 secs]
185295.737: [GC (Allocation Failure)  107482K->29932K(257024K), 0.0048232 secs]
185423.298: [GC (Allocation Failure)  107756K->29473K(257536K), 0.0033125 secs]
185542.526: [GC (Allocation Failure)  106785K->29818K(257024K), 0.0032601 secs]
185652.446: [GC (Allocation Failure)  107130K->29734K(257536K), 0.0030520 secs]
185777.163: [GC (Allocation Failure)  107558K->29815K(257536K), 0.0032148 secs]
185903.347: [GC (Allocation Failure)  107639K->29974K(257536K), 0.0031095 secs]
186028.014: [GC (Allocation Failure)  107798K->29641K(257536K), 0.0028890 secs]
186147.208: [GC (Allocation Failure)  107465K->30405K(257536K), 0.0034201 secs]
186254.242: [GC (Allocation Failure)  108229K->30337K(257536K), 0.0029999 secs]
186378.062: [GC (Allocation Failure)  108161K->30506K(256512K), 0.0031057 secs]
186503.415: [GC (Allocation Failure)  107306K->30708K(257024K), 0.0029623 secs]
186627.265: [GC (Allocation Failure)  107508K->30316K(257024K), 0.0029797 secs]
186750.123: [GC (Allocation Failure)  107116K->30801K(257024K), 0.0029290 secs]
186857.286: [GC (Allocation Failure)  107601K->30489K(257024K), 0.0041757 secs]
186977.306: [GC (Allocation Failure)  107289K->30932K(257024K), 0.0029687 secs]
187102.676: [GC (Allocation Failure)  107732K->30908K(257024K), 0.0029441 secs]
187226.463: [GC (Allocation Failure)  107708K->30482K(257024K), 0.0028922 secs]
187348.505: [GC (Allocation Failure)  107282K->30988K(257024K), 0.0028291 secs]
187450.175: [GC (System.gc())  99150K->30705K(257024K), 0.0030619 secs]
187450.178: [Full GC (System.gc())  30705K->25982K(257024K), 0.0344409 secs]
187563.536: [GC (Allocation Failure)  102782K->28707K(257024K), 0.0026583 secs]
187687.380: [GC (Allocation Failure)  105507K->29123K(257024K), 0.0026968 secs]
187812.107: [GC (Allocation Failure)  105915K->28789K(257024K), 0.0028580 secs]
187934.973: [GC (Allocation Failure)  105589K->29192K(257024K), 0.0029176 secs]
188054.496: [GC (Allocation Failure)  105992K->29243K(257024K), 0.0031860 secs]
188162.862: [GC (Allocation Failure)  106043K->29772K(257024K), 0.0029514 secs]
188287.069: [GC (Allocation Failure)  106572K->29754K(257024K), 0.0027831 secs]
188411.623: [GC (Allocation Failure)  106554K->29332K(257024K), 0.0029339 secs]
188534.748: [GC (Allocation Failure)  106132K->29764K(257536K), 0.0037481 secs]
188656.870: [GC (Allocation Failure)  107588K->29288K(257536K), 0.0032016 secs]
188764.788: [GC (Allocation Failure)  107112K->29832K(257536K), 0.0033837 secs]
188888.894: [GC (Allocation Failure)  107656K->29895K(257536K), 0.0033887 secs]
189017.526: [GC (Allocation Failure)  107719K->29415K(257536K), 0.0029349 secs]
189142.564: [GC (Allocation Failure)  107239K->29927K(257536K), 0.0028512 secs]
189266.263: [GC (Allocation Failure)  107751K->29544K(257536K), 0.0029619 secs]
189375.200: [GC (Allocation Failure)  107368K->29747K(257536K), 0.0030593 secs]
189498.340: [GC (Allocation Failure)  107571K->30010K(257536K), 0.0030457 secs]
189626.035: [GC (Allocation Failure)  107834K->29527K(257536K), 0.0029406 secs]
189748.657: [GC (Allocation Failure)  107351K->30087K(257536K), 0.0029336 secs]
189873.848: [GC (Allocation Failure)  107911K->29685K(257536K), 0.0028409 secs]
189990.537: [GC (Allocation Failure)  107509K->29786K(257536K), 0.0030546 secs]
190107.645: [GC (Allocation Failure)  107610K->30299K(257536K), 0.0031050 secs]
190234.496: [GC (Allocation Failure)  108123K->29786K(257536K), 0.0030054 secs]
190352.515: [GC (Allocation Failure)  107610K->30805K(257536K), 0.0065631 secs]
190476.424: [GC (Allocation Failure)  108629K->30342K(257536K), 0.0029727 secs]
190595.377: [GC (Allocation Failure)  108166K->30602K(257536K), 0.0029981 secs]
190708.625: [GC (Allocation Failure)  108426K->30870K(256512K), 0.0036385 secs]
190834.546: [GC (Allocation Failure)  107667K->30332K(257024K), 0.0036391 secs]
190956.489: [GC (Allocation Failure)  107132K->30722K(256512K), 0.0030218 secs]
191050.214: [GC (System.gc())  90732K->30395K(257024K), 0.0028144 secs]
191050.217: [Full GC (System.gc())  30395K->25908K(257024K), 0.0323312 secs]
191175.131: [GC (Allocation Failure)  102708K->27860K(256512K), 0.0025848 secs]
191280.702: [GC (Allocation Failure)  104660K->29598K(257024K), 0.0032305 secs]
191406.556: [GC (Allocation Failure)  106398K->29017K(257024K), 0.0030031 secs]
191528.622: [GC (Allocation Failure)  105817K->29497K(257024K), 0.0029171 secs]
191649.225: [GC (Allocation Failure)  106297K->29265K(257536K), 0.0029346 secs]
191775.958: [GC (Allocation Failure)  107089K->29374K(257536K), 0.0028426 secs]
191888.616: [GC (Allocation Failure)  107198K->29754K(257536K), 0.0030265 secs]
192009.278: [GC (Allocation Failure)  107578K->29227K(257536K), 0.0031024 secs]
192136.011: [GC (Allocation Failure)  107051K->29562K(257536K), 0.0027357 secs]
192257.957: [GC (Allocation Failure)  107385K->29245K(257536K), 0.0027944 secs]
192385.065: [GC (Allocation Failure)  107069K->29457K(257536K), 0.0029718 secs]
192504.539: [GC (Allocation Failure)  107281K->29780K(257536K), 0.0029246 secs]
192618.782: [GC (Allocation Failure)  107604K->29402K(257536K), 0.0029670 secs]
192745.112: [GC (Allocation Failure)  107226K->29708K(257536K), 0.0031189 secs]
192867.954: [GC (Allocation Failure)  107532K->29393K(257536K), 0.0030532 secs]
192992.946: [GC (Allocation Failure)  107217K->29625K(257536K), 0.0029391 secs]
193113.488: [GC (Allocation Failure)  107449K->29775K(257536K), 0.0029390 secs]
193227.992: [GC (Allocation Failure)  107599K->29579K(257536K), 0.0030580 secs]
193353.008: [GC (Allocation Failure)  107403K->29876K(257536K), 0.0029244 secs]
193476.537: [GC (Allocation Failure)  107700K->29661K(257536K), 0.0028123 secs]
193601.497: [GC (Allocation Failure)  107485K->29923K(258048K), 0.0030683 secs]
193726.050: [GC (Allocation Failure)  108771K->29661K(258048K), 0.0028957 secs]
193839.030: [GC (Allocation Failure)  108509K->29801K(258048K), 0.0029985 secs]
193964.234: [GC (Allocation Failure)  108649K->30109K(258048K), 0.0029696 secs]
194091.062: [GC (Allocation Failure)  108957K->29741K(258048K), 0.0029330 secs]
194218.103: [GC (Allocation Failure)  108589K->30177K(258048K), 0.0029865 secs]
194344.272: [GC (Allocation Failure)  109025K->29785K(258048K), 0.0032142 secs]
194455.336: [GC (Allocation Failure)  108633K->30325K(258048K), 0.0029279 secs]
194574.459: [GC (Allocation Failure)  109173K->30825K(257024K), 0.0031709 secs]
194650.251: [GC (System.gc())  79005K->30403K(257536K), 0.0025853 secs]
194650.254: [Full GC (System.gc())  30403K->25807K(257536K), 0.0315532 secs]
194777.019: [GC (Allocation Failure)  103631K->27855K(257536K), 0.0026871 secs]
194902.650: [GC (Allocation Failure)  105679K->28207K(257536K), 0.0027946 secs]
195024.351: [GC (Allocation Failure)  106031K->28289K(257536K), 0.0029870 secs]
195136.779: [GC (Allocation Failure)  106113K->29415K(257536K), 0.0028831 secs]
195259.153: [GC (Allocation Failure)  107239K->29068K(257536K), 0.0028386 secs]
195385.461: [GC (Allocation Failure)  106892K->29446K(257536K), 0.0032525 secs]
195509.690: [GC (Allocation Failure)  107270K->29544K(257536K), 0.0029691 secs]
195631.212: [GC (Allocation Failure)  107368K->29036K(257536K), 0.0028641 secs]
195745.510: [GC (Allocation Failure)  106860K->29721K(257536K), 0.0028241 secs]
195868.273: [GC (Allocation Failure)  107545K->29164K(257536K), 0.0032129 secs]
195992.557: [GC (Allocation Failure)  106988K->29575K(257536K), 0.0029334 secs]
196119.056: [GC (Allocation Failure)  107399K->29538K(257536K), 0.0028921 secs]
196241.576: [GC (Allocation Failure)  107362K->29319K(257536K), 0.0030298 secs]
196352.069: [GC (Allocation Failure)  107143K->29812K(257536K), 0.0030113 secs]
196476.236: [GC (Allocation Failure)  107636K->29251K(257536K), 0.0032683 secs]
196599.398: [GC (Allocation Failure)  107075K->29721K(257536K), 0.0030285 secs]
196727.279: [GC (Allocation Failure)  107545K->29454K(257536K), 0.0029028 secs]
196849.435: [GC (Allocation Failure)  107278K->29551K(257536K), 0.0030498 secs]
196959.083: [GC (Allocation Failure)  107375K->29852K(257536K), 0.0031697 secs]
197084.577: [GC (Allocation Failure)  107676K->29535K(257536K), 0.0035374 secs]
197208.421: [GC (Allocation Failure)  107359K->29776K(257536K), 0.0027787 secs]
197335.161: [GC (Allocation Failure)  107600K->29572K(257536K), 0.0029530 secs]
197459.374: [GC (Allocation Failure)  107396K->29828K(257536K), 0.0028329 secs]
197567.647: [GC (Allocation Failure)  107652K->30091K(257536K), 0.0030626 secs]
197691.525: [GC (Allocation Failure)  107915K->29692K(257536K), 0.0030178 secs]
197817.428: [GC (Allocation Failure)  107516K->30007K(257536K), 0.0028381 secs]
197943.879: [GC (Allocation Failure)  107831K->29685K(258048K), 0.0027976 secs]
198069.444: [GC (Allocation Failure)  108021K->29905K(257536K), 0.0028863 secs]
198184.628: [GC (Allocation Failure)  108241K->30143K(258048K), 0.0029122 secs]
198250.287: [GC (System.gc())  77440K->29775K(258048K), 0.0026964 secs]
198250.290: [Full GC (System.gc())  29775K->25925K(258048K), 0.0288006 secs]
198378.800: [GC (Allocation Failure)  104773K->27909K(257024K), 0.0028315 secs]
198505.054: [GC (Allocation Failure)  105733K->28485K(257536K), 0.0026525 secs]
198630.103: [GC (Allocation Failure)  106309K->27973K(257536K), 0.0031438 secs]
198748.583: [GC (Allocation Failure)  105797K->28824K(257536K), 0.0029067 secs]
198855.923: [GC (Allocation Failure)  106648K->29858K(257536K), 0.0030620 secs]
198979.732: [GC (Allocation Failure)  107682K->29920K(257024K), 0.0036678 secs]
199107.605: [GC (Allocation Failure)  107744K->30012K(257024K), 0.0029540 secs]
199229.771: [GC (Allocation Failure)  106812K->29639K(257024K), 0.0029311 secs]
199354.839: [GC (Allocation Failure)  106439K->30050K(257024K), 0.0033523 secs]
199458.966: [GC (Allocation Failure)  106850K->29802K(257024K), 0.0031327 secs]
199581.828: [GC (Allocation Failure)  106602K->30025K(257024K), 0.0031384 secs]
199706.324: [GC (Allocation Failure)  106825K->30138K(257024K), 0.0031090 secs]
199829.856: [GC (Allocation Failure)  106938K->29762K(257024K), 0.0029206 secs]
199954.904: [GC (Allocation Failure)  106562K->30093K(257024K), 0.0032565 secs]
200068.727: [GC (Allocation Failure)  106893K->29602K(257024K), 0.0039092 secs]
200180.296: [GC (Allocation Failure)  106402K->30286K(257024K), 0.0031480 secs]
200306.791: [GC (Allocation Failure)  107086K->30222K(257024K), 0.0032725 secs]
200429.889: [GC (Allocation Failure)  107022K->29906K(257024K), 0.0031468 secs]
200554.976: [GC (Allocation Failure)  106706K->30308K(257024K), 0.0029214 secs]
200669.185: [GC (Allocation Failure)  107108K->29976K(257024K), 0.0029764 secs]
200780.372: [GC (Allocation Failure)  106776K->30456K(257024K), 0.0029102 secs]
200906.451: [GC (Allocation Failure)  107256K->30397K(257024K), 0.0028778 secs]
201029.807: [GC (Allocation Failure)  107197K->30070K(257024K), 0.0029136 secs]
201152.911: [GC (Allocation Failure)  106870K->30523K(257024K), 0.0029059 secs]
201272.895: [GC (Allocation Failure)  107323K->30189K(257536K), 0.0031270 secs]
201382.951: [GC (Allocation Failure)  108013K->30701K(257536K), 0.0028399 secs]
201509.358: [GC (Allocation Failure)  108525K->30593K(257536K), 0.0031040 secs]
201635.583: [GC (Allocation Failure)  108417K->30288K(257536K), 0.0027909 secs]
201759.162: [GC (Allocation Failure)  108112K->30639K(257536K), 0.0028224 secs]
201850.321: [GC (System.gc())  88956K->30222K(257536K), 0.0027342 secs]
201850.324: [Full GC (System.gc())  30222K->25811K(257536K), 0.0275986 secs]
201967.033: [GC (Allocation Failure)  103635K->28375K(257536K), 0.0036995 secs]
202085.148: [GC (Allocation Failure)  106199K->29386K(257536K), 0.0030279 secs]
202210.540: [GC (Allocation Failure)  107210K->28791K(257536K), 0.0028224 secs]
202336.680: [GC (Allocation Failure)  106615K->29322K(257536K), 0.0029939 secs]
202459.959: [GC (Allocation Failure)  107146K->29053K(257536K), 0.0029777 secs]
202579.004: [GC (Allocation Failure)  106877K->29606K(257536K), 0.0033952 secs]
202692.581: [GC (Allocation Failure)  107430K->29802K(257536K), 0.0029863 secs]
202819.409: [GC (Allocation Failure)  107626K->29187K(257536K), 0.0030669 secs]
202943.639: [GC (Allocation Failure)  107011K->29688K(257536K), 0.0031837 secs]
203060.645: [GC (Allocation Failure)  107512K->29773K(257536K), 0.0032150 secs]
203182.490: [GC (Allocation Failure)  107597K->29846K(257536K), 0.0032290 secs]
203295.705: [GC (Allocation Failure)  107670K->30236K(257536K), 0.0045162 secs]
203421.490: [GC (Allocation Failure)  108060K->29580K(256512K), 0.0032986 secs]
203545.759: [GC (Allocation Failure)  106380K->30078K(257024K), 0.0031976 secs]
203665.805: [GC (Allocation Failure)  106878K->29584K(257024K), 0.0030394 secs]
203787.949: [GC (Allocation Failure)  106384K->29927K(257024K), 0.0028784 secs]
203899.148: [GC (Allocation Failure)  106727K->30267K(257024K), 0.0030708 secs]
204024.415: [GC (Allocation Failure)  107067K->29797K(257024K), 0.0028476 secs]
204149.180: [GC (Allocation Failure)  106597K->30272K(257024K), 0.0031618 secs]
204270.458: [GC (Allocation Failure)  107072K->29946K(257024K), 0.0029396 secs]
204398.034: [GC (Allocation Failure)  106746K->30105K(257536K), 0.0029294 secs]
204505.955: [GC (Allocation Failure)  107929K->30584K(257536K), 0.0029841 secs]
204634.591: [GC (Allocation Failure)  108408K->30009K(257536K), 0.0031441 secs]
204759.250: [GC (Allocation Failure)  107833K->30263K(257536K), 0.0036339 secs]
204885.652: [GC (Allocation Failure)  108087K->30215K(257536K), 0.0029499 secs]
205010.562: [GC (Allocation Failure)  108039K->30492K(257536K), 0.0028544 secs]
205125.484: [GC (Allocation Failure)  108316K->30254K(257536K), 0.0052976 secs]
205248.316: [GC (Allocation Failure)  108078K->30619K(257536K), 0.0034206 secs]
205370.927: [GC (Allocation Failure)  108443K->30815K(257536K), 0.0029923 secs]
205450.353: [GC (System.gc())  78905K->30292K(257536K), 0.0028238 secs]
205450.356: [Full GC (System.gc())  30292K->25335K(257536K), 0.0273946 secs]
205578.199: [GC (Allocation Failure)  103159K->27159K(256512K), 0.0027049 secs]
205699.349: [GC (Allocation Failure)  103959K->27799K(257024K), 0.0031260 secs]
205810.674: [GC (Allocation Failure)  104599K->28353K(257024K), 0.0029180 secs]
205936.102: [GC (Allocation Failure)  105153K->28719K(257024K), 0.0031143 secs]
206059.086: [GC (Allocation Failure)  105519K->28500K(257536K), 0.0030531 secs]
206185.607: [GC (Allocation Failure)  106324K->28819K(257536K), 0.0028849 secs]
206309.423: [GC (Allocation Failure)  106643K->28915K(257536K), 0.0027993 secs]
206421.061: [GC (Allocation Failure)  106739K->28711K(257536K), 0.0030097 secs]
206549.447: [GC (Allocation Failure)  106535K->29044K(257536K), 0.0030402 secs]
206671.629: [GC (Allocation Failure)  106868K->28609K(257536K), 0.0034625 secs]
206799.479: [GC (Allocation Failure)  106433K->29021K(257536K), 0.0030516 secs]
206926.422: [GC (Allocation Failure)  106844K->28770K(257536K), 0.0029647 secs]
207037.014: [GC (Allocation Failure)  106594K->28787K(257536K), 0.0032653 secs]
207156.189: [GC (Allocation Failure)  106611K->29314K(257536K), 0.0068398 secs]
207280.881: [GC (Allocation Failure)  107138K->29052K(257536K), 0.0030170 secs]
207408.190: [GC (Allocation Failure)  106876K->29401K(257536K), 0.0030755 secs]
207535.751: [GC (Allocation Failure)  107225K->29096K(257536K), 0.0033162 secs]
207647.092: [GC (Allocation Failure)  106920K->29337K(257536K), 0.0054310 secs]
207768.876: [GC (Allocation Failure)  107161K->29606K(257536K), 0.0029696 secs]
207897.128: [GC (Allocation Failure)  107430K->29134K(257536K), 0.0030912 secs]
208021.705: [GC (Allocation Failure)  106958K->29660K(257536K), 0.0087294 secs]
208150.957: [GC (Allocation Failure)  107484K->29232K(257536K), 0.0030400 secs]
208267.941: [GC (Allocation Failure)  107056K->29400K(257536K), 0.0034851 secs]
208382.769: [GC (Allocation Failure)  107224K->29938K(257536K), 0.0054897 secs]
208511.311: [GC (Allocation Failure)  107762K->29259K(257536K), 0.0028288 secs]
208638.622: [GC (Allocation Failure)  107083K->29802K(257536K), 0.0028689 secs]
208765.904: [GC (Allocation Failure)  107626K->29358K(257536K), 0.0029027 secs]
208886.002: [GC (Allocation Failure)  107182K->29833K(257536K), 0.0029436 secs]
208999.510: [GC (Allocation Failure)  107657K->30098K(257536K), 0.0032113 secs]
209050.385: [GC (System.gc())  62647K->29463K(257536K), 0.0024581 secs]
209050.388: [Full GC (System.gc())  29463K->25224K(257536K), 0.0266679 secs]
209177.296: [GC (Allocation Failure)  103048K->27144K(257536K), 0.0026158 secs]
209303.312: [GC (Allocation Failure)  104968K->27592K(255488K), 0.0027318 secs]
209431.425: [GC (Allocation Failure)  105416K->26952K(257024K), 0.0040191 secs]
209539.320: [GC (Allocation Failure)  103752K->28671K(257024K), 0.0032661 secs]
209661.201: [GC (Allocation Failure)  105471K->28507K(257536K), 0.0033508 secs]
209787.710: [GC (Allocation Failure)  105819K->28613K(257024K), 0.0038167 secs]
209912.942: [GC (Allocation Failure)  105925K->28837K(257536K), 0.0028615 secs]
210041.003: [GC (Allocation Failure)  106661K->28383K(257536K), 0.0033238 secs]
210157.428: [GC (Allocation Failure)  106207K->28676K(257536K), 0.0030773 secs]
210274.674: [GC (Allocation Failure)  106500K->28466K(257536K), 0.0028356 secs]
210401.055: [GC (Allocation Failure)  106290K->28645K(257536K), 0.0027868 secs]
210528.899: [GC (Allocation Failure)  106469K->28531K(257536K), 0.0028752 secs]
210655.505: [GC (Allocation Failure)  106355K->28549K(258048K), 0.0027980 secs]
210772.992: [GC (Allocation Failure)  106885K->29034K(257536K), 0.0029422 secs]
210891.126: [GC (Allocation Failure)  107370K->28567K(257536K), 0.0029154 secs]
211017.886: [GC (Allocation Failure)  106391K->28921K(257536K), 0.0029730 secs]
211146.141: [GC (Allocation Failure)  106745K->28633K(258048K), 0.0030182 secs]
211271.648: [GC (Allocation Failure)  106969K->28765K(257536K), 0.0028472 secs]
211385.982: [GC (Allocation Failure)  107101K->29552K(257024K), 0.0030731 secs]
211501.456: [GC (Allocation Failure)  107376K->29192K(257536K), 0.0029901 secs]
211628.437: [GC (Allocation Failure)  107016K->29491K(257536K), 0.0028901 secs]
211756.104: [GC (Allocation Failure)  107315K->29126K(257536K), 0.0028762 secs]
211881.725: [GC (Allocation Failure)  106950K->29451K(257536K), 0.0048715 secs]
212001.751: [GC (Allocation Failure)  107275K->29344K(257536K), 0.0035820 secs]
212116.324: [GC (Allocation Failure)  107168K->29326K(257536K), 0.0034017 secs]
212241.785: [GC (Allocation Failure)  107150K->29576K(257536K), 0.0033055 secs]
212370.081: [GC (Allocation Failure)  107400K->29369K(257536K), 0.0029633 secs]
212497.752: [GC (Allocation Failure)  107193K->29621K(257536K), 0.0033987 secs]
212619.423: [GC (Allocation Failure)  107445K->29656K(257536K), 0.0038744 secs]
212650.416: [GC (System.gc())  52048K->29185K(257536K), 0.0024640 secs]
212650.419: [Full GC (System.gc())  29185K->25188K(257536K), 0.0264318 secs]
212766.319: [GC (Allocation Failure)  103012K->27734K(257536K), 0.0027075 secs]
212891.864: [GC (Allocation Failure)  105558K->28187K(257536K), 0.0026295 secs]
213021.405: [GC (Allocation Failure)  106011K->27830K(257536K), 0.0029024 secs]
213147.836: [GC (Allocation Failure)  105654K->28137K(257536K), 0.0027041 secs]
213266.265: [GC (Allocation Failure)  105961K->28397K(257536K), 0.0029604 secs]
213380.185: [GC (Allocation Failure)  106221K->28749K(257536K), 0.0030437 secs]
213508.230: [GC (Allocation Failure)  106573K->28718K(257536K), 0.0029524 secs]
213634.303: [GC (Allocation Failure)  106542K->28365K(257536K), 0.0028497 secs]
213760.228: [GC (Allocation Failure)  106189K->28589K(257536K), 0.0035312 secs]
213881.989: [GC (Allocation Failure)  106413K->28434K(257536K), 0.0028954 secs]
213994.651: [GC (Allocation Failure)  106258K->28819K(257536K), 0.0030790 secs]
214121.760: [GC (Allocation Failure)  106643K->28596K(257536K), 0.0038598 secs]
214248.334: [GC (Allocation Failure)  106420K->28653K(258048K), 0.0029801 secs]
214373.031: [GC (Allocation Failure)  107501K->28846K(258048K), 0.0029516 secs]
214501.041: [GC (Allocation Failure)  107694K->28339K(258048K), 0.0028721 secs]
214613.075: [GC (Allocation Failure)  107187K->28974K(258048K), 0.0029920 secs]
214743.102: [GC (Allocation Failure)  107822K->28482K(258048K), 0.0028236 secs]
214871.865: [GC (Allocation Failure)  107330K->28863K(258048K), 0.0030768 secs]
214998.929: [GC (Allocation Failure)  107711K->29087K(258048K), 0.0029107 secs]
215125.362: [GC (Allocation Failure)  107935K->28635K(258048K), 0.0029218 secs]
215238.967: [GC (Allocation Failure)  107483K->29294K(257024K), 0.0029240 secs]
215366.602: [GC (Allocation Failure)  107118K->28838K(257536K), 0.0029981 secs]
215492.003: [GC (Allocation Failure)  106662K->29125K(258048K), 0.0028258 secs]
215612.021: [GC (Allocation Failure)  107973K->29690K(258048K), 0.0029270 secs]
215740.825: [GC (Allocation Failure)  108530K->29267K(257024K), 0.0028998 secs]
215850.444: [GC (Allocation Failure)  107091K->30075K(257536K), 0.0028522 secs]
215978.221: [GC (Allocation Failure)  107899K->29551K(257536K), 0.0029953 secs]
216102.265: [GC (Allocation Failure)  107375K->29773K(257536K), 0.0028306 secs]
216228.145: [GC (Allocation Failure)  107597K->29634K(257536K), 0.0028499 secs]
216250.447: [GC (System.gc())  44056K->29338K(257536K), 0.0022164 secs]
216250.449: [Full GC (System.gc())  29338K->25152K(257536K), 0.0276942 secs]
216376.792: [GC (Allocation Failure)  102976K->26976K(257536K), 0.0025480 secs]
216485.886: [GC (Allocation Failure)  104800K->28713K(257536K), 0.0028611 secs]
216612.698: [GC (Allocation Failure)  106537K->28151K(257536K), 0.0065029 secs]
216740.546: [GC (Allocation Failure)  105975K->28439K(257536K), 0.0035511 secs]
216864.538: [GC (Allocation Failure)  106263K->28303K(257536K), 0.0030437 secs]
216991.489: [GC (Allocation Failure)  106127K->28528K(257536K), 0.0028264 secs]
217100.590: [GC (Allocation Failure)  106352K->28957K(257536K), 0.0031423 secs]
217229.635: [GC (Allocation Failure)  106781K->28304K(257536K), 0.0032958 secs]
217353.980: [GC (Allocation Failure)  106128K->28719K(257536K), 0.0029020 secs]
217480.057: [GC (Allocation Failure)  106543K->28477K(257536K), 0.0028321 secs]
217606.076: [GC (Allocation Failure)  106301K->28623K(257536K), 0.0029293 secs]
217719.875: [GC (Allocation Failure)  106447K->28578K(257536K), 0.0034191 secs]
217842.261: [GC (Allocation Failure)  106402K->28599K(258048K), 0.0033240 secs]
217967.801: [GC (Allocation Failure)  107447K->28941K(258048K), 0.0029482 secs]
218096.914: [GC (Allocation Failure)  107789K->28501K(258048K), 0.0036060 secs]
218224.530: [GC (Allocation Failure)  107349K->28800K(258048K), 0.0028953 secs]
218344.484: [GC (Allocation Failure)  107648K->28393K(258048K), 0.0033452 secs]
218463.360: [GC (Allocation Failure)  107241K->28909K(258048K), 0.0037670 secs]
218590.766: [GC (Allocation Failure)  107757K->29057K(258048K), 0.0029964 secs]
218720.772: [GC (Allocation Failure)  107905K->28671K(258048K), 0.0031431 secs]
218848.980: [GC (Allocation Failure)  107519K->29115K(258048K), 0.0030569 secs]
218970.802: [GC (Allocation Failure)  107963K->28494K(258048K), 0.0029880 secs]
219089.014: [GC (Allocation Failure)  107342K->29180K(258048K), 0.0032551 secs]
219213.148: [GC (Allocation Failure)  108028K->29263K(258048K), 0.0028822 secs]
219342.361: [GC (Allocation Failure)  108111K->29055K(258048K), 0.0028951 secs]
219470.858: [GC (Allocation Failure)  107903K->29375K(258048K), 0.0029357 secs]
219593.203: [GC (Allocation Failure)  108223K->28993K(258048K), 0.0029428 secs]
219710.889: [GC (Allocation Failure)  107841K->29493K(258048K), 0.0030703 secs]
219830.907: [GC (Allocation Failure)  108341K->29352K(258048K), 0.0030426 secs]
219850.479: [GC (System.gc())  42049K->29153K(258048K), 0.0023097 secs]
219850.481: [Full GC (System.gc())  29153K->25055K(258048K), 0.0335792 secs]
219978.756: [GC (Allocation Failure)  103903K->26975K(257024K), 0.0034567 secs]
220106.012: [GC (Allocation Failure)  104799K->27327K(257536K), 0.0026524 secs]
220227.892: [GC (Allocation Failure)  105151K->27299K(257536K), 0.0027195 secs]
220342.365: [GC (Allocation Failure)  105123K->28598K(257536K), 0.0028508 secs]
220467.847: [GC (Allocation Failure)  106422K->28093K(257536K), 0.0029262 secs]
220592.720: [GC (Allocation Failure)  105917K->28558K(257536K), 0.0046516 secs]
220721.005: [GC (Allocation Failure)  106382K->28380K(257536K), 0.0029250 secs]
220841.815: [GC (Allocation Failure)  106204K->28321K(257536K), 0.0028866 secs]
220955.188: [GC (Allocation Failure)  106145K->28695K(257536K), 0.0032245 secs]
221081.043: [GC (Allocation Failure)  106519K->28220K(257536K), 0.0030037 secs]
221207.560: [GC (Allocation Failure)  106044K->28554K(257536K), 0.0031674 secs]
221332.896: [GC (Allocation Failure)  106378K->28252K(257536K), 0.0028905 secs]
221453.752: [GC (Allocation Failure)  106076K->28484K(258048K), 0.0031020 secs]
221569.233: [GC (Allocation Failure)  107332K->28846K(258048K), 0.0028556 secs]
221699.879: [GC (Allocation Failure)  107694K->28189K(257024K), 0.0029581 secs]
221823.823: [GC (Allocation Failure)  106013K->28741K(257536K), 0.0029989 secs]
221952.867: [GC (Allocation Failure)  106565K->28402K(258048K), 0.0032455 secs]
222077.056: [GC (Allocation Failure)  106738K->28602K(257536K), 0.0029248 secs]
222187.695: [GC (Allocation Failure)  106938K->29215K(257024K), 0.0030292 secs]
222314.329: [GC (Allocation Failure)  107039K->28566K(257536K), 0.0030165 secs]
222442.152: [GC (Allocation Failure)  106390K->28980K(257536K), 0.0031999 secs]
222570.763: [GC (Allocation Failure)  106804K->28632K(257536K), 0.0037689 secs]
222692.969: [GC (Allocation Failure)  106456K->28967K(258048K), 0.0032266 secs]
222803.071: [GC (Allocation Failure)  107815K->29314K(258048K), 0.0028594 secs]
222933.089: [GC (Allocation Failure)  108162K->28676K(257024K), 0.0030173 secs]
223060.630: [GC (Allocation Failure)  106500K->29272K(257536K), 0.0028645 secs]
223187.479: [GC (Allocation Failure)  107096K->28902K(257536K), 0.0028726 secs]
223312.280: [GC (Allocation Failure)  106726K->29047K(257536K), 0.0028019 secs]
223421.073: [GC (Allocation Failure)  106871K->29265K(257024K), 0.0030732 secs]
223450.517: [GC (System.gc())  48006K->28801K(257536K), 0.0022000 secs]
223450.519: [Full GC (System.gc())  28801K->25186K(257536K), 0.0331428 secs]
223576.568: [GC (Allocation Failure)  103010K->27010K(257024K), 0.0026044 secs]
223703.109: [GC (Allocation Failure)  104834K->27586K(257536K), 0.0026849 secs]
223832.355: [GC (Allocation Failure)  105410K->27010K(257536K), 0.0027367 secs]
223951.340: [GC (Allocation Failure)  104834K->27842K(257536K), 0.0027562 secs]
224059.904: [GC (Allocation Failure)  105666K->28864K(257536K), 0.0030945 secs]
224184.165: [GC (Allocation Failure)  106688K->28929K(257536K), 0.0028937 secs]
224312.903: [GC (Allocation Failure)  106753K->29056K(256512K), 0.0029301 secs]
224439.759: [GC (Allocation Failure)  105856K->28633K(257024K), 0.0040146 secs]
224561.891: [GC (Allocation Failure)  105433K->28987K(257024K), 0.0030105 secs]
224669.797: [GC (Allocation Failure)  105787K->28910K(257024K), 0.0030790 secs]
224793.310: [GC (Allocation Failure)  105710K->29023K(257024K), 0.0028866 secs]
224920.320: [GC (Allocation Failure)  105823K->28998K(257024K), 0.0029934 secs]
225043.345: [GC (Allocation Failure)  105798K->28996K(257024K), 0.0029111 secs]
225166.441: [GC (Allocation Failure)  105796K->29166K(257024K), 0.0028809 secs]
225280.393: [GC (Allocation Failure)  105966K->28736K(257024K), 0.0030655 secs]
225401.133: [GC (Allocation Failure)  105536K->29141K(257024K), 0.0030293 secs]
225526.132: [GC (Allocation Failure)  105941K->28964K(257024K), 0.0029789 secs]
225651.168: [GC (Allocation Failure)  105764K->29283K(257024K), 0.0029009 secs]
225772.956: [GC (Allocation Failure)  106083K->29391K(257024K), 0.0029548 secs]
225892.982: [GC (Allocation Failure)  106191K->29134K(257024K), 0.0030423 secs]
226006.894: [GC (Allocation Failure)  105934K->29555K(257536K), 0.0030590 secs]
226133.424: [GC (Allocation Failure)  107379K->29003K(257536K), 0.0028612 secs]
226261.098: [GC (Allocation Failure)  106827K->29469K(257536K), 0.0029745 secs]
226383.491: [GC (Allocation Failure)  107293K->29674K(257536K), 0.0029186 secs]
226506.968: [GC (Allocation Failure)  107498K->29265K(257536K), 0.0036713 secs]
226621.615: [GC (Allocation Failure)  107089K->29862K(257536K), 0.0032171 secs]
226750.602: [GC (Allocation Failure)  107686K->29272K(257536K), 0.0027669 secs]
226874.376: [GC (Allocation Failure)  107096K->29635K(257536K), 0.0027861 secs]
227001.349: [GC (Allocation Failure)  107459K->29896K(257536K), 0.0028412 secs]
227050.554: [GC (System.gc())  60780K->29168K(257536K), 0.0024372 secs]
227050.557: [Full GC (System.gc())  29168K->25129K(257536K), 0.0263081 secs]
227164.510: [GC (Allocation Failure)  102953K->27520K(257536K), 0.0033471 secs]
227283.618: [GC (Allocation Failure)  105344K->28608K(257536K), 0.0028927 secs]
227413.327: [GC (Allocation Failure)  106432K->28005K(257536K), 0.0028287 secs]
227539.958: [GC (Allocation Failure)  105829K->28467K(257536K), 0.0028082 secs]
227663.631: [GC (Allocation Failure)  106291K->28238K(257536K), 0.0028616 secs]
227783.640: [GC (Allocation Failure)  106062K->28658K(257536K), 0.0029181 secs]
227901.467: [GC (Allocation Failure)  106482K->28818K(257536K), 0.0028433 secs]
228028.017: [GC (Allocation Failure)  106642K->28177K(257536K), 0.0028633 secs]
228150.823: [GC (Allocation Failure)  106001K->29049K(257536K), 0.0029731 secs]
228272.475: [GC (Allocation Failure)  106873K->28861K(257536K), 0.0035840 secs]
228393.438: [GC (Allocation Failure)  106685K->29115K(257536K), 0.0028979 secs]
228508.067: [GC (Allocation Failure)  106939K->29497K(257536K), 0.0029317 secs]
228634.634: [GC (Allocation Failure)  107321K->28751K(256512K), 0.0029688 secs]
228759.935: [GC (Allocation Failure)  105551K->29146K(257024K), 0.0032706 secs]
228883.504: [GC (Allocation Failure)  105946K->28970K(257024K), 0.0030338 secs]
229003.813: [GC (Allocation Failure)  105770K->29327K(257024K), 0.0033895 secs]
229114.721: [GC (Allocation Failure)  106127K->29358K(257024K), 0.0049917 secs]
229241.914: [GC (Allocation Failure)  106158K->29037K(257024K), 0.0028898 secs]
229363.565: [GC (Allocation Failure)  105837K->29549K(257024K), 0.0029306 secs]
229490.039: [GC (Allocation Failure)  106349K->29133K(257024K), 0.0028336 secs]
229613.159: [GC (Allocation Failure)  105933K->29304K(257536K), 0.0032516 secs]
229723.179: [GC (Allocation Failure)  106616K->29556K(257024K), 0.0034813 secs]
229849.449: [GC (Allocation Failure)  106868K->29476K(257536K), 0.0029320 secs]
229972.799: [GC (Allocation Failure)  107300K->29793K(257536K), 0.0030100 secs]
230101.860: [GC (Allocation Failure)  107617K->29315K(257536K), 0.0028123 secs]
230227.484: [GC (Allocation Failure)  107139K->29870K(257536K), 0.0028242 secs]
230336.033: [GC (Allocation Failure)  107694K->29602K(257536K), 0.0028321 secs]
230463.710: [GC (Allocation Failure)  107426K->29790K(257536K), 0.0061596 secs]
230588.863: [GC (Allocation Failure)  107614K->29995K(257536K), 0.0028803 secs]
230650.585: [GC (System.gc())  68040K->29442K(257536K), 0.0027567 secs]
230650.588: [Full GC (System.gc())  29442K->25234K(257536K), 0.0326992 secs]
230776.395: [GC (Allocation Failure)  103058K->27058K(257536K), 0.0026430 secs]
230901.216: [GC (Allocation Failure)  104882K->27762K(255488K), 0.0027720 secs]
231013.690: [GC (Allocation Failure)  105586K->28413K(257536K), 0.0029789 secs]
231140.259: [GC (Allocation Failure)  105725K->28591K(257024K), 0.0027472 secs]
231263.397: [GC (Allocation Failure)  105903K->28489K(257536K), 0.0029671 secs]
231390.395: [GC (Allocation Failure)  106313K->28809K(257536K), 0.0028358 secs]
231514.106: [GC (Allocation Failure)  106633K->28824K(257536K), 0.0028978 secs]
231626.537: [GC (Allocation Failure)  106648K->28665K(257536K), 0.0029668 secs]
231753.903: [GC (Allocation Failure)  106489K->29004K(257536K), 0.0029158 secs]
231877.717: [GC (Allocation Failure)  106828K->28524K(257536K), 0.0037074 secs]
232003.966: [GC (Allocation Failure)  106348K->28874K(257536K), 0.0028860 secs]
232130.829: [GC (Allocation Failure)  106698K->28328K(257536K), 0.0090289 secs]
232241.632: [GC (Allocation Failure)  106152K->28844K(257536K), 0.0030342 secs]
232361.426: [GC (Allocation Failure)  106668K->29276K(257536K), 0.0031147 secs]
232485.930: [GC (Allocation Failure)  107100K->29024K(257536K), 0.0029958 secs]
232612.182: [GC (Allocation Failure)  106848K->29488K(257536K), 0.0029380 secs]
232740.536: [GC (Allocation Failure)  107312K->29065K(257536K), 0.0030581 secs]
232850.155: [GC (Allocation Failure)  106889K->29633K(257536K), 0.0033439 secs]
232972.306: [GC (Allocation Failure)  107457K->29807K(256512K), 0.0029527 secs]
233099.813: [GC (Allocation Failure)  106607K->29366K(257024K), 0.0035036 secs]
233223.948: [GC (Allocation Failure)  106166K->29810K(257024K), 0.0029314 secs]
233351.571: [GC (Allocation Failure)  106610K->29449K(257024K), 0.0028974 secs]
233464.426: [GC (Allocation Failure)  106249K->29589K(257536K), 0.0044002 secs]
233582.234: [GC (Allocation Failure)  107413K->30179K(257536K), 0.0030338 secs]
233711.065: [GC (Allocation Failure)  108003K->29456K(256512K), 0.0029694 secs]
233833.850: [GC (Allocation Failure)  106256K->30149K(257024K), 0.0031534 secs]
233962.208: [GC (Allocation Failure)  106949K->29625K(257024K), 0.0028665 secs]
234080.658: [GC (Allocation Failure)  106425K->30080K(257024K), 0.0031566 secs]
234190.677: [GC (Allocation Failure)  106880K->30490K(257536K), 0.0032280 secs]
234250.622: [GC (System.gc())  67617K->29664K(256000K), 0.0025538 secs]
234250.625: [Full GC (System.gc())  29664K->25219K(256000K), 0.0335827 secs]
234374.502: [GC (Allocation Failure)  103043K->27075K(257024K), 0.0027813 secs]
234502.354: [GC (Allocation Failure)  103875K->27619K(257024K), 0.0025844 secs]
234628.733: [GC (Allocation Failure)  104419K->26915K(257024K), 0.0037453 secs]
234736.735: [GC (Allocation Failure)  103715K->28346K(257024K), 0.0132681 secs]
234856.792: [GC (Allocation Failure)  105146K->28448K(257024K), 0.0031043 secs]
234982.516: [GC (Allocation Failure)  105248K->28608K(257024K), 0.0027809 secs]
235108.138: [GC (Allocation Failure)  105408K->28883K(257024K), 0.0028868 secs]
235234.202: [GC (Allocation Failure)  105683K->28275K(257024K), 0.0029535 secs]
235351.280: [GC (Allocation Failure)  105075K->28654K(257536K), 0.0029153 secs]
235464.592: [GC (Allocation Failure)  106478K->28590K(257536K), 0.0030576 secs]
235592.585: [GC (Allocation Failure)  106414K->28764K(257536K), 0.0028214 secs]
235720.102: [GC (Allocation Failure)  106588K->28755K(257536K), 0.0027663 secs]
235844.694: [GC (Allocation Failure)  106579K->28658K(257536K), 0.0034310 secs]
235963.912: [GC (Allocation Failure)  106482K->29006K(257536K), 0.0028933 secs]
236081.388: [GC (Allocation Failure)  106830K->28702K(257536K), 0.0030153 secs]
236206.411: [GC (Allocation Failure)  106526K->28746K(257536K), 0.0027772 secs]
236333.260: [GC (Allocation Failure)  106570K->28728K(257536K), 0.0029055 secs]
236461.449: [GC (Allocation Failure)  106552K->28937K(257536K), 0.0028822 secs]
236573.900: [GC (Allocation Failure)  106761K->29476K(257536K), 0.0037288 secs]
236689.630: [GC (Allocation Failure)  107300K->29261K(257536K), 0.0029838 secs]
236814.572: [GC (Allocation Failure)  107085K->29539K(257536K), 0.0029386 secs]
236942.744: [GC (Allocation Failure)  107363K->29261K(257536K), 0.0034946 secs]
237071.075: [GC (Allocation Failure)  107085K->29498K(257536K), 0.0029518 secs]
237191.985: [GC (Allocation Failure)  107322K->29751K(257536K), 0.0029948 secs]
237303.907: [GC (Allocation Failure)  107575K->29604K(257536K), 0.0032359 secs]
237431.568: [GC (Allocation Failure)  107428K->29717K(257536K), 0.0051478 secs]
237558.283: [GC (Allocation Failure)  107541K->29445K(257536K), 0.0031153 secs]
237684.556: [GC (Allocation Failure)  107269K->29740K(257536K), 0.0033161 secs]
237804.848: [GC (Allocation Failure)  107564K->29959K(257536K), 0.0031470 secs]
237850.660: [GC (System.gc())  59494K->29478K(257536K), 0.0024561 secs]
237850.663: [Full GC (System.gc())  29478K->25221K(257536K), 0.0281156 secs]
237964.600: [GC (Allocation Failure)  103045K->27741K(257536K), 0.0111353 secs]
238092.700: [GC (Allocation Failure)  105565K->28189K(257536K), 0.0027991 secs]
238221.672: [GC (Allocation Failure)  106013K->27864K(256512K), 0.0028076 secs]
238344.665: [GC (Allocation Failure)  104664K->28202K(257024K), 0.0027195 secs]
238464.011: [GC (Allocation Failure)  105002K->28245K(257536K), 0.0029619 secs]
238574.846: [GC (Allocation Failure)  106069K->28897K(257536K), 0.0029347 secs]
238704.248: [GC (Allocation Failure)  106721K->28724K(257536K), 0.0028835 secs]
238832.556: [GC (Allocation Failure)  106548K->28387K(257536K), 0.0032773 secs]
238955.052: [GC (Allocation Failure)  106211K->28752K(257536K), 0.0030108 secs]
239080.192: [GC (Allocation Failure)  106576K->28400K(257536K), 0.0028040 secs]
239192.270: [GC (Allocation Failure)  106224K->28942K(257536K), 0.0031185 secs]
239318.601: [GC (Allocation Failure)  106766K->28733K(257536K), 0.0036776 secs]
239444.821: [GC (Allocation Failure)  106557K->28706K(257536K), 0.0030091 secs]
239568.748: [GC (Allocation Failure)  106530K->28910K(257536K), 0.0028235 secs]
239694.514: [GC (Allocation Failure)  106734K->28413K(257536K), 0.0029447 secs]
239804.996: [GC (Allocation Failure)  106237K->29099K(257536K), 0.0029483 secs]
239932.926: [GC (Allocation Failure)  106923K->28616K(257536K), 0.0027748 secs]
240060.591: [GC (Allocation Failure)  106440K->28770K(257536K), 0.0081366 secs]
240184.439: [GC (Allocation Failure)  106593K->29123K(257536K), 0.0028801 secs]
240312.964: [GC (Allocation Failure)  106947K->28708K(257536K), 0.0030781 secs]
240421.733: [GC (Allocation Failure)  106532K->29322K(257536K), 0.0031629 secs]
240549.384: [GC (Allocation Failure)  107146K->28867K(257536K), 0.0028304 secs]
240674.992: [GC (Allocation Failure)  106691K->29162K(258048K), 0.0028480 secs]
240794.290: [GC (Allocation Failure)  107498K->29796K(257536K), 0.0029384 secs]
240924.101: [GC (Allocation Failure)  108132K->29238K(257536K), 0.0027806 secs]
241035.039: [GC (Allocation Failure)  107062K->29624K(257536K), 0.0030977 secs]
241160.313: [GC (Allocation Failure)  107448K->29491K(257536K), 0.0031705 secs]
241285.289: [GC (Allocation Failure)  107315K->29680K(257536K), 0.0029269 secs]
241411.668: [GC (Allocation Failure)  107504K->29901K(257536K), 0.0029683 secs]
241450.693: [GC (System.gc())  55149K->29252K(257536K), 0.0023542 secs]
241450.695: [Full GC (System.gc())  29252K->25206K(257536K), 0.0261485 secs]
241575.335: [GC (Allocation Failure)  103030K->27030K(257536K), 0.0025427 secs]
241685.130: [GC (Allocation Failure)  104854K->28722K(257536K), 0.0027888 secs]
241813.689: [GC (Allocation Failure)  106546K->28096K(257536K), 0.0029317 secs]
241941.737: [GC (Allocation Failure)  105920K->28544K(257536K), 0.0031439 secs]
242064.834: [GC (Allocation Failure)  106368K->28436K(257536K), 0.0029919 secs]
242192.694: [GC (Allocation Failure)  106260K->28609K(257536K), 0.0031182 secs]
242301.790: [GC (Allocation Failure)  106433K->29037K(257536K), 0.0030821 secs]
242429.055: [GC (Allocation Failure)  106861K->28412K(257536K), 0.0030272 secs]
242555.050: [GC (Allocation Failure)  106236K->28911K(257536K), 0.0029806 secs]
242680.530: [GC (Allocation Failure)  106735K->28470K(257536K), 0.0030223 secs]
242805.491: [GC (Allocation Failure)  106294K->28678K(257536K), 0.0031609 secs]
242920.551: [GC (Allocation Failure)  106502K->28618K(257536K), 0.0032477 secs]
243043.247: [GC (Allocation Failure)  106442K->28852K(257024K), 0.0031203 secs]
243165.545: [GC (Allocation Failure)  106676K->28851K(257536K), 0.0037745 secs]
243294.729: [GC (Allocation Failure)  106675K->28475K(258048K), 0.0032562 secs]
243423.292: [GC (Allocation Failure)  106811K->28849K(257536K), 0.0030118 secs]
243543.310: [GC (Allocation Failure)  107185K->28233K(257024K), 0.0109206 secs]
243659.736: [GC (Allocation Failure)  106057K->28934K(257536K), 0.0033071 secs]
243783.351: [GC (Allocation Failure)  106758K->29111K(257024K), 0.0028950 secs]
243912.942: [GC (Allocation Failure)  106935K->28678K(257536K), 0.0029552 secs]
244036.896: [GC (Allocation Failure)  106502K->29030K(258048K), 0.0027368 secs]
244162.039: [GC (Allocation Failure)  107366K->28945K(257536K), 0.0029268 secs]
244275.540: [GC (Allocation Failure)  107281K->29236K(258048K), 0.0034160 secs]
244403.409: [GC (Allocation Failure)  108084K->29233K(258048K), 0.0028793 secs]
244533.414: [GC (Allocation Failure)  108081K->28889K(258048K), 0.0029375 secs]
244660.802: [GC (Allocation Failure)  107737K->29329K(258048K), 0.0028188 secs]
244783.443: [GC (Allocation Failure)  108177K->29098K(258048K), 0.0030599 secs]
244900.835: [GC (Allocation Failure)  107946K->29441K(258048K), 0.0030970 secs]
245020.855: [GC (Allocation Failure)  108289K->29617K(258048K), 0.0030274 secs]
245050.723: [GC (System.gc())  48875K->29229K(258048K), 0.0024158 secs]
245050.726: [Full GC (System.gc())  29229K->25096K(258048K), 0.0277877 secs]
245177.119: [GC (Allocation Failure)  103944K->27016K(257024K), 0.0026274 secs]
245305.592: [GC (Allocation Failure)  104840K->27240K(257536K), 0.0042128 secs]
245425.908: [GC (Allocation Failure)  105064K->27372K(257536K), 0.0031882 secs]
245543.517: [GC (Allocation Failure)  105196K->28561K(257536K), 0.0028785 secs]
245665.942: [GC (Allocation Failure)  106385K->28146K(257536K), 0.0031665 secs]
245793.584: [GC (Allocation Failure)  105970K->28530K(257536K), 0.0030720 secs]
245922.275: [GC (Allocation Failure)  106354K->28393K(257536K), 0.0030396 secs]
246042.669: [GC (Allocation Failure)  106217K->28503K(257536K), 0.0029625 secs]
246155.807: [GC (Allocation Failure)  106327K->28773K(257536K), 0.0030738 secs]
246282.820: [GC (Allocation Failure)  106597K->28320K(257536K), 0.0030422 secs]
246407.064: [GC (Allocation Failure)  106144K->28581K(257536K), 0.0030502 secs]
246535.358: [GC (Allocation Failure)  106405K->28384K(257536K), 0.0029768 secs]
246655.811: [GC (Allocation Failure)  106208K->28549K(258048K), 0.0032582 secs]
246770.419: [GC (Allocation Failure)  107397K->28998K(258048K), 0.0033842 secs]
246901.126: [GC (Allocation Failure)  107846K->28229K(257024K), 0.0028409 secs]
247025.872: [GC (Allocation Failure)  106053K->28859K(257536K), 0.0031545 secs]
247154.148: [GC (Allocation Failure)  106683K->28421K(257536K), 0.0028328 secs]
247276.096: [GC (Allocation Failure)  106245K->28800K(257536K), 0.0027787 secs]
247385.925: [GC (Allocation Failure)  106624K->29241K(257536K), 0.0029173 secs]
247514.657: [GC (Allocation Failure)  107065K->28505K(257536K), 0.0033780 secs]
247643.021: [GC (Allocation Failure)  106329K->29078K(257536K), 0.0029129 secs]
247770.498: [GC (Allocation Failure)  106902K->28702K(257536K), 0.0028158 secs]
247893.858: [GC (Allocation Failure)  106526K->28986K(257536K), 0.0028082 secs]
248003.788: [GC (Allocation Failure)  106810K->29384K(257536K), 0.0029664 secs]
248132.569: [GC (Allocation Failure)  107208K->28783K(257536K), 0.0033678 secs]
248256.217: [GC (Allocation Failure)  106607K->29341K(257536K), 0.0030200 secs]
248383.922: [GC (Allocation Failure)  107165K->28975K(257536K), 0.0028890 secs]
248509.941: [GC (Allocation Failure)  106799K->28874K(257536K), 0.0028280 secs]
248616.890: [GC (Allocation Failure)  106698K->29474K(257536K), 0.0029764 secs]
248650.755: [GC (System.gc())  50350K->28807K(257536K), 0.0026712 secs]
248650.758: [Full GC (System.gc())  28807K->25195K(257536K), 0.0279343 secs]
248776.180: [GC (Allocation Failure)  103019K->26987K(257536K), 0.0025477 secs]
248904.391: [GC (Allocation Failure)  104811K->27563K(257536K), 0.0025990 secs]
249033.896: [GC (Allocation Failure)  105387K->27083K(257536K), 0.0026683 secs]
249152.534: [GC (Allocation Failure)  104907K->27952K(257536K), 0.0026265 secs]
249260.394: [GC (Allocation Failure)  105776K->28918K(257536K), 0.0032061 secs]
249386.141: [GC (Allocation Failure)  106742K->29051K(257024K), 0.0031779 secs]
249514.076: [GC (Allocation Failure)  106875K->29089K(257024K), 0.0031290 secs]
249640.070: [GC (Allocation Failure)  105889K->28827K(257024K), 0.0029160 secs]
249761.918: [GC (Allocation Failure)  105627K->29219K(257024K), 0.0029993 secs]
249870.106: [GC (Allocation Failure)  106019K->29070K(257024K), 0.0030522 secs]
249994.481: [GC (Allocation Failure)  105870K->29155K(257024K), 0.0031251 secs]
250120.429: [GC (Allocation Failure)  105955K->29141K(257024K), 0.0031058 secs]
250244.530: [GC (Allocation Failure)  105941K->29187K(257024K), 0.0029509 secs]
250366.402: [GC (Allocation Failure)  105987K->29283K(257024K), 0.0030260 secs]
250480.315: [GC (Allocation Failure)  106083K->28713K(257024K), 0.0092363 secs]
250601.504: [GC (Allocation Failure)  105513K->29274K(257024K), 0.0032164 secs]
250726.316: [GC (Allocation Failure)  106074K->29147K(257024K), 0.0030722 secs]
250850.510: [GC (Allocation Failure)  105947K->29413K(257024K), 0.0029103 secs]
250974.101: [GC (Allocation Failure)  106213K->29664K(257024K), 0.0033116 secs]
251094.119: [GC (Allocation Failure)  106464K->29233K(257024K), 0.0032009 secs]
251206.596: [GC (Allocation Failure)  106033K->29587K(257024K), 0.0104333 secs]
251334.037: [GC (Allocation Failure)  106387K->29217K(257024K), 0.0036179 secs]
251456.570: [GC (Allocation Failure)  106015K->29503K(257024K), 0.0034452 secs]
251580.595: [GC (Allocation Failure)  106303K->29733K(257024K), 0.0079132 secs]
251701.778: [GC (Allocation Failure)  106533K->29378K(257536K), 0.0031598 secs]
251814.380: [GC (Allocation Failure)  107202K->29854K(257536K), 0.0028857 secs]
251944.175: [GC (Allocation Failure)  107678K->29321K(257536K), 0.0029004 secs]
252068.564: [GC (Allocation Failure)  107145K->29685K(257536K), 0.0032694 secs]
252194.239: [GC (Allocation Failure)  107509K->29909K(257536K), 0.0029504 secs]
252250.788: [GC (System.gc())  65047K->29295K(257536K), 0.0026089 secs]
252250.790: [Full GC (System.gc())  29295K->25135K(257536K), 0.0306768 secs]
252366.693: [GC (Allocation Failure)  102959K->27572K(257536K), 0.0028957 secs]
252486.535: [GC (Allocation Failure)  105396K->28532K(257536K), 0.0033748 secs]
252614.483: [GC (Allocation Failure)  106356K->28011K(257536K), 0.0028375 secs]
252740.748: [GC (Allocation Failure)  105835K->28473K(257536K), 0.0027804 secs]
252864.987: [GC (Allocation Failure)  106297K->28237K(257536K), 0.0028320 secs]
252984.607: [GC (Allocation Failure)  106061K->28657K(257536K), 0.0039846 secs]
253103.246: [GC (Allocation Failure)  106481K->28881K(257536K), 0.0029784 secs]
253229.729: [GC (Allocation Failure)  106705K->28199K(257536K), 0.0030244 secs]
253352.289: [GC (Allocation Failure)  106023K->29059K(257536K), 0.0034308 secs]
253474.591: [GC (Allocation Failure)  106883K->28696K(257536K), 0.0073311 secs]
253594.628: [GC (Allocation Failure)  106520K->29203K(257536K), 0.0030776 secs]
253710.827: [GC (Allocation Failure)  107027K->29484K(257536K), 0.0033927 secs]
253837.064: [GC (Allocation Failure)  107308K->28768K(257536K), 0.0029644 secs]
253961.682: [GC (Allocation Failure)  106592K->29390K(257536K), 0.0030074 secs]
254087.367: [GC (Allocation Failure)  107214K->28852K(256512K), 0.0028908 secs]
254208.284: [GC (Allocation Failure)  105652K->29230K(257024K), 0.0030679 secs]
254322.518: [GC (Allocation Failure)  106030K->29380K(257024K), 0.0031568 secs]
254446.790: [GC (Allocation Failure)  106180K->29259K(257024K), 0.0030875 secs]
254567.243: [GC (Allocation Failure)  106059K->29598K(257024K), 0.0029570 secs]
254694.495: [GC (Allocation Failure)  106398K->29216K(257024K), 0.0028824 secs]
254816.680: [GC (Allocation Failure)  106016K->29642K(257024K), 0.0029555 secs]
254927.086: [GC (Allocation Failure)  106442K->29623K(257024K), 0.0030970 secs]
255054.044: [GC (Allocation Failure)  106423K->29684K(257536K), 0.0029376 secs]
255175.313: [GC (Allocation Failure)  106996K->29859K(257024K), 0.0031289 secs]
255304.556: [GC (Allocation Failure)  107171K->29659K(257536K), 0.0031559 secs]
255430.905: [GC (Allocation Failure)  107483K->29874K(257536K), 0.0028344 secs]
255540.105: [GC (Allocation Failure)  107698K->29707K(257536K), 0.0028211 secs]
255666.125: [GC (Allocation Failure)  107531K->29863K(257536K), 0.0028478 secs]
255791.511: [GC (Allocation Failure)  107687K->30101K(257536K), 0.0028761 secs]
255850.823: [GC (System.gc())  67035K->29569K(257536K), 0.0024610 secs]
255850.825: [Full GC (System.gc())  29569K->25252K(257536K), 0.0322832 secs]
255976.983: [GC (Allocation Failure)  103076K->27044K(256512K), 0.0030042 secs]
256097.892: [GC (Allocation Failure)  103844K->27702K(257024K), 0.0028109 secs]
256212.214: [GC (Allocation Failure)  104495K->28251K(257024K), 0.0029378 secs]
256334.990: [GC (Allocation Failure)  105051K->28621K(257024K), 0.0029408 secs]
256457.274: [GC (Allocation Failure)  105420K->28627K(257536K), 0.0028102 secs]
256585.017: [GC (Allocation Failure)  106451K->28626K(257536K), 0.0028678 secs]
256710.728: [GC (Allocation Failure)  106450K->28901K(257536K), 0.0027486 secs]
256824.286: [GC (Allocation Failure)  106725K->28686K(257536K), 0.0031724 secs]
256948.144: [GC (Allocation Failure)  106510K->28915K(257536K), 0.0030639 secs]
257074.715: [GC (Allocation Failure)  106739K->28563K(257536K), 0.0031173 secs]
257200.737: [GC (Allocation Failure)  106387K->28828K(257536K), 0.0029176 secs]
257327.151: [GC (Allocation Failure)  106652K->28554K(257536K), 0.0033622 secs]
257437.172: [GC (Allocation Failure)  106378K->28782K(257536K), 0.0030847 secs]
257556.910: [GC (Allocation Failure)  106606K->29148K(257536K), 0.0056715 secs]
257683.872: [GC (Allocation Failure)  106972K->28945K(257536K), 0.0030705 secs]
257807.447: [GC (Allocation Failure)  106769K->29404K(257536K), 0.0029569 secs]
257935.201: [GC (Allocation Failure)  107228K->29060K(257536K), 0.0028396 secs]
258047.232: [GC (Allocation Failure)  106884K->29276K(257536K), 0.0032774 secs]
258167.673: [GC (Allocation Failure)  107100K->29702K(257536K), 0.0031136 secs]
258297.010: [GC (Allocation Failure)  107526K->29128K(257536K), 0.0030391 secs]
258424.553: [GC (Allocation Failure)  106952K->29656K(257536K), 0.0029948 secs]
258552.601: [GC (Allocation Failure)  107480K->29156K(257536K), 0.0104763 secs]
258667.323: [GC (Allocation Failure)  106980K->29471K(257536K), 0.0030726 secs]
258784.946: [GC (Allocation Failure)  107295K->29898K(257536K), 0.0029339 secs]
258913.145: [GC (Allocation Failure)  107722K->29380K(257536K), 0.0029239 secs]
259037.618: [GC (Allocation Failure)  107204K->29936K(257536K), 0.0037782 secs]
259167.336: [GC (Allocation Failure)  107760K->29443K(257536K), 0.0029238 secs]
259287.137: [GC (Allocation Failure)  107267K->29926K(257536K), 0.0032955 secs]
259397.835: [GC (Allocation Failure)  107750K->30073K(257536K), 0.0029608 secs]
259450.859: [GC (System.gc())  62288K->29481K(257536K), 0.0024753 secs]
259450.862: [Full GC (System.gc())  29481K->25209K(257536K), 0.0270715 secs]
259576.989: [GC (Allocation Failure)  103033K->27065K(256512K), 0.0026410 secs]
259704.147: [GC (Allocation Failure)  103865K->27577K(257024K), 0.0029667 secs]
259827.903: [GC (Allocation Failure)  104377K->27065K(257024K), 0.0026416 secs]
259936.739: [GC (Allocation Failure)  103865K->28542K(257024K), 0.0029983 secs]
260057.494: [GC (Allocation Failure)  105342K->28574K(257024K), 0.0029357 secs]
260184.219: [GC (Allocation Failure)  105374K->28584K(257024K), 0.0031949 secs]
260307.778: [GC (Allocation Failure)  105384K->28817K(257536K), 0.0030218 secs]
260436.082: [GC (Allocation Failure)  106641K->28268K(257536K), 0.0028660 secs]
260554.668: [GC (Allocation Failure)  106092K->28656K(257536K), 0.0030693 secs]
260668.016: [GC (Allocation Failure)  106480K->28437K(257536K), 0.0038928 secs]
260796.135: [GC (Allocation Failure)  106261K->28662K(257536K), 0.0032273 secs]
260924.284: [GC (Allocation Failure)  106486K->28649K(257536K), 0.0028148 secs]
261048.630: [GC (Allocation Failure)  106473K->28708K(257536K), 0.0028557 secs]
261167.648: [GC (Allocation Failure)  106532K->29031K(257536K), 0.0035380 secs]
261285.210: [GC (Allocation Failure)  106855K->28647K(257536K), 0.0030809 secs]
261410.277: [GC (Allocation Failure)  106471K->28702K(257536K), 0.0027686 secs]
261537.703: [GC (Allocation Failure)  106526K->28510K(257536K), 0.0031703 secs]
261665.254: [GC (Allocation Failure)  106334K->28827K(257536K), 0.0028955 secs]
261775.733: [GC (Allocation Failure)  106651K->29580K(257024K), 0.0035426 secs]
261893.558: [GC (Allocation Failure)  107404K->29268K(257536K), 0.0044547 secs]
262017.992: [GC (Allocation Failure)  107092K->29517K(257536K), 0.0039052 secs]
262145.984: [GC (Allocation Failure)  107341K->29242K(257536K), 0.0030518 secs]
262274.473: [GC (Allocation Failure)  107066K->29469K(257536K), 0.0030282 secs]
262395.333: [GC (Allocation Failure)  107293K->29690K(257536K), 0.0030403 secs]
262507.820: [GC (Allocation Failure)  107514K->29406K(257536K), 0.0029514 secs]
262635.105: [GC (Allocation Failure)  107230K->29725K(257536K), 0.0029165 secs]
262763.195: [GC (Allocation Failure)  107549K->29501K(257536K), 0.0030326 secs]
262888.104: [GC (Allocation Failure)  107325K->29821K(257536K), 0.0028489 secs]
263010.415: [GC (Allocation Failure)  107645K->29873K(257536K), 0.0029175 secs]
263050.891: [GC (System.gc())  57677K->29355K(257536K), 0.0025586 secs]
263050.893: [Full GC (System.gc())  29355K->25190K(257536K), 0.0262226 secs]
263165.547: [GC (Allocation Failure)  103014K->27741K(257536K), 0.0032553 secs]
263294.226: [GC (Allocation Failure)  105565K->28171K(257536K), 0.0030558 secs]
263421.886: [GC (Allocation Failure)  105995K->27837K(257536K), 0.0029635 secs]
263546.858: [GC (Allocation Failure)  105661K->28216K(257536K), 0.0028183 secs]
263665.982: [GC (Allocation Failure)  106040K->28445K(257536K), 0.0029276 secs]
263779.933: [GC (Allocation Failure)  106269K->28801K(257536K), 0.0030440 secs]
263907.998: [GC (Allocation Failure)  106625K->28702K(257536K), 0.0029691 secs]
264035.510: [GC (Allocation Failure)  106526K->28446K(257536K), 0.0028260 secs]
264161.519: [GC (Allocation Failure)  106270K->28577K(257536K), 0.0032667 secs]
264284.390: [GC (Allocation Failure)  106401K->28376K(257536K), 0.0031321 secs]
264395.543: [GC (Allocation Failure)  106200K->28847K(257536K), 0.0056532 secs]
264523.465: [GC (Allocation Failure)  106671K->28508K(257536K), 0.0028704 secs]
264648.280: [GC (Allocation Failure)  106332K->28656K(258048K), 0.0029389 secs]
264774.508: [GC (Allocation Failure)  106992K->28962K(257536K), 0.0029440 secs]
264898.353: [GC (Allocation Failure)  107298K->28400K(257536K), 0.0029872 secs]
265010.500: [GC (Allocation Failure)  106222K->29033K(257536K), 0.0028963 secs]
265138.307: [GC (Allocation Failure)  106857K->28573K(257536K), 0.0028573 secs]
265265.657: [GC (Allocation Failure)  106397K->28793K(257536K), 0.0029124 secs]
265388.417: [GC (Allocation Failure)  106617K->29161K(257024K), 0.0028431 secs]
265517.913: [GC (Allocation Failure)  106985K->28559K(257536K), 0.0032537 secs]
265626.235: [GC (Allocation Failure)  106383K->29256K(257536K), 0.0029969 secs]
265754.975: [GC (Allocation Failure)  107080K->28856K(257536K), 0.0030251 secs]
265880.450: [GC (Allocation Failure)  106680K->29110K(258048K), 0.0027837 secs]
265998.495: [GC (Allocation Failure)  107446K->29776K(257536K), 0.0029171 secs]
266128.514: [GC (Allocation Failure)  108112K->29166K(257536K), 0.0030975 secs]
266238.285: [GC (Allocation Failure)  106990K->29780K(257536K), 0.0034590 secs]
266365.768: [GC (Allocation Failure)  107604K->29403K(257536K), 0.0031139 secs]
266492.402: [GC (Allocation Failure)  107227K->29617K(257536K), 0.0030220 secs]
266615.801: [GC (Allocation Failure)  107441K->29842K(257536K), 0.0029202 secs]
266650.922: [GC (System.gc())  52704K->29295K(257536K), 0.0023920 secs]
266650.924: [Full GC (System.gc())  29295K->25174K(257536K), 0.0267323 secs]
266777.915: [GC (Allocation Failure)  102998K->26998K(257536K), 0.0025993 secs]
266886.409: [GC (Allocation Failure)  104822K->28781K(257536K), 0.0034229 secs]
267015.840: [GC (Allocation Failure)  106605K->28081K(257536K), 0.0028878 secs]
267142.283: [GC (Allocation Failure)  105905K->28447K(257536K), 0.0032699 secs]
267266.465: [GC (Allocation Failure)  106271K->28326K(257536K), 0.0028827 secs]
267394.342: [GC (Allocation Failure)  106150K->28531K(257536K), 0.0030381 secs]
267502.594: [GC (Allocation Failure)  106355K->28850K(257536K), 0.0067575 secs]
267628.717: [GC (Allocation Failure)  106674K->28320K(257536K), 0.0028285 secs]
267755.914: [GC (Allocation Failure)  106144K->28627K(257536K), 0.0029748 secs]
267882.021: [GC (Allocation Failure)  106451K->28357K(257536K), 0.0029816 secs]
268007.158: [GC (Allocation Failure)  106181K->28557K(258048K), 0.0031027 secs]
268122.293: [GC (Allocation Failure)  106893K->28360K(257536K), 0.0029576 secs]
268245.971: [GC (Allocation Failure)  106696K->28590K(258048K), 0.0030025 secs]
268369.497: [GC (Allocation Failure)  107438K->28818K(258048K), 0.0028470 secs]
268498.824: [GC (Allocation Failure)  107666K->28421K(258048K), 0.0030707 secs]
268628.417: [GC (Allocation Failure)  107269K->28842K(258048K), 0.0028571 secs]
268748.110: [GC (Allocation Failure)  107690K->28505K(258048K), 0.0029775 secs]
268868.625: [GC (Allocation Failure)  107353K->28830K(258048K), 0.0029026 secs]
268995.411: [GC (Allocation Failure)  107678K->29017K(258048K), 0.0028868 secs]
269126.010: [GC (Allocation Failure)  107865K->28669K(258048K), 0.0030069 secs]
269254.191: [GC (Allocation Failure)  107517K->29118K(258048K), 0.0029498 secs]
269374.477: [GC (Allocation Failure)  107966K->28596K(258048K), 0.0030670 secs]
269494.228: [GC (Allocation Failure)  107444K->29163K(258048K), 0.0029434 secs]
269618.726: [GC (Allocation Failure)  108011K->29139K(258048K), 0.0028595 secs]
269746.649: [GC (Allocation Failure)  107987K->29097K(258048K), 0.0029246 secs]
269876.117: [GC (Allocation Failure)  107945K->29323K(258048K), 0.0028616 secs]
269998.019: [GC (Allocation Failure)  108171K->29003K(258048K), 0.0029849 secs]
270116.155: [GC (Allocation Failure)  107851K->29459K(258048K), 0.0031770 secs]
270235.702: [GC (Allocation Failure)  108307K->29337K(258048K), 0.0029454 secs]
270250.953: [GC (System.gc())  40292K->29085K(258048K), 0.0022838 secs]
270250.955: [Full GC (System.gc())  29085K->25052K(258048K), 0.0256839 secs]
270379.049: [GC (Allocation Failure)  103900K->26940K(257024K), 0.0026082 secs]
270506.905: [GC (Allocation Failure)  104764K->27292K(257536K), 0.0026150 secs]
270628.028: [GC (Allocation Failure)  105116K->27360K(257536K), 0.0026390 secs]
270744.567: [GC (Allocation Failure)  105184K->28504K(257536K), 0.0034705 secs]
270868.740: [GC (Allocation Failure)  106328K->28184K(257536K), 0.0028675 secs]
270995.687: [GC (Allocation Failure)  106008K->28582K(257536K), 0.0028324 secs]
271122.897: [GC (Allocation Failure)  106406K->28267K(257536K), 0.0031113 secs]
271243.066: [GC (Allocation Failure)  106091K->28503K(257536K), 0.0029820 secs]
271357.019: [GC (Allocation Failure)  106327K->28659K(257536K), 0.0092909 secs]
271483.075: [GC (Allocation Failure)  106483K->28325K(257536K), 0.0034324 secs]
271608.843: [GC (Allocation Failure)  106149K->28710K(257536K), 0.0028816 secs]
271736.329: [GC (Allocation Failure)  106534K->28504K(257536K), 0.0029417 secs]
271856.346: [GC (Allocation Failure)  106328K->28665K(257536K), 0.0029380 secs]
271968.897: [GC (Allocation Failure)  106489K->29011K(257536K), 0.0031164 secs]
272096.781: [GC (Allocation Failure)  106835K->28358K(257536K), 0.0028565 secs]
272223.203: [GC (Allocation Failure)  106182K->28888K(257536K), 0.0028908 secs]
272349.642: [GC (Allocation Failure)  106712K->28601K(257536K), 0.0028416 secs]
272474.835: [GC (Allocation Failure)  106425K->28891K(257536K), 0.0028923 secs]
272584.439: [GC (Allocation Failure)  106715K->29336K(257536K), 0.0032380 secs]
272711.095: [GC (Allocation Failure)  107160K->28601K(257536K), 0.0029224 secs]
272836.884: [GC (Allocation Failure)  106425K->29190K(257536K), 0.0027960 secs]
272966.461: [GC (Allocation Failure)  107014K->28789K(257536K), 0.0028615 secs]
273089.153: [GC (Allocation Failure)  106613K->29229K(257536K), 0.0028576 secs]
273197.903: [GC (Allocation Failure)  107053K->29477K(257536K), 0.0030759 secs]
273326.530: [GC (Allocation Failure)  107301K->28929K(257536K), 0.0029419 secs]
273453.758: [GC (Allocation Failure)  106753K->29362K(257536K), 0.0031276 secs]
273579.816: [GC (Allocation Failure)  107186K->29134K(257536K), 0.0030019 secs]
273706.567: [GC (Allocation Failure)  106958K->29255K(257536K), 0.0112029 secs]
273814.564: [GC (Allocation Failure)  107079K->29661K(257536K), 0.0034979 secs]
273850.983: [GC (System.gc())  54347K->29078K(257536K), 0.0026831 secs]
273850.985: [Full GC (System.gc())  29078K->25206K(257536K), 0.0275859 secs]
273978.177: [GC (Allocation Failure)  103030K->26934K(257536K), 0.0026534 secs]
274106.582: [GC (Allocation Failure)  104758K->27510K(257536K), 0.0032581 secs]
274234.651: [GC (Allocation Failure)  105334K->27094K(257536K), 0.0028871 secs]
274352.207: [GC (Allocation Failure)  104918K->27944K(257536K), 0.0028056 secs]
274459.567: [GC (Allocation Failure)  105768K->28959K(257536K), 0.0033393 secs]
274586.710: [GC (Allocation Failure)  106783K->29022K(257024K), 0.0029637 secs]
274715.391: [GC (Allocation Failure)  106846K->29094K(257024K), 0.0029388 secs]
274839.626: [GC (Allocation Failure)  105894K->28960K(257024K), 0.0033611 secs]
274962.471: [GC (Allocation Failure)  105760K->29244K(257024K), 0.0030421 secs]
275069.661: [GC (Allocation Failure)  106044K->29159K(257024K), 0.0032011 secs]
275196.438: [GC (Allocation Failure)  105959K->29313K(257024K), 0.0029589 secs]
275319.697: [GC (Allocation Failure)  106113K->29374K(256512K), 0.0029349 secs]
275446.734: [GC (Allocation Failure)  106174K->29222K(256512K), 0.0030807 secs]
275566.753: [GC (Allocation Failure)  104998K->29458K(256512K), 0.0030080 secs]
275679.470: [GC (Allocation Failure)  105234K->29279K(256512K), 0.0038687 secs]
275796.782: [GC (Allocation Failure)  105055K->29496K(256512K), 0.0031211 secs]
275919.771: [GC (Allocation Failure)  105272K->29374K(256512K), 0.0031734 secs]
276043.908: [GC (Allocation Failure)  105150K->29327K(256512K), 0.0028950 secs]
276164.821: [GC (Allocation Failure)  105103K->29629K(257024K), 0.0031484 secs]
276283.866: [GC (Allocation Failure)  105917K->29325K(256512K), 0.0029413 secs]
276396.840: [GC (Allocation Failure)  105613K->29711K(257024K), 0.0029395 secs]
276521.594: [GC (Allocation Failure)  106511K->29506K(257024K), 0.0049418 secs]
276646.870: [GC (Allocation Failure)  106306K->29585K(257024K), 0.0028681 secs]
276768.272: [GC (Allocation Failure)  106385K->29813K(257024K), 0.0027811 secs]
276889.892: [GC (Allocation Failure)  106613K->29267K(257024K), 0.0050919 secs]
277002.727: [GC (Allocation Failure)  106067K->29821K(257024K), 0.0031246 secs]
277127.801: [GC (Allocation Failure)  106621K->29582K(257536K), 0.0028930 secs]
277251.716: [GC (Allocation Failure)  106894K->29892K(257024K), 0.0028087 secs]
277376.957: [GC (Allocation Failure)  107204K->30292K(257536K), 0.0028053 secs]
277451.015: [GC (System.gc())  76685K->29552K(257536K), 0.0025816 secs]
277451.018: [Full GC (System.gc())  29552K->25175K(257536K), 0.0357391 secs]
277567.861: [GC (Allocation Failure)  102999K->27579K(257536K), 0.0035763 secs]
277687.576: [GC (Allocation Failure)  105403K->28590K(257536K), 0.0033729 secs]
277816.879: [GC (Allocation Failure)  106414K->28028K(257536K), 0.0028213 secs]
277940.542: [GC (Allocation Failure)  105852K->28590K(257536K), 0.0031275 secs]
278067.037: [GC (Allocation Failure)  106414K->28226K(257536K), 0.0029502 secs]
278187.049: [GC (Allocation Failure)  106050K->28733K(257536K), 0.0030890 secs]
278303.028: [GC (Allocation Failure)  106557K->28930K(257536K), 0.0030254 secs]
278430.084: [GC (Allocation Failure)  106754K->28303K(257536K), 0.0028650 secs]
278552.185: [GC (Allocation Failure)  106127K->29104K(257536K), 0.0032041 secs]
278675.894: [GC (Allocation Failure)  106928K->28769K(257536K), 0.0030285 secs]
278796.734: [GC (Allocation Failure)  106593K->29073K(257536K), 0.0030661 secs]
278910.149: [GC (Allocation Failure)  106897K->29406K(257536K), 0.0028863 secs]
279039.882: [GC (Allocation Failure)  107230K->28739K(257536K), 0.0030446 secs]
279161.509: [GC (Allocation Failure)  106563K->29296K(257536K), 0.0033135 secs]
279289.914: [GC (Allocation Failure)  107120K->28794K(257536K), 0.0030758 secs]
279410.657: [GC (Allocation Failure)  106618K->29024K(257536K), 0.0034062 secs]
279526.833: [GC (Allocation Failure)  106848K->29117K(257536K), 0.0035426 secs]
279650.514: [GC (Allocation Failure)  106941K->29102K(257536K), 0.0031016 secs]
279776.868: [GC (Allocation Failure)  106926K->29558K(257536K), 0.0032301 secs]
279904.386: [GC (Allocation Failure)  107382K->29078K(257536K), 0.0029057 secs]
280027.245: [GC (Allocation Failure)  106902K->29510K(257536K), 0.0030351 secs]
280140.021: [GC (Allocation Failure)  107334K->29307K(257536K), 0.0030058 secs]
280267.274: [GC (Allocation Failure)  107131K->29401K(257536K), 0.0028603 secs]
280390.331: [GC (Allocation Failure)  107225K->29732K(257536K), 0.0028922 secs]
280518.940: [GC (Allocation Failure)  107556K->29268K(257536K), 0.0029474 secs]
280644.512: [GC (Allocation Failure)  107092K->29565K(257536K), 0.0037391 secs]
280748.913: [GC (Allocation Failure)  107387K->29706K(257536K), 0.0030008 secs]
280859.868: [GC (Allocation Failure)  107530K->30319K(257536K), 0.0029968 secs]
280962.069: [GC (Allocation Failure)  108143K->31007K(256512K), 0.0032763 secs]
281051.055: [GC (System.gc())  87815K->30839K(257024K), 0.0029842 secs]
281051.058: [Full GC (System.gc())  30839K->26467K(257024K), 0.0412503 secs]
281150.144: [GC (Allocation Failure)  103267K->28823K(257024K), 0.0028967 secs]
281271.558: [GC (Allocation Failure)  105623K->29219K(257024K), 0.0218053 secs]
281380.458: [GC (Allocation Failure)  106019K->30141K(257024K), 0.0035862 secs]
281503.851: [GC (Allocation Failure)  106941K->30301K(257024K), 0.0035594 secs]
281623.865: [GC (Allocation Failure)  107101K->30170K(257024K), 0.0031085 secs]
281745.670: [GC (Allocation Failure)  106970K->30322K(257024K), 0.0029766 secs]
281867.441: [GC (Allocation Failure)  107122K->30592K(257024K), 0.0029785 secs]
281980.326: [GC (Allocation Failure)  107392K->30270K(257024K), 0.0030670 secs]
282097.463: [GC (Allocation Failure)  107070K->30670K(257024K), 0.0029823 secs]
282217.482: [GC (Allocation Failure)  107470K->30592K(257024K), 0.0031040 secs]
282340.290: [GC (Allocation Failure)  107390K->30284K(257024K), 0.0030757 secs]
282461.324: [GC (Allocation Failure)  107084K->30578K(257024K), 0.0030674 secs]
282575.164: [GC (Allocation Failure)  107378K->30367K(257024K), 0.0131540 secs]
282670.624: [GC (Allocation Failure)  107167K->30992K(257024K), 0.0035680 secs]
282784.370: [GC (Allocation Failure)  107792K->31573K(256000K), 0.0031472 secs]
282897.387: [GC (Allocation Failure)  107349K->31247K(256512K), 0.0032004 secs]
283015.719: [GC (Allocation Failure)  107023K->31722K(256512K), 0.0031341 secs]
283137.322: [GC (Allocation Failure)  107498K->31301K(256512K), 0.0031351 secs]
283242.893: [GC (Allocation Failure)  107077K->31149K(256512K), 0.0055321 secs]
283358.375: [GC (Allocation Failure)  106925K->31692K(256512K), 0.0033414 secs]
283477.638: [GC (Allocation Failure)  107468K->31439K(256512K), 0.0035733 secs]
283597.385: [GC (Allocation Failure)  107215K->31860K(256512K), 0.0031880 secs]
283717.661: [GC (Allocation Failure)  107634K->31964K(256512K), 0.0030555 secs]
283830.778: [GC (Allocation Failure)  107740K->31615K(256512K), 0.0031107 secs]
283937.691: [GC (Allocation Failure)  107391K->32245K(256512K), 0.0030858 secs]
284056.636: [GC (Allocation Failure)  108021K->31571K(256512K), 0.0147245 secs]
284174.728: [GC (Allocation Failure)  107347K->31958K(256512K), 0.0036594 secs]
284295.943: [GC (Allocation Failure)  107734K->32180K(256512K), 0.0031163 secs]
284416.400: [GC (Allocation Failure)  107956K->31708K(256512K), 0.0030259 secs]
284517.753: [GC (Allocation Failure)  107484K->32456K(256512K), 0.0032879 secs]
284636.505: [GC (Allocation Failure)  108232K->31875K(256512K), 0.0029438 secs]
284651.101: [GC (System.gc())  43385K->31696K(256512K), 0.0022377 secs]
284651.104: [Full GC (System.gc())  31696K->26782K(256512K), 0.0395674 secs]
284770.899: [GC (Allocation Failure)  102558K->29118K(255488K), 0.0027040 secs]
284889.566: [GC (Allocation Failure)  103870K->29534K(256000K), 0.0053905 secs]
285008.850: [GC (Allocation Failure)  104286K->28990K(256000K), 0.0028834 secs]
285118.208: [GC (Allocation Failure)  103742K->29950K(256000K), 0.0030171 secs]
285226.519: [GC (Allocation Failure)  104702K->30613K(256000K), 0.0029027 secs]
285345.012: [GC (Allocation Failure)  105365K->30457K(256000K), 0.0028928 secs]
285461.668: [GC (Allocation Failure)  105209K->30855K(256512K), 0.0029220 secs]
285584.334: [GC (Allocation Failure)  106631K->30394K(256512K), 0.0028946 secs]
285700.708: [GC (Allocation Failure)  106170K->30714K(256512K), 0.0029704 secs]
285801.685: [GC (Allocation Failure)  106490K->30989K(256512K), 0.0030679 secs]
285924.384: [GC (Allocation Failure)  106765K->30389K(257024K), 0.0030101 secs]
286044.404: [GC (Allocation Failure)  106677K->30733K(256512K), 0.0029668 secs]
286157.994: [GC (Allocation Failure)  107021K->30279K(257024K), 0.0029268 secs]
286281.095: [GC (Allocation Failure)  107079K->30344K(257024K), 0.0033049 secs]
286390.381: [GC (Allocation Failure)  107144K->30573K(257024K), 0.0031800 secs]
286511.675: [GC (Allocation Failure)  107373K->30262K(257024K), 0.0029774 secs]
286637.978: [GC (Allocation Failure)  107062K->30566K(257024K), 0.0028932 secs]
286762.974: [GC (Allocation Failure)  107366K->30352K(257024K), 0.0029486 secs]
286888.442: [GC (Allocation Failure)  107152K->30586K(257536K), 0.0029514 secs]
286999.102: [GC (Allocation Failure)  107898K->31316K(257024K), 0.0030308 secs]
287114.939: [GC (Allocation Failure)  108628K->30951K(257536K), 0.0029876 secs]
287240.884: [GC (Allocation Failure)  108263K->31257K(257024K), 0.0027979 secs]
287368.060: [GC (Allocation Failure)  108569K->30974K(257536K), 0.0029393 secs]
287494.340: [GC (Allocation Failure)  108286K->31287K(257024K), 0.0029763 secs]
287610.942: [GC (Allocation Failure)  108599K->31472K(256512K), 0.0028925 secs]
287725.975: [GC (Allocation Failure)  108272K->31212K(257024K), 0.0030294 secs]
287849.216: [GC (Allocation Failure)  108012K->31567K(257536K), 0.0029221 secs]
287947.985: [GC (Allocation Failure)  109391K->31700K(257536K), 0.0031240 secs]
288071.323: [GC (Allocation Failure)  109524K->32039K(256512K), 0.0031846 secs]
288194.520: [GC (Allocation Failure)  108839K->32212K(257024K), 0.0031115 secs]
288251.145: [GC (System.gc())  71705K->31707K(257024K), 0.0029389 secs]
288251.148: [Full GC (System.gc())  31707K->25777K(257024K), 0.0279061 secs]
288364.545: [GC (Allocation Failure)  102577K->28411K(257024K), 0.0028303 secs]
288488.179: [GC (Allocation Failure)  105211K->28758K(257024K), 0.0027514 secs]
288613.156: [GC (Allocation Failure)  105558K->28484K(257024K), 0.0029625 secs]
288738.203: [GC (Allocation Failure)  105284K->28822K(257024K), 0.0028263 secs]
288857.964: [GC (Allocation Failure)  105622K->28891K(257024K), 0.0028836 secs]
288967.806: [GC (Allocation Failure)  105691K->29568K(257024K), 0.0029276 secs]
289091.136: [GC (Allocation Failure)  106368K->29696K(257024K), 0.0029543 secs]
289217.114: [GC (Allocation Failure)  106496K->29293K(257024K), 0.0031017 secs]
289341.150: [GC (Allocation Failure)  106093K->29642K(257024K), 0.0029806 secs]
289461.492: [GC (Allocation Failure)  106442K->29083K(257024K), 0.0034671 secs]
289569.452: [GC (Allocation Failure)  105883K->29696K(257024K), 0.0029803 secs]
289694.489: [GC (Allocation Failure)  106496K->29732K(257024K), 0.0032846 secs]
289820.264: [GC (Allocation Failure)  106532K->29194K(257024K), 0.0029835 secs]
289944.542: [GC (Allocation Failure)  105994K->29654K(257024K), 0.0035181 secs]
290068.271: [GC (Allocation Failure)  106454K->29289K(257024K), 0.0033977 secs]
290176.799: [GC (Allocation Failure)  106089K->29446K(257536K), 0.0032963 secs]
290299.550: [GC (Allocation Failure)  107270K->29918K(257536K), 0.0029920 secs]
290428.322: [GC (Allocation Failure)  107742K->29367K(257536K), 0.0031211 secs]
290551.657: [GC (Allocation Failure)  107191K->29980K(257536K), 0.0034361 secs]
290678.364: [GC (Allocation Failure)  107804K->29500K(257536K), 0.0029313 secs]
290794.558: [GC (Allocation Failure)  107324K->29712K(257536K), 0.0151788 secs]
290911.455: [GC (Allocation Failure)  107536K->30065K(257536K), 0.0029082 secs]
291039.669: [GC (Allocation Failure)  107889K->29630K(257536K), 0.0029314 secs]
291158.431: [GC (Allocation Failure)  107454K->30354K(257536K), 0.0033790 secs]
291281.745: [GC (Allocation Failure)  108178K->30114K(257536K), 0.0031002 secs]
291401.759: [GC (Allocation Failure)  107938K->30485K(257536K), 0.0030454 secs]
291518.487: [GC (Allocation Failure)  108309K->30653K(257536K), 0.0034635 secs]
291643.146: [GC (Allocation Failure)  108477K->30267K(257536K), 0.0029792 secs]
291767.469: [GC (Allocation Failure)  108091K->30694K(257536K), 0.0028938 secs]
291851.178: [GC (System.gc())  82923K->30231K(257536K), 0.0026168 secs]
291851.181: [Full GC (System.gc())  30231K->25579K(257536K), 0.0265226 secs]
291977.736: [GC (Allocation Failure)  103403K->27435K(254976K), 0.0026063 secs]
292085.723: [GC (Allocation Failure)  105259K->29187K(257024K), 0.0028912 secs]
292211.496: [GC (Allocation Failure)  105987K->28628K(257024K), 0.0027603 secs]
292334.466: [GC (Allocation Failure)  105428K->28985K(257536K), 0.0031311 secs]
292458.596: [GC (Allocation Failure)  106297K->28738K(257024K), 0.0170231 secs]
292581.913: [GC (Allocation Failure)  106050K->29032K(257536K), 0.0029954 secs]
292694.995: [GC (Allocation Failure)  106856K->29032K(257536K), 0.0031235 secs]
292818.658: [GC (Allocation Failure)  106856K->28899K(257536K), 0.0028064 secs]
292944.606: [GC (Allocation Failure)  106723K->29257K(257536K), 0.0034146 secs]
293068.685: [GC (Allocation Failure)  107081K->28912K(257536K), 0.0029650 secs]
293195.869: [GC (Allocation Failure)  106736K->29155K(257536K), 0.0029773 secs]
293312.543: [GC (Allocation Failure)  106979K->29022K(258048K), 0.0033912 secs]
293432.015: [GC (Allocation Failure)  107358K->28898K(257536K), 0.0030705 secs]
293558.723: [GC (Allocation Failure)  107234K->29090K(258048K), 0.0029098 secs]
293683.816: [GC (Allocation Failure)  107938K->28982K(258048K), 0.0029094 secs]
293810.637: [GC (Allocation Failure)  107830K->29280K(258048K), 0.0031117 secs]
293932.080: [GC (Allocation Failure)  108128K->29144K(258048K), 0.0029765 secs]
294048.795: [GC (Allocation Failure)  107992K->29419K(258048K), 0.0028955 secs]
294172.853: [GC (Allocation Failure)  108267K->29531K(258048K), 0.0030229 secs]
294302.130: [GC (Allocation Failure)  108379K->29182K(258048K), 0.0034848 secs]
294430.954: [GC (Allocation Failure)  108030K->29631K(258048K), 0.0030200 secs]
294552.167: [GC (Allocation Failure)  108479K->29321K(258048K), 0.0028874 secs]
294669.969: [GC (Allocation Failure)  108169K->29680K(258048K), 0.0029189 secs]
294794.408: [GC (Allocation Failure)  108528K->29779K(258048K), 0.0031797 secs]
294922.774: [GC (Allocation Failure)  108627K->29459K(258048K), 0.0029349 secs]
295051.839: [GC (Allocation Failure)  108307K->29832K(258048K), 0.0033225 secs]
295174.499: [GC (Allocation Failure)  108680K->29492K(258048K), 0.0029789 secs]
295290.066: [GC (Allocation Failure)  108340K->29907K(258048K), 0.0030291 secs]
295409.652: [GC (Allocation Failure)  108755K->30201K(258048K), 0.0029077 secs]
295451.209: [GC (System.gc())  56813K->29686K(257024K), 0.0027522 secs]
295451.212: [Full GC (System.gc())  29686K->25408K(257024K), 0.0258456 secs]
295577.983: [GC (Allocation Failure)  103232K->27392K(257536K), 0.0025808 secs]
295702.314: [GC (Allocation Failure)  105216K->27776K(257536K), 0.0027961 secs]
295825.028: [GC (Allocation Failure)  105600K->27890K(257536K), 0.0027910 secs]
295939.027: [GC (Allocation Failure)  105714K->29001K(257536K), 0.0030120 secs]
296062.367: [GC (Allocation Failure)  106825K->28708K(257536K), 0.0028287 secs]
296189.065: [GC (Allocation Failure)  106532K->29066K(257536K), 0.0031016 secs]
296316.937: [GC (Allocation Failure)  106890K->29093K(257536K), 0.0031190 secs]
296438.215: [GC (Allocation Failure)  106917K->28837K(257536K), 0.0035091 secs]
296551.267: [GC (Allocation Failure)  106661K->29400K(257536K), 0.0029662 secs]
296676.062: [GC (Allocation Failure)  107224K->28791K(257536K), 0.0031311 secs]
296801.446: [GC (Allocation Failure)  106615K->29163K(257536K), 0.0029397 secs]
296928.426: [GC (Allocation Failure)  106987K->29002K(257536K), 0.0031552 secs]
297049.185: [GC (Allocation Failure)  106826K->28998K(257536K), 0.0030290 secs]
297161.482: [GC (Allocation Failure)  106822K->29284K(257536K), 0.0034253 secs]
297288.106: [GC (Allocation Failure)  107108K->28772K(257536K), 0.0029667 secs]
297411.236: [GC (Allocation Failure)  106596K->29314K(257536K), 0.0029345 secs]
297539.152: [GC (Allocation Failure)  107138K->28990K(257536K), 0.0030793 secs]
297660.700: [GC (Allocation Failure)  106814K->29211K(257536K), 0.0028469 secs]
297770.528: [GC (Allocation Failure)  107035K->29710K(257536K), 0.0030464 secs]
297898.330: [GC (Allocation Failure)  107534K->29121K(257536K), 0.0028000 secs]
298022.626: [GC (Allocation Failure)  106945K->29602K(257536K), 0.0032171 secs]
298150.617: [GC (Allocation Failure)  107426K->29263K(257536K), 0.0043723 secs]
298276.892: [GC (Allocation Failure)  107087K->29466K(257536K), 0.0028650 secs]
298382.227: [GC (Allocation Failure)  107290K->30035K(257536K), 0.0028972 secs]
298510.082: [GC (Allocation Failure)  107859K->29365K(257536K), 0.0028431 secs]
298633.263: [GC (Allocation Failure)  107189K->29867K(257536K), 0.0028983 secs]
298762.273: [GC (Allocation Failure)  107691K->29610K(257536K), 0.0030495 secs]
298889.299: [GC (Allocation Failure)  107434K->29787K(257536K), 0.0029137 secs]
298996.995: [GC (Allocation Failure)  107611K->29845K(257536K), 0.0032420 secs]
299051.239: [GC (System.gc())  66188K->29454K(257536K), 0.0029221 secs]
299051.242: [Full GC (System.gc())  29454K->25538K(257536K), 0.0274651 secs]
299178.244: [GC (Allocation Failure)  103362K->27426K(257536K), 0.0027184 secs]
299302.780: [GC (Allocation Failure)  105250K->28034K(257536K), 0.0026693 secs]
299431.953: [GC (Allocation Failure)  105858K->27554K(257536K), 0.0027948 secs]
299550.238: [GC (Allocation Failure)  105378K->28263K(257536K), 0.0037993 secs]
299656.983: [GC (Allocation Failure)  106087K->29371K(257536K), 0.0032666 secs]
299782.397: [GC (Allocation Failure)  107195K->29495K(256512K), 0.0030644 secs]
299908.843: [GC (Allocation Failure)  106295K->29585K(257024K), 0.0030302 secs]
300032.468: [GC (Allocation Failure)  106385K->29124K(257024K), 0.0029448 secs]
300157.085: [GC (Allocation Failure)  105924K->29387K(257024K), 0.0030895 secs]
300260.917: [GC (Allocation Failure)  106187K->29584K(257024K), 0.0033271 secs]
300386.106: [GC (Allocation Failure)  106384K->29654K(257024K), 0.0034815 secs]
300510.916: [GC (Allocation Failure)  106454K->29772K(256000K), 0.0031659 secs]
300634.601: [GC (Allocation Failure)  105548K->29421K(256512K), 0.0035641 secs]
300756.173: [GC (Allocation Failure)  105197K->29573K(257024K), 0.0034109 secs]
300871.869: [GC (Allocation Failure)  106373K->29174K(257024K), 0.0034139 secs]
300984.767: [GC (Allocation Failure)  105974K->29794K(257024K), 0.0031088 secs]
301110.999: [GC (Allocation Failure)  106594K->29912K(257024K), 0.0030111 secs]
301236.908: [GC (Allocation Failure)  106712K->29583K(257024K), 0.0029088 secs]
301359.781: [GC (Allocation Failure)  106383K->29880K(257024K), 0.0028512 secs]
301478.411: [GC (Allocation Failure)  106680K->29729K(257024K), 0.0029468 secs]
301589.817: [GC (Allocation Failure)  106529K->30097K(257024K), 0.0031439 secs]
301713.074: [GC (Allocation Failure)  106897K->30142K(257024K), 0.0030067 secs]
301839.853: [GC (Allocation Failure)  106942K->30008K(257024K), 0.0030255 secs]
301961.711: [GC (Allocation Failure)  106808K->30218K(257536K), 0.0034618 secs]
302084.599: [GC (Allocation Failure)  108042K->29931K(257536K), 0.0078761 secs]
302196.438: [GC (Allocation Failure)  107755K->30366K(257536K), 0.0030334 secs]
302322.890: [GC (Allocation Failure)  108190K->30132K(257536K), 0.0028655 secs]
302449.181: [GC (Allocation Failure)  107956K->30294K(257536K), 0.0028455 secs]
302571.744: [GC (Allocation Failure)  108118K->30500K(257536K), 0.0030373 secs]
302651.272: [GC (System.gc())  79880K->29924K(257536K), 0.0026534 secs]
302651.275: [Full GC (System.gc())  29924K->25472K(257536K), 0.0288275 secs]
302768.036: [GC (Allocation Failure)  103296K->27972K(257536K), 0.0027831 secs]
302886.509: [GC (Allocation Failure)  105796K->29047K(257536K), 0.0032636 secs]
303012.810: [GC (Allocation Failure)  106871K->28475K(257536K), 0.0031600 secs]
303139.770: [GC (Allocation Failure)  106299K->28978K(257536K), 0.0030113 secs]
303262.848: [GC (Allocation Failure)  106802K->28694K(257536K), 0.0029920 secs]
303382.224: [GC (Allocation Failure)  106518K->29129K(257536K), 0.0029273 secs]
303497.547: [GC (Allocation Failure)  106953K->29354K(257536K), 0.0030722 secs]
303623.311: [GC (Allocation Failure)  107178K->28737K(257536K), 0.0035836 secs]
303746.023: [GC (Allocation Failure)  106561K->29430K(257536K), 0.0032519 secs]
303869.390: [GC (Allocation Failure)  107254K->29261K(257536K), 0.0032599 secs]
303989.413: [GC (Allocation Failure)  107085K->29541K(257536K), 0.0029356 secs]
304102.481: [GC (Allocation Failure)  107365K->29862K(256512K), 0.0031491 secs]
304229.891: [GC (Allocation Failure)  106662K->29201K(257024K), 0.0030217 secs]
304351.595: [GC (Allocation Failure)  106001K->29715K(257024K), 0.0088520 secs]
304474.627: [GC (Allocation Failure)  106515K->29291K(257024K), 0.0041575 secs]
304595.715: [GC (Allocation Failure)  106091K->29591K(257024K), 0.0031478 secs]
304705.740: [GC (Allocation Failure)  106391K->29985K(257024K), 0.0029211 secs]
304832.429: [GC (Allocation Failure)  106785K->29349K(257024K), 0.0030131 secs]
304955.057: [GC (Allocation Failure)  106149K->29875K(257024K), 0.0031540 secs]
305079.985: [GC (Allocation Failure)  106675K->29571K(257024K), 0.0030138 secs]
305203.068: [GC (Allocation Failure)  106371K->29826K(257024K), 0.0034437 secs]
305310.015: [GC (Allocation Failure)  106626K->30160K(257024K), 0.0030181 secs]
305434.636: [GC (Allocation Failure)  106960K->29638K(257024K), 0.0029560 secs]
305559.650: [GC (Allocation Failure)  106438K->29973K(257536K), 0.0031798 secs]
305683.127: [GC (Allocation Failure)  107285K->29808K(257024K), 0.0031614 secs]
305808.272: [GC (Allocation Failure)  107120K->29999K(257536K), 0.0029929 secs]
305921.141: [GC (Allocation Failure)  107823K->30053K(257536K), 0.0031581 secs]
306043.172: [GC (Allocation Failure)  107877K->30104K(257536K), 0.0029888 secs]
306165.992: [GC (Allocation Failure)  107928K->30378K(257536K), 0.0030368 secs]
306251.305: [GC (System.gc())  83245K->29957K(257536K), 0.0027101 secs]
306251.308: [Full GC (System.gc())  29957K->25632K(257536K), 0.0269168 secs]
306376.979: [GC (Allocation Failure)  103456K->27488K(254976K), 0.0025821 secs]
306500.139: [GC (Allocation Failure)  105312K->28256K(257024K), 0.0029561 secs]
306611.732: [GC (Allocation Failure)  105056K->28778K(257024K), 0.0028959 secs]
306733.719: [GC (Allocation Failure)  105578K->29065K(257536K), 0.0027168 secs]
306859.574: [GC (Allocation Failure)  106377K->28855K(257024K), 0.0037872 secs]
306983.285: [GC (Allocation Failure)  106167K->29190K(257536K), 0.0034854 secs]
307108.071: [GC (Allocation Failure)  107014K->29341K(257536K), 0.0029095 secs]
307220.213: [GC (Allocation Failure)  107165K->29144K(257536K), 0.0029078 secs]
307344.420: [GC (Allocation Failure)  106968K->29391K(257536K), 0.0029762 secs]
307470.244: [GC (Allocation Failure)  107215K->28983K(257536K), 0.0031097 secs]
307595.016: [GC (Allocation Failure)  106807K->29227K(257536K), 0.0027852 secs]
307723.077: [GC (Allocation Failure)  107051K->29093K(257536K), 0.0029020 secs]
307831.898: [GC (Allocation Failure)  106917K->29188K(257536K), 0.0028781 secs]
307952.275: [GC (Allocation Failure)  107012K->29821K(257536K), 0.0034755 secs]
308074.528: [GC (Allocation Failure)  107645K->29406K(257536K), 0.0030378 secs]
308201.380: [GC (Allocation Failure)  107230K->29801K(257536K), 0.0028904 secs]
308328.235: [GC (Allocation Failure)  107625K->29572K(257536K), 0.0033886 secs]
308440.744: [GC (Allocation Failure)  107396K->29581K(257536K), 0.0031558 secs]
308561.462: [GC (Allocation Failure)  107405K->30068K(257536K), 0.0030205 secs]
308685.796: [GC (Allocation Failure)  107892K->29736K(257536K), 0.0028680 secs]
308811.553: [GC (Allocation Failure)  107560K->30192K(257536K), 0.0030840 secs]
308940.123: [GC (Allocation Failure)  108016K->29660K(257536K), 0.0033040 secs]
309058.114: [GC (Allocation Failure)  107484K->30110K(257536K), 0.0031527 secs]
309170.842: [GC (Allocation Failure)  107934K->30415K(257536K), 0.0029597 secs]
309298.375: [GC (Allocation Failure)  108239K->29809K(257536K), 0.0032543 secs]
309423.582: [GC (Allocation Failure)  107633K->30330K(257536K), 0.0074207 secs]
309551.663: [GC (Allocation Failure)  108154K->29907K(257536K), 0.0029500 secs]
309670.708: [GC (Allocation Failure)  107731K->30322K(257536K), 0.0039175 secs]
309782.152: [GC (Allocation Failure)  108146K->30780K(257536K), 0.0033961 secs]
309851.337: [GC (System.gc())  73540K->30022K(256512K), 0.0025088 secs]
309851.339: [Full GC (System.gc())  30022K->25546K(256512K), 0.0270883 secs]
309974.132: [GC (Allocation Failure)  102346K->27466K(257024K), 0.0030853 secs]
310100.517: [GC (Allocation Failure)  104266K->27882K(257024K), 0.0029814 secs]
310225.538: [GC (Allocation Failure)  104682K->27434K(257024K), 0.0028696 secs]
310334.361: [GC (Allocation Failure)  104234K->28796K(257024K), 0.0032264 secs]
310453.714: [GC (Allocation Failure)  105596K->28949K(257024K), 0.0030445 secs]
310578.109: [GC (Allocation Failure)  105749K->29015K(257024K), 0.0030797 secs]
310703.265: [GC (Allocation Failure)  105815K->29299K(257024K), 0.0030647 secs]
310830.386: [GC (Allocation Failure)  106099K->28664K(257024K), 0.0030757 secs]
310945.520: [GC (Allocation Failure)  105464K->29290K(257024K), 0.0028004 secs]
311055.437: [GC (Allocation Failure)  106090K->29012K(257536K), 0.0032826 secs]
311182.282: [GC (Allocation Failure)  106324K->29126K(257024K), 0.0029896 secs]
311307.574: [GC (Allocation Failure)  106438K->29426K(257536K), 0.0097486 secs]
311434.440: [GC (Allocation Failure)  107250K->28892K(257536K), 0.0033199 secs]
311554.315: [GC (Allocation Failure)  106716K->29351K(257536K), 0.0029409 secs]
311666.100: [GC (Allocation Failure)  107175K->29107K(257536K), 0.0029427 secs]
311792.399: [GC (Allocation Failure)  106931K->29255K(257536K), 0.0028541 secs]
311920.733: [GC (Allocation Failure)  107079K->29404K(257536K), 0.0028551 secs]
312044.471: [GC (Allocation Failure)  107228K->29288K(257536K), 0.0029944 secs]
312161.418: [GC (Allocation Failure)  107112K->29933K(257536K), 0.0033108 secs]
312272.467: [GC (Allocation Failure)  107757K->29796K(257536K), 0.0036636 secs]
312400.749: [GC (Allocation Failure)  107620K->29849K(257536K), 0.0030569 secs]
312524.442: [GC (Allocation Failure)  107673K->29824K(257536K), 0.0030343 secs]
312651.268: [GC (Allocation Failure)  107648K->29936K(257536K), 0.0028512 secs]
312772.541: [GC (Allocation Failure)  107760K->30018K(257536K), 0.0141607 secs]
312884.003: [GC (Allocation Failure)  107842K->30007K(257536K), 0.0032024 secs]
313010.842: [GC (Allocation Failure)  107831K->30227K(257536K), 0.0029403 secs]
313134.829: [GC (Allocation Failure)  108051K->29872K(257536K), 0.0030060 secs]
313262.186: [GC (Allocation Failure)  107696K->30195K(257536K), 0.0028969 secs]
313384.878: [GC (Allocation Failure)  108019K->30312K(257536K), 0.0030024 secs]
313451.368: [GC (System.gc())  74290K->29958K(257536K), 0.0025570 secs]
313451.371: [Full GC (System.gc())  29958K->25569K(257536K), 0.0284917 secs]
313564.584: [GC (Allocation Failure)  103393K->28257K(257536K), 0.0043090 secs]
313691.794: [GC (Allocation Failure)  106081K->28633K(257536K), 0.0028483 secs]
313820.412: [GC (Allocation Failure)  106457K->28345K(257536K), 0.0031096 secs]
313944.447: [GC (Allocation Failure)  106169K->28692K(257536K), 0.0031249 secs]
314064.341: [GC (Allocation Failure)  106516K->28651K(257536K), 0.0028571 secs]
314174.671: [GC (Allocation Failure)  106475K->29414K(257536K), 0.0033340 secs]
314304.164: [GC (Allocation Failure)  107238K->29164K(257536K), 0.0029096 secs]
314430.999: [GC (Allocation Failure)  106988K->28852K(257536K), 0.0032016 secs]
314555.056: [GC (Allocation Failure)  106676K->29246K(257536K), 0.0032768 secs]
314678.027: [GC (Allocation Failure)  107070K->28958K(257536K), 0.0030034 secs]
314789.140: [GC (Allocation Failure)  106782K->29438K(257536K), 0.0029160 secs]
314914.770: [GC (Allocation Failure)  107262K->29419K(257536K), 0.0028343 secs]
315042.528: [GC (Allocation Failure)  107243K->29054K(257536K), 0.0030694 secs]
315164.582: [GC (Allocation Failure)  106878K->29484K(257536K), 0.0045734 secs]
315291.696: [GC (Allocation Failure)  107308K->28620K(257536K), 0.0036322 secs]
315401.099: [GC (Allocation Failure)  106444K->29490K(257536K), 0.0029002 secs]
315526.924: [GC (Allocation Failure)  107314K->29160K(257536K), 0.0030244 secs]
315652.069: [GC (Allocation Failure)  106984K->29318K(257536K), 0.0030146 secs]
315774.887: [GC (Allocation Failure)  107142K->29804K(257536K), 0.0031256 secs]
315904.360: [GC (Allocation Failure)  107628K->29177K(257536K), 0.0029722 secs]
316011.942: [GC (Allocation Failure)  107001K->29660K(257536K), 0.0032469 secs]
316138.816: [GC (Allocation Failure)  107484K->29300K(257536K), 0.0029953 secs]
316264.409: [GC (Allocation Failure)  107124K->29574K(257536K), 0.0029279 secs]
316381.848: [GC (Allocation Failure)  107398K->30256K(257536K), 0.0031011 secs]
316511.207: [GC (Allocation Failure)  108080K->29730K(257536K), 0.0032812 secs]
316624.704: [GC (Allocation Failure)  107554K->30131K(257536K), 0.0053433 secs]
316744.698: [GC (Allocation Failure)  107955K->29971K(257536K), 0.0030573 secs]
316871.250: [GC (Allocation Failure)  107795K->30152K(257536K), 0.0028762 secs]
316994.490: [GC (Allocation Failure)  107976K->30506K(257536K), 0.0029726 secs]
317051.401: [GC (System.gc())  65803K->29940K(257536K), 0.0025310 secs]
317051.404: [Full GC (System.gc())  29940K->25533K(257536K), 0.0277312 secs]
317175.931: [GC (Allocation Failure)  103357K->27421K(254976K), 0.0025686 secs]
317285.082: [GC (Allocation Failure)  105245K->29044K(257536K), 0.0030574 secs]
317412.657: [GC (Allocation Failure)  106356K->28578K(257024K), 0.0028426 secs]
317535.594: [GC (Allocation Failure)  105890K->28839K(257536K), 0.0030879 secs]
317661.342: [GC (Allocation Failure)  106663K->28776K(257536K), 0.0029131 secs]
317785.783: [GC (Allocation Failure)  106600K->28968K(257536K), 0.0028423 secs]
317897.144: [GC (Allocation Failure)  106792K->29261K(257536K), 0.0041366 secs]
318023.211: [GC (Allocation Failure)  107085K->28949K(257536K), 0.0029033 secs]
318149.618: [GC (Allocation Failure)  106773K->29391K(257536K), 0.0031795 secs]
318273.236: [GC (Allocation Failure)  107215K->29056K(257536K), 0.0032872 secs]
318401.410: [GC (Allocation Failure)  106880K->29197K(257536K), 0.0029393 secs]
318514.845: [GC (Allocation Failure)  107021K->29352K(257536K), 0.0030390 secs]
318634.846: [GC (Allocation Failure)  107176K->29064K(257536K), 0.0029249 secs]
318761.453: [GC (Allocation Failure)  106888K->29204K(257536K), 0.0032674 secs]
318884.757: [GC (Allocation Failure)  107028K->29146K(257536K), 0.0031353 secs]
319011.483: [GC (Allocation Failure)  106970K->29434K(257536K), 0.0030881 secs]
319131.808: [GC (Allocation Failure)  107258K->29280K(257536K), 0.0029207 secs]
319245.328: [GC (Allocation Failure)  107104K->29642K(257536K), 0.0029852 secs]
319371.519: [GC (Allocation Failure)  107466K->29698K(257536K), 0.0029101 secs]
319495.364: [GC (Allocation Failure)  107522K->29324K(257536K), 0.0030143 secs]
319623.012: [GC (Allocation Failure)  107148K->29779K(257536K), 0.0029602 secs]
319743.432: [GC (Allocation Failure)  107603K->29401K(257536K), 0.0030317 secs]
319856.053: [GC (Allocation Failure)  107225K->29855K(257536K), 0.0030734 secs]
319981.603: [GC (Allocation Failure)  107679K->29842K(258048K), 0.0080442 secs]
320110.671: [GC (Allocation Failure)  108178K->29582K(257536K), 0.0034565 secs]
320234.933: [GC (Allocation Failure)  107918K->29994K(258048K), 0.0029934 secs]
320361.650: [GC (Allocation Failure)  108842K->29352K(257024K), 0.0077744 secs]
320474.472: [GC (Allocation Failure)  108200K->29925K(258048K), 0.0030885 secs]
320593.539: [GC (Allocation Failure)  108261K->30497K(257536K), 0.0031897 secs]
320651.434: [GC (System.gc())  65784K->29891K(257536K), 0.0025352 secs]
320651.436: [Full GC (System.gc())  29891K->25467K(257536K), 0.0282230 secs]
320774.888: [GC (Allocation Failure)  103291K->27483K(257536K), 0.0025623 secs]
320901.724: [GC (Allocation Failure)  105307K->27803K(257536K), 0.0025607 secs]
321023.601: [GC (Allocation Failure)  105627K->27853K(257536K), 0.0133955 secs]
321135.591: [GC (Allocation Failure)  105677K->29174K(257536K), 0.0108771 secs]
321261.742: [GC (Allocation Failure)  106998K->28700K(257536K), 0.0030260 secs]
321385.627: [GC (Allocation Failure)  106524K->29029K(257536K), 0.0035715 secs]
321513.713: [GC (Allocation Failure)  106853K->29279K(257536K), 0.0032468 secs]
321634.804: [GC (Allocation Failure)  107103K->28758K(257536K), 0.0029753 secs]
321747.940: [GC (Allocation Failure)  106582K->29226K(257536K), 0.0029319 secs]
321872.613: [GC (Allocation Failure)  107050K->28741K(257536K), 0.0033614 secs]
321997.404: [GC (Allocation Failure)  106565K->29149K(257536K), 0.0031012 secs]
322124.673: [GC (Allocation Failure)  106973K->28883K(257536K), 0.0033459 secs]
322247.437: [GC (Allocation Failure)  106707K->29042K(257536K), 0.0030957 secs]
322359.034: [GC (Allocation Failure)  106866K->29234K(257536K), 0.0075435 secs]
322484.717: [GC (Allocation Failure)  107058K->28874K(257536K), 0.0028941 secs]
322610.252: [GC (Allocation Failure)  106698K->29237K(257536K), 0.0028940 secs]
322735.184: [GC (Allocation Failure)  107061K->28990K(257536K), 0.0028829 secs]
322857.039: [GC (Allocation Failure)  106814K->29317K(257536K), 0.0028996 secs]
322967.531: [GC (Allocation Failure)  107141K->29724K(257536K), 0.0030594 secs]
323094.901: [GC (Allocation Failure)  107548K->29061K(257536K), 0.0030945 secs]
323221.940: [GC (Allocation Failure)  106885K->29508K(257536K), 0.0030553 secs]
323347.017: [GC (Allocation Failure)  107332K->29152K(257536K), 0.0029039 secs]
323474.536: [GC (Allocation Failure)  106976K->29378K(257536K), 0.0029818 secs]
323580.393: [GC (Allocation Failure)  107202K->29966K(257536K), 0.0029801 secs]
323705.921: [GC (Allocation Failure)  107790K->29384K(257536K), 0.0029335 secs]
323832.907: [GC (Allocation Failure)  107208K->29772K(257536K), 0.0029686 secs]
323962.023: [GC (Allocation Failure)  107596K->29455K(257536K), 0.0028986 secs]
324085.429: [GC (Allocation Failure)  107279K->29684K(257536K), 0.0030051 secs]
324195.356: [GC (Allocation Failure)  107508K->29637K(257536K), 0.0032580 secs]
324251.466: [GC (System.gc())  66091K->29394K(258048K), 0.0028983 secs]
324251.469: [Full GC (System.gc())  29394K->25554K(258048K), 0.0265818 secs]
324376.431: [GC (Allocation Failure)  104402K->27442K(256000K), 0.0027510 secs]
324505.490: [GC (Allocation Failure)  106290K->28050K(257536K), 0.0030221 secs]
324634.610: [GC (Allocation Failure)  105874K->27474K(257536K), 0.0038368 secs]
324752.591: [GC (Allocation Failure)  105298K->28274K(257536K), 0.0043605 secs]
324859.908: [GC (Allocation Failure)  106098K->29417K(257536K), 0.0036752 secs]
324985.276: [GC (Allocation Failure)  107241K->29444K(256512K), 0.0035935 secs]
325111.742: [GC (Allocation Failure)  106244K->29589K(257024K), 0.0028077 secs]
325235.318: [GC (Allocation Failure)  106389K->29236K(257024K), 0.0029344 secs]
325359.416: [GC (Allocation Failure)  106036K->29424K(257024K), 0.0033766 secs]
325464.211: [GC (Allocation Failure)  106224K->29436K(257024K), 0.0030083 secs]
325587.873: [GC (Allocation Failure)  106236K->29516K(257024K), 0.0028641 secs]
325713.992: [GC (Allocation Failure)  106316K->29649K(257024K), 0.0029734 secs]
325839.481: [GC (Allocation Failure)  106449K->29301K(257024K), 0.0030232 secs]
325961.772: [GC (Allocation Failure)  106101K->29608K(257024K), 0.0030022 secs]
326075.451: [GC (Allocation Failure)  106408K->29202K(257024K), 0.0042737 secs]
326192.260: [GC (Allocation Failure)  106002K->29754K(257024K), 0.0038324 secs]
326315.738: [GC (Allocation Failure)  106554K->29744K(257024K), 0.0031055 secs]
326442.288: [GC (Allocation Failure)  106544K->29549K(257024K), 0.0029239 secs]
326563.283: [GC (Allocation Failure)  106349K->29876K(257024K), 0.0029797 secs]
326682.520: [GC (Allocation Failure)  106676K->29549K(257024K), 0.0029391 secs]
326794.715: [GC (Allocation Failure)  106349K->29961K(257024K), 0.0029212 secs]
326920.880: [GC (Allocation Failure)  106761K->29821K(257536K), 0.0029306 secs]
327044.613: [GC (Allocation Failure)  107133K->29901K(257024K), 0.0078901 secs]
327166.356: [GC (Allocation Failure)  107213K->30189K(257536K), 0.0029758 secs]
327291.887: [GC (Allocation Failure)  108013K->29445K(257536K), 0.0032638 secs]
327403.397: [GC (Allocation Failure)  107269K->30182K(257536K), 0.0031354 secs]
327530.703: [GC (Allocation Failure)  108006K->29719K(257536K), 0.0029456 secs]
327654.488: [GC (Allocation Failure)  107543K->30167K(257536K), 0.0029200 secs]
327777.069: [GC (Allocation Failure)  107991K->30384K(257536K), 0.0028702 secs]
327851.498: [GC (System.gc())  74823K->29663K(257536K), 0.0024858 secs]
327851.500: [Full GC (System.gc())  29663K->25474K(257536K), 0.0263086 secs]
327965.826: [GC (Allocation Failure)  103298K->28116K(257536K), 0.0038527 secs]
328085.043: [GC (Allocation Failure)  105940K->29003K(257536K), 0.0028614 secs]
328212.493: [GC (Allocation Failure)  106827K->28427K(257536K), 0.0030513 secs]
328336.431: [GC (Allocation Failure)  106251K->29008K(257536K), 0.0028580 secs]
328462.501: [GC (Allocation Failure)  106832K->28701K(257536K), 0.0031962 secs]
328582.512: [GC (Allocation Failure)  106525K->29027K(257536K), 0.0028874 secs]
328695.913: [GC (Allocation Failure)  106851K->29419K(257536K), 0.0030891 secs]
328823.600: [GC (Allocation Failure)  107243K->28748K(257536K), 0.0059089 secs]
328945.869: [GC (Allocation Failure)  106572K->29440K(257536K), 0.0029259 secs]
329066.607: [GC (Allocation Failure)  107264K->29158K(257536K), 0.0086160 secs]
329186.633: [GC (Allocation Failure)  106982K->29524K(257536K), 0.0030552 secs]
329302.609: [GC (Allocation Failure)  107348K->29825K(256512K), 0.0036420 secs]
329426.671: [GC (Allocation Failure)  106625K->29066K(257024K), 0.0028359 secs]
329552.634: [GC (Allocation Failure)  105866K->29824K(256512K), 0.0034000 secs]
329674.758: [GC (Allocation Failure)  106624K->29330K(257024K), 0.0032484 secs]
329795.116: [GC (Allocation Failure)  106130K->29562K(257024K), 0.0030094 secs]
329904.906: [GC (Allocation Failure)  106362K->29960K(257024K), 0.0029414 secs]
330032.692: [GC (Allocation Failure)  106760K->29416K(257024K), 0.0030295 secs]
330154.818: [GC (Allocation Failure)  106216K->29942K(257024K), 0.0028309 secs]
330276.776: [GC (Allocation Failure)  106742K->29597K(257024K), 0.0030150 secs]
330402.801: [GC (Allocation Failure)  106397K->29783K(257024K), 0.0028955 secs]
330507.069: [GC (Allocation Failure)  106583K->30256K(256512K), 0.0031174 secs]
330634.869: [GC (Allocation Failure)  107056K->29708K(257024K), 0.0029466 secs]
330756.323: [GC (Allocation Failure)  106508K->30020K(257536K), 0.0029813 secs]
330882.786: [GC (Allocation Failure)  107332K->29929K(257024K), 0.0029719 secs]
331006.360: [GC (Allocation Failure)  107241K->30069K(257536K), 0.0028090 secs]
331121.467: [GC (Allocation Failure)  107893K->30140K(257536K), 0.0043505 secs]
331243.030: [GC (Allocation Failure)  107964K->30192K(257536K), 0.0030045 secs]
331366.081: [GC (Allocation Failure)  108016K->30451K(257536K), 0.0029291 secs]
331451.528: [GC (System.gc())  83290K->30040K(257536K), 0.0027233 secs]
331451.531: [Full GC (System.gc())  30040K->25617K(257536K), 0.0292113 secs]
331576.256: [GC (Allocation Failure)  103441K->27505K(254976K), 0.0036198 secs]
331698.090: [GC (Allocation Failure)  105329K->28209K(257024K), 0.0028300 secs]
331811.813: [GC (Allocation Failure)  105009K->28826K(257024K), 0.0030450 secs]
331934.915: [GC (Allocation Failure)  105626K->29128K(257536K), 0.0027948 secs]
332057.005: [GC (Allocation Failure)  106952K->29146K(257536K), 0.0029021 secs]
332184.945: [GC (Allocation Failure)  106970K->29088K(257536K), 0.0028298 secs]
332307.169: [GC (Allocation Failure)  106912K->29330K(257536K), 0.0030943 secs]
332420.846: [GC (Allocation Failure)  107154K->29101K(257536K), 0.0031718 secs]
332546.384: [GC (Allocation Failure)  106925K->29358K(257536K), 0.0030751 secs]
332671.466: [GC (Allocation Failure)  107182K->29087K(257536K), 0.0029679 secs]
332796.597: [GC (Allocation Failure)  106911K->29243K(257536K), 0.0132629 secs]
332924.328: [GC (Allocation Failure)  107067K->29077K(257536K), 0.0029543 secs]
333034.187: [GC (Allocation Failure)  106901K->29197K(257536K), 0.0030255 secs]
333153.024: [GC (Allocation Failure)  107021K->29825K(257536K), 0.0031640 secs]
333276.678: [GC (Allocation Failure)  107649K->29459K(257536K), 0.0030024 secs]
333403.066: [GC (Allocation Failure)  107283K->29832K(257536K), 0.0029369 secs]
333528.748: [GC (Allocation Failure)  107656K->29521K(257536K), 0.0029379 secs]
333643.073: [GC (Allocation Failure)  107345K->29698K(257536K), 0.0037158 secs]
333763.093: [GC (Allocation Failure)  107522K->30370K(257536K), 0.0034939 secs]
333887.252: [GC (Allocation Failure)  108194K->29804K(257536K), 0.0032563 secs]
334014.325: [GC (Allocation Failure)  107628K->30228K(257536K), 0.0030272 secs]
334141.721: [GC (Allocation Failure)  108052K->29839K(257536K), 0.0034230 secs]
334258.185: [GC (Allocation Failure)  107663K->30243K(257536K), 0.0031533 secs]
334373.165: [GC (Allocation Failure)  108067K->30632K(256512K), 0.0030478 secs]
334497.320: [GC (Allocation Failure)  107431K->29926K(257024K), 0.0030134 secs]
334622.761: [GC (Allocation Failure)  106726K->30464K(257024K), 0.0029888 secs]
334746.865: [GC (Allocation Failure)  107264K->30039K(257024K), 0.0033312 secs]
334865.334: [GC (Allocation Failure)  106839K->30364K(257536K), 0.0031253 secs]
334976.175: [GC (Allocation Failure)  107676K->30798K(257024K), 0.0030787 secs]
335051.562: [GC (System.gc())  76821K->30110K(257536K), 0.0031606 secs]
335051.565: [Full GC (System.gc())  30110K->25571K(257536K), 0.0385440 secs]
335176.683: [GC (Allocation Failure)  103395K->27555K(254976K), 0.0028842 secs]
335303.445: [GC (Allocation Failure)  105379K->28067K(257024K), 0.0028995 secs]
335428.126: [GC (Allocation Failure)  104867K->27523K(257024K), 0.0026532 secs]
335537.024: [GC (Allocation Failure)  104323K->28872K(257024K), 0.0035767 secs]
335656.762: [GC (Allocation Failure)  105672K->29006K(257024K), 0.0030415 secs]
335781.488: [GC (Allocation Failure)  105806K->29006K(257024K), 0.0028362 secs]
335905.527: [GC (Allocation Failure)  105806K->29390K(257024K), 0.0028567 secs]
336033.335: [GC (Allocation Failure)  106190K->28745K(257536K), 0.0028315 secs]
336148.189: [GC (Allocation Failure)  106057K->29326K(257024K), 0.0032212 secs]
336263.027: [GC (Allocation Failure)  106638K->29088K(257536K), 0.0029689 secs]
336387.156: [GC (Allocation Failure)  106912K->29266K(257536K), 0.0028780 secs]
336514.642: [GC (Allocation Failure)  107090K->29440K(257536K), 0.0029374 secs]
336643.092: [GC (Allocation Failure)  107264K->29198K(257536K), 0.0030457 secs]
336761.353: [GC (Allocation Failure)  107022K->29275K(257536K), 0.0028677 secs]
336874.709: [GC (Allocation Failure)  107099K->29262K(257536K), 0.0030606 secs]
337001.368: [GC (Allocation Failure)  107086K->29233K(257536K), 0.0029293 secs]
337126.962: [GC (Allocation Failure)  107057K->29291K(257536K), 0.0028990 secs]
337253.474: [GC (Allocation Failure)  107115K->29450K(257536K), 0.0028376 secs]
337366.998: [GC (Allocation Failure)  107274K->30080K(257536K), 0.0028939 secs]
337480.532: [GC (Allocation Failure)  107904K->29846K(257536K), 0.0030243 secs]
337605.990: [GC (Allocation Failure)  107670K->29926K(257536K), 0.0029916 secs]
337732.858: [GC (Allocation Failure)  107750K->29705K(257536K), 0.0028847 secs]
337857.267: [GC (Allocation Failure)  107529K->29947K(257536K), 0.0030812 secs]
337977.771: [GC (Allocation Failure)  107771K->30289K(257536K), 0.0032745 secs]
338092.469: [GC (Allocation Failure)  108113K->29984K(257536K), 0.0029064 secs]
338217.093: [GC (Allocation Failure)  107808K->30239K(257536K), 0.0029995 secs]
338344.835: [GC (Allocation Failure)  108063K->29911K(257536K), 0.0029492 secs]
338469.021: [GC (Allocation Failure)  107735K->30246K(257536K), 0.0032690 secs]
338594.776: [GC (Allocation Failure)  108070K->30367K(257536K), 0.0028617 secs]
338651.606: [GC (System.gc())  69791K->29909K(257536K), 0.0034802 secs]
338651.609: [Full GC (System.gc())  29909K->25583K(257536K), 0.0286132 secs]
338765.692: [GC (Allocation Failure)  103407K->28244K(257536K), 0.0029673 secs]
338892.791: [GC (Allocation Failure)  106068K->28596K(257536K), 0.0028242 secs]
339017.906: [GC (Allocation Failure)  106420K->28390K(256000K), 0.0028921 secs]
339144.784: [GC (Allocation Failure)  106214K->28742K(257536K), 0.0028669 secs]
339264.197: [GC (Allocation Failure)  106054K->28659K(257024K), 0.0031979 secs]
339375.043: [GC (Allocation Failure)  105971K->29305K(257536K), 0.0029958 secs]
339502.704: [GC (Allocation Failure)  107129K->29222K(257536K), 0.0028564 secs]
339627.983: [GC (Allocation Failure)  107046K->28856K(257536K), 0.0028400 secs]
339755.063: [GC (Allocation Failure)  106680K->29356K(257536K), 0.0029147 secs]
339876.035: [GC (Allocation Failure)  107180K->28990K(257536K), 0.0029206 secs]
339986.847: [GC (Allocation Failure)  106814K->29286K(257536K), 0.0030552 secs]
340114.089: [GC (Allocation Failure)  107110K->29415K(257536K), 0.0030333 secs]
340241.322: [GC (Allocation Failure)  107239K->29022K(257536K), 0.0029205 secs]
340364.131: [GC (Allocation Failure)  106846K->29342K(257536K), 0.0031726 secs]
340488.387: [GC (Allocation Failure)  107166K->28811K(257536K), 0.0029194 secs]
340597.627: [GC (Allocation Failure)  106635K->29475K(257536K), 0.0039374 secs]
340726.141: [GC (Allocation Failure)  107299K->29217K(257536K), 0.0032719 secs]
340851.388: [GC (Allocation Failure)  107041K->29305K(257536K), 0.0029603 secs]
340974.649: [GC (Allocation Failure)  107129K->29600K(257536K), 0.0031034 secs]
341101.954: [GC (Allocation Failure)  107424K->29071K(257536K), 0.0029035 secs]
341210.736: [GC (Allocation Failure)  106895K->29607K(257536K), 0.0030420 secs]
341336.603: [GC (Allocation Failure)  107431K->29215K(257536K), 0.0033239 secs]
341463.938: [GC (Allocation Failure)  107039K->29512K(257536K), 0.0028981 secs]
341578.242: [GC (Allocation Failure)  107336K->30191K(257536K), 0.0029924 secs]
341707.511: [GC (Allocation Failure)  108015K->29581K(257536K), 0.0028593 secs]
341824.747: [GC (Allocation Failure)  107405K->29994K(257536K), 0.0035838 secs]
341943.993: [GC (Allocation Failure)  107818K->29904K(257536K), 0.0030797 secs]
342067.809: [GC (Allocation Failure)  107728K->30033K(257536K), 0.0031108 secs]
342192.882: [GC (Allocation Failure)  107856K->30215K(257536K), 0.0029940 secs]
342251.640: [GC (System.gc())  67194K->29719K(257536K), 0.0027830 secs]
342251.643: [Full GC (System.gc())  29719K->25528K(257536K), 0.0259784 secs]
342377.609: [GC (Allocation Failure)  103352K->27384K(254976K), 0.0031534 secs]
342486.354: [GC (Allocation Failure)  105208K->29127K(257536K), 0.0028842 secs]
342613.103: [GC (Allocation Failure)  106439K->28610K(257024K), 0.0030334 secs]
342736.391: [GC (Allocation Failure)  105922K->28966K(257536K), 0.0028365 secs]
342860.796: [GC (Allocation Failure)  106790K->28899K(257536K), 0.0029073 secs]
342986.425: [GC (Allocation Failure)  106723K->29044K(257536K), 0.0031348 secs]
343096.935: [GC (Allocation Failure)  106868K->29295K(257536K), 0.0044779 secs]
343224.135: [GC (Allocation Failure)  107119K->29007K(257536K), 0.0037813 secs]
343348.338: [GC (Allocation Failure)  106831K->29232K(257536K), 0.0029373 secs]
343474.171: [GC (Allocation Failure)  107056K->28948K(257536K), 0.0028766 secs]
343598.487: [GC (Allocation Failure)  106772K->29008K(257536K), 0.0029451 secs]
343716.219: [GC (Allocation Failure)  106832K->29251K(257536K), 0.0031315 secs]
343835.671: [GC (Allocation Failure)  107075K->29014K(257536K), 0.0029031 secs]
343958.536: [GC (Allocation Failure)  106838K->29085K(258048K), 0.0050836 secs]
344086.562: [GC (Allocation Failure)  107933K->28981K(258048K), 0.0064271 secs]
344214.254: [GC (Allocation Failure)  107829K->29190K(258048K), 0.0042040 secs]
344336.584: [GC (Allocation Failure)  108038K->29123K(258048K), 0.0035374 secs]
344452.873: [GC (Allocation Failure)  107971K->29565K(258048K), 0.0029981 secs]
344577.463: [GC (Allocation Failure)  108413K->29549K(258048K), 0.0029317 secs]
344706.640: [GC (Allocation Failure)  108397K->29235K(258048K), 0.0029162 secs]
344834.320: [GC (Allocation Failure)  108083K->29641K(258048K), 0.0028375 secs]
344956.418: [GC (Allocation Failure)  108489K->29384K(258048K), 0.0030817 secs]
345041.433: [GC (Allocation Failure)  108232K->30205K(258048K), 0.0030878 secs]
345164.805: [GC (Allocation Failure)  109053K->30567K(257024K), 0.0032275 secs]
345291.643: [GC (Allocation Failure)  108391K->30432K(257536K), 0.0031358 secs]
345415.878: [GC (Allocation Failure)  108256K->30732K(257536K), 0.0034412 secs]
345538.742: [GC (Allocation Failure)  108556K->30165K(257536K), 0.0029756 secs]
345648.762: [GC (Allocation Failure)  107989K->30811K(256512K), 0.0030012 secs]
345765.934: [GC (Allocation Failure)  107611K->31174K(257024K), 0.0031534 secs]
345851.671: [GC (System.gc())  84787K->30593K(257024K), 0.0027765 secs]
345851.673: [Full GC (System.gc())  30593K->25976K(257024K), 0.0370128 secs]
345974.446: [GC (Allocation Failure)  102776K->28120K(257024K), 0.0025844 secs]
346098.331: [GC (Allocation Failure)  104920K->28376K(257024K), 0.0028839 secs]
346217.142: [GC (Allocation Failure)  105176K->28491K(257024K), 0.0027383 secs]
346328.844: [GC (Allocation Failure)  105291K->29776K(257024K), 0.0028383 secs]
346451.374: [GC (Allocation Failure)  106576K->29238K(257024K), 0.0029937 secs]
346574.789: [GC (Allocation Failure)  106038K->29639K(257024K), 0.0030576 secs]
346698.369: [GC (Allocation Failure)  106439K->29776K(257024K), 0.0034177 secs]
346818.908: [GC (Allocation Failure)  106576K->29223K(257024K), 0.0031019 secs]
346928.919: [GC (Allocation Failure)  106023K->30036K(257024K), 0.0030299 secs]
347051.195: [GC (Allocation Failure)  106836K->29334K(257024K), 0.0030493 secs]
347174.598: [GC (Allocation Failure)  106134K->29608K(257024K), 0.0042532 secs]
347298.228: [GC (Allocation Failure)  106408K->29826K(257024K), 0.0031165 secs]
347424.608: [GC (Allocation Failure)  106626K->29137K(257024K), 0.0084048 secs]
347518.381: [GC (Allocation Failure)  105937K->30043K(257024K), 0.0031676 secs]
347612.772: [GC (Allocation Failure)  106843K->30630K(257024K), 0.0029501 secs]
347736.207: [GC (Allocation Failure)  107430K->30217K(257024K), 0.0029519 secs]
347857.024: [GC (Allocation Failure)  107017K->30770K(257024K), 0.0029308 secs]
347981.602: [GC (Allocation Failure)  107570K->30268K(256000K), 0.0075721 secs]
348083.506: [GC (Allocation Failure)  106044K->30663K(256512K), 0.0034374 secs]
348187.065: [GC (Allocation Failure)  106439K->31337K(256512K), 0.0033320 secs]
348308.464: [GC (Allocation Failure)  107113K->30659K(256512K), 0.0032144 secs]
348428.366: [GC (Allocation Failure)  106435K->31232K(256512K), 0.0030952 secs]
348549.125: [GC (Allocation Failure)  107008K->30767K(256512K), 0.0033094 secs]
348669.146: [GC (Allocation Failure)  106543K->30940K(256512K), 0.0036512 secs]
348770.603: [GC (Allocation Failure)  106716K->31363K(256000K), 0.0043762 secs]
348892.440: [GC (Allocation Failure)  107139K->30700K(256512K), 0.0030167 secs]
349010.340: [GC (Allocation Failure)  105964K->31039K(256000K), 0.0030910 secs]
349129.919: [GC (Allocation Failure)  106303K->30985K(256512K), 0.0045351 secs]
349249.940: [GC (Allocation Failure)  106761K->31125K(256512K), 0.0031684 secs]
349364.547: [GC (Allocation Failure)  106901K->31437K(256512K), 0.0032242 secs]
349451.713: [GC (System.gc())  94629K->31044K(256512K), 0.0030121 secs]
349451.716: [Full GC (System.gc())  31044K->26847K(256512K), 0.0291989 secs]
349572.529: [GC (Allocation Failure)  102623K->29055K(256512K), 0.0027091 secs]
349692.561: [GC (Allocation Failure)  104831K->29503K(256512K), 0.0057972 secs]
349814.644: [GC (Allocation Failure)  105278K->29087K(255488K), 0.0031453 secs]
349932.578: [GC (Allocation Failure)  103839K->29471K(256000K), 0.0038882 secs]
350027.297: [GC (Allocation Failure)  104223K->30860K(256512K), 0.0046375 secs]
350145.730: [GC (Allocation Failure)  106124K->31058K(256000K), 0.0030865 secs]
350264.938: [GC (Allocation Failure)  106322K->31156K(255488K), 0.0030835 secs]
350384.949: [GC (Allocation Failure)  105908K->30818K(256000K), 0.0030561 secs]
350504.733: [GC (Allocation Failure)  105570K->31087K(256512K), 0.0030655 secs]
350615.086: [GC (Allocation Failure)  106863K->31351K(256512K), 0.0033023 secs]
350724.984: [GC (Allocation Failure)  107127K->31023K(256512K), 0.0032928 secs]
350834.270: [GC (Allocation Failure)  106799K->31592K(256000K), 0.0038605 secs]
350945.154: [GC (Allocation Failure)  107368K->31508K(256000K), 0.0034635 secs]
351064.306: [GC (Allocation Failure)  106260K->31731K(256000K), 0.0031536 secs]
351167.421: [GC (Allocation Failure)  106483K->32361K(254976K), 0.0100136 secs]
351251.515: [GC (Allocation Failure)  106089K->33044K(254976K), 0.0033963 secs]
351345.237: [GC (Allocation Failure)  106772K->32602K(254976K), 0.0032876 secs]
351442.350: [GC (Allocation Failure)  105306K->33609K(254464K), 0.0037856 secs]
351543.245: [GC (Allocation Failure)  106313K->32918K(254464K), 0.0033695 secs]
351637.261: [GC (Allocation Failure)  104598K->32425K(254464K), 0.0032755 secs]
351745.107: [GC (Allocation Failure)  104105K->32434K(254976K), 0.0032199 secs]
351853.265: [GC (Allocation Failure)  104626K->32080K(254464K), 0.0031041 secs]
351957.858: [GC (Allocation Failure)  104272K->32275K(254976K), 0.0030836 secs]
352067.577: [GC (Allocation Failure)  104979K->32536K(254976K), 0.0044984 secs]
352184.938: [GC (Allocation Failure)  105240K->32160K(255488K), 0.0030646 secs]
352291.129: [GC (Allocation Failure)  105888K->32768K(255488K), 0.0034599 secs]
352384.484: [GC (Allocation Failure)  106496K->34102K(255488K), 0.0033983 secs]
2019-12-06 18:01:14,336 [RMI TCP Connection(10366)-10.41.8.83] console : INFO - Loading mos/TypeIdToRegistrar.csv from file server http://mx21483vm:25000/murex.download.service.download
352466.023: [GC (Allocation Failure)  107830K->35981K(253952K), 0.0043261 secs]
352547.703: [GC (Allocation Failure)  108173K->37221K(252928K), 0.0036273 secs]
352657.268: [GC (Allocation Failure)  107877K->37468K(253440K), 0.0042439 secs]
352766.310: [GC (Allocation Failure)  108124K->36854K(252928K), 0.0035713 secs]
352874.483: [GC (Allocation Failure)  105974K->37137K(251392K), 0.0033409 secs]
352977.734: [GC (Allocation Failure)  106257K->37384K(252928K), 0.0032155 secs]
353051.747: [GC (System.gc())  87350K->36804K(252928K), 0.0031949 secs]
353051.750: [Full GC (System.gc())  36804K->29749K(252928K), 0.0682219 secs]
353158.227: [GC (Allocation Failure)  98357K->31957K(251904K), 0.0028236 secs]
353257.797: [GC (Allocation Failure)  99541K->33013K(252416K), 0.0030508 secs]
353366.148: [GC (Allocation Failure)  100597K->32601K(252416K), 0.0028442 secs]
353467.059: [GC (Allocation Failure)  100185K->33145K(252416K), 0.0033533 secs]
353569.121: [GC (Allocation Failure)  100729K->33529K(252928K), 0.0029234 secs]
353669.384: [GC (Allocation Failure)  101625K->33516K(252416K), 0.0034619 secs]
353779.155: [GC (Allocation Failure)  101612K->33809K(253440K), 0.0032979 secs]
353883.126: [GC (Allocation Failure)  102929K->33988K(252928K), 0.0033163 secs]
353987.867: [GC (Allocation Failure)  103108K->33517K(253952K), 0.0033119 secs]
354095.434: [GC (Allocation Failure)  104173K->33810K(253952K), 0.0030284 secs]
354206.176: [GC (Allocation Failure)  104466K->33841K(254464K), 0.0031006 secs]
354311.642: [GC (Allocation Failure)  105009K->33526K(253952K), 0.0030552 secs]
354419.991: [GC (Allocation Failure)  104694K->33561K(254976K), 0.0062004 secs]
354530.012: [GC (Allocation Failure)  105753K->33567K(254464K), 0.0031852 secs]
354640.029: [GC (Allocation Failure)  105759K->33599K(254976K), 0.0032447 secs]
354750.051: [GC (Allocation Failure)  106303K->34143K(254976K), 0.0031293 secs]
354866.260: [GC (Allocation Failure)  106847K->33702K(255488K), 0.0029814 secs]
354976.262: [GC (Allocation Failure)  107430K->34014K(255488K), 0.0030593 secs]
355086.672: [GC (Allocation Failure)  107742K->34391K(256000K), 0.0030682 secs]
355200.849: [GC (Allocation Failure)  109143K->33856K(256000K), 0.0029680 secs]
355319.250: [GC (Allocation Failure)  108608K->34184K(256000K), 0.0033911 secs]
355429.627: [GC (Allocation Failure)  108936K->34004K(256000K), 0.0038145 secs]
355545.614: [GC (Allocation Failure)  108756K->33787K(256512K), 0.0107302 secs]
355660.171: [GC (Allocation Failure)  109563K->34516K(256512K), 0.0030908 secs]
355775.651: [GC (Allocation Failure)  110292K->34068K(256512K), 0.0032534 secs]
355890.205: [GC (Allocation Failure)  109844K->34363K(256512K), 0.0030849 secs]
356006.344: [GC (Allocation Failure)  110139K->34502K(256512K), 0.0030004 secs]
356126.294: [GC (Allocation Failure)  110278K->34066K(256512K), 0.0030894 secs]
356239.735: [GC (Allocation Failure)  109842K->34553K(257024K), 0.0029301 secs]
356355.661: [GC (Allocation Failure)  110841K->34233K(256512K), 0.0030423 secs]
356470.284: [GC (Allocation Failure)  110521K->34537K(257024K), 0.0031567 secs]
356581.910: [GC (Allocation Failure)  111337K->35136K(257024K), 0.0031232 secs]
356651.820: [GC (System.gc())  80820K->34607K(257024K), 0.0027618 secs]
356651.823: [Full GC (System.gc())  34607K->28292K(257024K), 0.0304813 secs]
356772.405: [GC (Allocation Failure)  105092K->30500K(254464K), 0.0026636 secs]
356888.000: [GC (Allocation Failure)  107300K->31607K(256512K), 0.0028423 secs]
357003.360: [GC (Allocation Failure)  107383K->31502K(256512K), 0.0030310 secs]
357117.551: [GC (Allocation Failure)  107278K->32073K(257024K), 0.0029582 secs]
357234.717: [GC (Allocation Failure)  108873K->32029K(257024K), 0.0030541 secs]
357353.149: [GC (Allocation Failure)  108829K->32361K(257024K), 0.0032332 secs]
357468.319: [GC (Allocation Failure)  109161K->32605K(257024K), 0.0033005 secs]
357585.143: [GC (Allocation Failure)  109405K->32092K(257024K), 0.0033435 secs]
357705.334: [GC (Allocation Failure)  108892K->32317K(257024K), 0.0032142 secs]
357818.792: [GC (Allocation Failure)  109117K->32416K(257024K), 0.0032829 secs]
357937.836: [GC (Allocation Failure)  109216K->32161K(257024K), 0.0029998 secs]
358057.683: [GC (Allocation Failure)  108961K->32517K(257024K), 0.0032696 secs]
358174.732: [GC (Allocation Failure)  109317K->32169K(257024K), 0.0036413 secs]
358287.408: [GC (Allocation Failure)  108969K->32316K(257024K), 0.0030765 secs]
358406.301: [GC (Allocation Failure)  109116K->32494K(257024K), 0.0030560 secs]
358525.921: [GC (Allocation Failure)  109294K->32169K(257024K), 0.0031581 secs]
358645.939: [GC (Allocation Failure)  108969K->32719K(257024K), 0.0031972 secs]
358760.060: [GC (Allocation Failure)  109519K->32392K(257024K), 0.0031672 secs]
358875.967: [GC (Allocation Failure)  109192K->32689K(257024K), 0.0031634 secs]
358989.904: [GC (Allocation Failure)  109489K->32833K(257024K), 0.0031053 secs]
359111.695: [GC (Allocation Failure)  109633K->32436K(257024K), 0.0030163 secs]
359228.723: [GC (Allocation Failure)  109236K->32975K(257024K), 0.0029985 secs]
359346.019: [GC (Allocation Failure)  109775K->32531K(257024K), 0.0032763 secs]
359461.765: [GC (Allocation Failure)  109331K->32563K(257536K), 0.0032667 secs]
359578.590: [GC (Allocation Failure)  109875K->33105K(257024K), 0.0032280 secs]
359697.249: [GC (Allocation Failure)  110417K->32678K(257024K), 0.0034076 secs]
359815.101: [GC (Allocation Failure)  109478K->32965K(257024K), 0.0031513 secs]
359936.084: [GC (Allocation Failure)  109765K->32655K(257536K), 0.0030804 secs]
360051.039: [GC (Allocation Failure)  110479K->33089K(257536K), 0.0029716 secs]
360166.112: [GC (Allocation Failure)  110913K->33359K(256512K), 0.0029997 secs]
360251.856: [GC (System.gc())  89451K->32681K(257024K), 0.0027384 secs]
360251.858: [Full GC (System.gc())  32681K->28275K(257024K), 0.0323389 secs]
360374.020: [GC (Allocation Failure)  105075K->30579K(257024K), 0.0026454 secs]
360490.806: [GC (Allocation Failure)  107379K->31347K(257024K), 0.0028825 secs]
360608.035: [GC (Allocation Failure)  108147K->31288K(257024K), 0.0028791 secs]
360725.294: [GC (Allocation Failure)  108088K->31786K(257024K), 0.0039033 secs]
360834.853: [GC (Allocation Failure)  108586K->32137K(257024K), 0.0032221 secs]
360950.342: [GC (Allocation Failure)  108937K->32533K(257024K), 0.0035521 secs]
361068.777: [GC (Allocation Failure)  109333K->32855K(257024K), 0.0031610 secs]
361190.377: [GC (Allocation Failure)  109655K->32360K(257024K), 0.0030413 secs]
361306.102: [GC (Allocation Failure)  109160K->32669K(256000K), 0.0034113 secs]
361416.246: [GC (Allocation Failure)  108445K->32856K(256512K), 0.0035001 secs]
361531.785: [GC (Allocation Failure)  108632K->32428K(256512K), 0.0031206 secs]
361648.049: [GC (Allocation Failure)  108204K->32809K(256512K), 0.0037534 secs]
361768.194: [GC (Allocation Failure)  108585K->32424K(256512K), 0.0030508 secs]
361858.883: [GC (Allocation Failure)  108200K->34118K(256512K), 0.0033267 secs]
361956.318: [GC (Allocation Failure)  109894K->34097K(255488K), 0.0037907 secs]
362061.022: [GC (Allocation Failure)  108849K->32999K(256000K), 0.0031725 secs]
362174.857: [GC (Allocation Failure)  107751K->33230K(256000K), 0.0036697 secs]
362288.959: [GC (Allocation Failure)  107982K->33493K(256000K), 0.0029349 secs]
362405.953: [GC (Allocation Failure)  108245K->33153K(256000K), 0.0029563 secs]
362508.307: [GC (Allocation Failure)  107905K->33328K(256000K), 0.0041143 secs]
362618.141: [GC (Allocation Failure)  108080K->33362K(256512K), 0.0033580 secs]
362736.394: [GC (Allocation Failure)  108626K->33081K(256000K), 0.0031092 secs]
362851.758: [GC (Allocation Failure)  108345K->33567K(256512K), 0.0034236 secs]
362972.753: [GC (Allocation Failure)  109343K->33109K(256512K), 0.0029800 secs]
363086.414: [GC (Allocation Failure)  108885K->33372K(256512K), 0.0036151 secs]
363200.656: [GC (Allocation Failure)  109148K->33673K(256512K), 0.0030053 secs]
363314.819: [GC (Allocation Failure)  109449K->33236K(256512K), 0.0030812 secs]
363432.364: [GC (Allocation Failure)  109009K->33659K(256512K), 0.0029229 secs]
363551.742: [GC (Allocation Failure)  109435K->33384K(257024K), 0.0030021 secs]
363671.767: [GC (Allocation Failure)  109672K->33550K(256512K), 0.0032195 secs]
363777.462: [GC (Allocation Failure)  109838K->34064K(257024K), 0.0030633 secs]
363851.893: [GC (System.gc())  81594K->33440K(257024K), 0.0027570 secs]
363851.896: [Full GC (System.gc())  33440K->28288K(257024K), 0.0314022 secs]
363968.512: [GC (Allocation Failure)  105088K->30912K(256000K), 0.0027827 secs]
364076.538: [GC (Allocation Failure)  106688K->32101K(256512K), 0.0028549 secs]
364196.556: [GC (Allocation Failure)  107877K->31492K(257024K), 0.0043348 secs]
364315.316: [GC (Allocation Failure)  108292K->31909K(257024K), 0.0029511 secs]
364421.189: [GC (Allocation Failure)  108709K->32719K(257024K), 0.0034018 secs]
364536.611: [GC (Allocation Failure)  109519K->32380K(257024K), 0.0042635 secs]
364656.613: [GC (Allocation Failure)  109180K->32987K(256000K), 0.0034724 secs]
364764.567: [GC (Allocation Failure)  108763K->32890K(256512K), 0.0040060 secs]
364881.370: [GC (Allocation Failure)  108666K->33097K(256512K), 0.0033375 secs]
364985.224: [GC (Allocation Failure)  108873K->33469K(256512K), 0.0039019 secs]
365104.816: [GC (Allocation Failure)  109245K->32828K(255488K), 0.0033677 secs]
365212.416: [GC (Allocation Failure)  107580K->33071K(256000K), 0.0030680 secs]
365330.786: [GC (Allocation Failure)  107823K->32718K(256000K), 0.0031928 secs]
365446.703: [GC (Allocation Failure)  107470K->32993K(256000K), 0.0030408 secs]
365556.712: [GC (Allocation Failure)  107745K->33327K(256000K), 0.0131143 secs]
365662.601: [GC (Allocation Failure)  108079K->33327K(256000K), 0.0038963 secs]
365772.069: [GC (Allocation Failure)  108079K->33566K(256000K), 0.0032258 secs]
365890.594: [GC (Allocation Failure)  108318K->33718K(256000K), 0.0140417 secs]
366007.774: [GC (Allocation Failure)  108470K->33255K(256000K), 0.0032004 secs]
366122.687: [GC (Allocation Failure)  108007K->33655K(256000K), 0.0032115 secs]
366220.567: [GC (Allocation Failure)  108407K->33922K(256000K), 0.0038163 secs]
366327.143: [GC (Allocation Failure)  108674K->33960K(256000K), 0.0031716 secs]
366438.848: [GC (Allocation Failure)  108712K->34307K(256000K), 0.0032189 secs]
366556.526: [GC (Allocation Failure)  109059K->33957K(256000K), 0.0060098 secs]
366670.721: [GC (Allocation Failure)  108709K->34104K(256000K), 0.0039304 secs]
366782.523: [GC (Allocation Failure)  108856K->34429K(256000K), 0.0033017 secs]
366888.234: [GC (Allocation Failure)  109181K->34045K(256000K), 0.0032373 secs]
367001.651: [GC (Allocation Failure)  108797K->34220K(256000K), 0.0033487 secs]
367111.670: [GC (Allocation Failure)  108972K->34349K(256512K), 0.0030379 secs]
367231.603: [GC (Allocation Failure)  110125K->33867K(256512K), 0.0088359 secs]
367342.918: [GC (Allocation Failure)  109643K->34656K(256512K), 0.0209002 secs]
367427.857: [GC (Allocation Failure)  110432K->35314K(256512K), 0.0043545 secs]
367451.929: [GC (System.gc())  53802K->35078K(255488K), 0.0027672 secs]
367451.932: [Full GC (System.gc())  35078K->29863K(255488K), 0.0324212 secs]
367555.342: [GC (Allocation Failure)  104615K->32231K(256000K), 0.0027809 secs]
367665.109: [GC (Allocation Failure)  106983K->33209K(256000K), 0.0028634 secs]
367781.761: [GC (Allocation Failure)  107961K->32967K(253440K), 0.0029799 secs]
367898.052: [GC (Allocation Failure)  107719K->33068K(255488K), 0.0029668 secs]
368001.850: [GC (Allocation Failure)  106796K->34019K(255488K), 0.0035725 secs]
368117.004: [GC (Allocation Failure)  107747K->33758K(256000K), 0.0033121 secs]
368231.822: [GC (Allocation Failure)  108510K->34041K(256000K), 0.0030683 secs]
368341.842: [GC (Allocation Failure)  108793K->33867K(256512K), 0.0031943 secs]
368459.724: [GC (Allocation Failure)  109131K->34014K(256000K), 0.0030231 secs]
368573.145: [GC (Allocation Failure)  109278K->34078K(256512K), 0.0031746 secs]
368681.265: [GC (Allocation Failure)  109854K->33868K(256512K), 0.0031524 secs]
368798.535: [GC (Allocation Failure)  109644K->34041K(256512K), 0.0030783 secs]
368914.657: [GC (Allocation Failure)  109817K->33881K(256512K), 0.0034029 secs]
369029.806: [GC (Allocation Failure)  109657K->33822K(257024K), 0.0032773 secs]
369149.218: [GC (Allocation Failure)  110622K->34137K(257024K), 0.0032539 secs]
369260.722: [GC (Allocation Failure)  110937K->33764K(257024K), 0.0034130 secs]
369377.144: [GC (Allocation Failure)  110564K->34260K(257024K), 0.0036870 secs]
369497.163: [GC (Allocation Failure)  111060K->34332K(257024K), 0.0030409 secs]
369611.391: [GC (Allocation Failure)  111132K->34013K(257024K), 0.0031076 secs]
369730.813: [GC (Allocation Failure)  110813K->34403K(257024K), 0.0030216 secs]
369847.263: [GC (Allocation Failure)  111203K->34025K(257024K), 0.0029312 secs]
369955.117: [GC (Allocation Failure)  110825K->34592K(257024K), 0.0031313 secs]
370073.924: [GC (Allocation Failure)  111392K->34634K(257024K), 0.0029575 secs]
370189.948: [GC (Allocation Failure)  111434K->34352K(257024K), 0.0031969 secs]
370308.395: [GC (Allocation Failure)  111152K->34641K(257024K), 0.0034875 secs]
370419.982: [GC (Allocation Failure)  111441K->34952K(257024K), 0.0031967 secs]
370525.027: [GC (Allocation Failure)  111752K->34745K(257024K), 0.0030307 secs]
370639.413: [GC (Allocation Failure)  111545K->34892K(257024K), 0.0029767 secs]
370760.020: [GC (Allocation Failure)  111692K->34345K(257024K), 0.0029857 secs]
370872.162: [GC (Allocation Failure)  111145K->34727K(257024K), 0.0029310 secs]
370990.056: [GC (Allocation Failure)  111527K->34886K(257024K), 0.0032639 secs]
371051.966: [GC (System.gc())  78334K->34389K(257024K), 0.0031191 secs]
371051.969: [Full GC (System.gc())  34389K->28820K(257024K), 0.0324291 secs]
371165.847: [GC (Allocation Failure)  105620K->31590K(257024K), 0.0030558 secs]
371285.152: [GC (Allocation Failure)  108390K->32230K(257024K), 0.0029648 secs]
371407.061: [GC (Allocation Failure)  109030K->31732K(257024K), 0.0029828 secs]
371518.623: [GC (Allocation Failure)  108532K->32491K(257024K), 0.0039044 secs]
371637.274: [GC (Allocation Failure)  109291K->32166K(257024K), 0.0031542 secs]
371748.740: [GC (Allocation Failure)  108966K->32963K(257024K), 0.0031179 secs]
371862.285: [GC (Allocation Failure)  109763K->33237K(257024K), 0.0034927 secs]
371982.306: [GC (Allocation Failure)  110037K->32630K(257024K), 0.0029982 secs]
372097.434: [GC (Allocation Failure)  109430K->33078K(257024K), 0.0030678 secs]
372212.334: [GC (Allocation Failure)  109878K->33155K(257024K), 0.0031477 secs]
372329.660: [GC (Allocation Failure)  109955K->32675K(257024K), 0.0030933 secs]
372443.685: [GC (Allocation Failure)  109475K->33188K(257024K), 0.0031105 secs]
372565.105: [GC (Allocation Failure)  109988K->32689K(257024K), 0.0036384 secs]
372682.398: [GC (Allocation Failure)  109489K->33054K(257024K), 0.0034470 secs]
372791.547: [GC (Allocation Failure)  109853K->33039K(257024K), 0.0031551 secs]
372912.422: [GC (Allocation Failure)  109839K->32263K(257024K), 0.0037996 secs]
373027.537: [GC (Allocation Failure)  109063K->33169K(257024K), 0.0029751 secs]
373147.553: [GC (Allocation Failure)  109969K->32644K(257024K), 0.0035064 secs]
373269.013: [GC (Allocation Failure)  109444K->32954K(257024K), 0.0034030 secs]
373381.550: [GC (Allocation Failure)  109754K->33442K(257024K), 0.0033211 secs]
373505.195: [GC (Allocation Failure)  110242K->32974K(257024K), 0.0030109 secs]
373620.375: [GC (Allocation Failure)  109774K->33387K(257024K), 0.0030033 secs]
373737.630: [GC (Allocation Failure)  110187K->33086K(257024K), 0.0036054 secs]
373857.655: [GC (Allocation Failure)  109886K->33265K(257024K), 0.0029470 secs]
373972.017: [GC (Allocation Failure)  110065K->33641K(257024K), 0.0031010 secs]
374095.015: [GC (Allocation Failure)  110441K->33052K(257024K), 0.0031519 secs]
374210.710: [GC (Allocation Failure)  109852K->33453K(257024K), 0.0029795 secs]
374327.139: [GC (Allocation Failure)  110253K->33402K(257536K), 0.0030425 secs]
374449.945: [GC (Allocation Failure)  110714K->33569K(257024K), 0.0030970 secs]
374562.658: [GC (Allocation Failure)  110881K->34113K(256512K), 0.0034396 secs]
374652.004: [GC (System.gc())  92198K->33652K(257024K), 0.0034718 secs]
374652.007: [Full GC (System.gc())  33652K->27829K(257024K), 0.0303972 secs]
374772.693: [GC (Allocation Failure)  104629K->30005K(257024K), 0.0026518 secs]
374890.005: [GC (Allocation Failure)  106805K->31130K(257024K), 0.0028104 secs]
375007.771: [GC (Allocation Failure)  107930K->30876K(257024K), 0.0028900 secs]
375127.794: [GC (Allocation Failure)  107676K->31246K(257024K), 0.0033923 secs]
375242.211: [GC (Allocation Failure)  108046K->31457K(257024K), 0.0031176 secs]
375362.770: [GC (Allocation Failure)  108257K->31772K(257024K), 0.0030034 secs]
375480.612: [GC (Allocation Failure)  108572K->31956K(257024K), 0.0088640 secs]
375597.471: [GC (Allocation Failure)  108756K->31536K(257024K), 0.0032467 secs]
375718.641: [GC (Allocation Failure)  108336K->31809K(257024K), 0.0035245 secs]
375837.863: [GC (Allocation Failure)  108609K->31617K(257024K), 0.0034175 secs]
375952.847: [GC (Allocation Failure)  108417K->31982K(256512K), 0.0033335 secs]
376070.963: [GC (Allocation Failure)  108778K->32025K(257024K), 0.0031486 secs]
376189.224: [GC (Allocation Failure)  108825K->31581K(257024K), 0.0034589 secs]
376307.914: [GC (Allocation Failure)  108381K->32034K(257024K), 0.0028836 secs]
376427.928: [GC (Allocation Failure)  108834K->31743K(257024K), 0.0030382 secs]
376542.932: [GC (Allocation Failure)  108543K->31996K(257024K), 0.0033420 secs]
376665.630: [GC (Allocation Failure)  108796K->32266K(256512K), 0.0031900 secs]
376782.414: [GC (Allocation Failure)  109066K->31951K(257024K), 0.0029846 secs]
376897.987: [GC (Allocation Failure)  108751K->32265K(257536K), 0.0029341 secs]
377019.349: [GC (Allocation Failure)  110089K->32322K(257536K), 0.0031045 secs]
377138.004: [GC (Allocation Failure)  110146K->32084K(257536K), 0.0034882 secs]
377260.848: [GC (Allocation Failure)  109908K->32591K(257536K), 0.0030167 secs]
377380.864: [GC (Allocation Failure)  110415K->32154K(257536K), 0.0029892 secs]
377498.043: [GC (Allocation Failure)  109978K->32495K(257536K), 0.0029456 secs]
377618.466: [GC (Allocation Failure)  110319K->32570K(257536K), 0.0029974 secs]
377738.394: [GC (Allocation Failure)  110394K->32125K(257536K), 0.0036692 secs]
377860.926: [GC (Allocation Failure)  109949K->32757K(257536K), 0.0031880 secs]
377979.492: [GC (Allocation Failure)  110581K->32375K(257536K), 0.0032846 secs]
378096.342: [GC (Allocation Failure)  110199K->32743K(257536K), 0.0031897 secs]
378218.121: [GC (Allocation Failure)  110567K->32755K(257536K), 0.0035461 secs]
378252.040: [GC (System.gc())  54009K->32131K(257536K), 0.0023746 secs]
378252.042: [Full GC (System.gc())  32131K->27524K(257536K), 0.0315123 secs]
378369.831: [GC (Allocation Failure)  105348K->30057K(255488K), 0.0035537 secs]
378492.647: [GC (Allocation Failure)  107881K->30807K(257024K), 0.0034496 secs]
378611.022: [GC (Allocation Failure)  107607K->30492K(257024K), 0.0029063 secs]
378725.201: [GC (Allocation Failure)  107292K->31342K(257024K), 0.0030414 secs]
378839.643: [GC (Allocation Failure)  108142K->31430K(257024K), 0.0029874 secs]
378960.556: [GC (Allocation Failure)  108230K->31784K(257024K), 0.0032608 secs]
379076.863: [GC (Allocation Failure)  108584K->32058K(257024K), 0.0030559 secs]
379200.595: [GC (Allocation Failure)  108858K->31323K(257024K), 0.0038889 secs]
379313.292: [GC (Allocation Failure)  108123K->31926K(257024K), 0.0035804 secs]
379428.254: [GC (Allocation Failure)  108726K->31639K(257024K), 0.0029649 secs]
379550.647: [GC (Allocation Failure)  108439K->31803K(257024K), 0.0032449 secs]
379665.372: [GC (Allocation Failure)  108603K->32179K(256000K), 0.0031873 secs]
379788.292: [GC (Allocation Failure)  107955K->31621K(256512K), 0.0030276 secs]
379901.183: [GC (Allocation Failure)  107397K->31866K(257024K), 0.0032155 secs]
380014.454: [GC (Allocation Failure)  108666K->32089K(256512K), 0.0031283 secs]
380138.328: [GC (Allocation Failure)  108889K->31601K(257024K), 0.0031772 secs]
380255.052: [GC (Allocation Failure)  107889K->31939K(256512K), 0.0104958 secs]
380373.426: [GC (Allocation Failure)  108227K->31875K(257024K), 0.0030922 secs]
380490.868: [GC (Allocation Failure)  108675K->32178K(257024K), 0.0030767 secs]
380605.959: [GC (Allocation Failure)  108978K->32354K(257024K), 0.0037181 secs]
380727.061: [GC (Allocation Failure)  109154K->31882K(257024K), 0.0031283 secs]
380848.405: [GC (Allocation Failure)  108682K->32418K(257024K), 0.0032433 secs]
380966.933: [GC (Allocation Failure)  109218K->31752K(257024K), 0.0029005 secs]
381086.942: [GC (Allocation Failure)  108552K->32174K(257024K), 0.0028666 secs]
381202.535: [GC (Allocation Failure)  108974K->32374K(257024K), 0.0032767 secs]
381320.254: [GC (Allocation Failure)  109173K->32099K(257024K), 0.0031831 secs]
381441.364: [GC (Allocation Failure)  108899K->32523K(257024K), 0.0032070 secs]
381558.484: [GC (Allocation Failure)  109323K->32368K(257024K), 0.0031275 secs]
381680.929: [GC (Allocation Failure)  109168K->32413K(257024K), 0.0031025 secs]
381792.924: [GC (Allocation Failure)  109213K->32623K(257536K), 0.0033184 secs]
381852.076: [GC (System.gc())  72150K->32175K(257536K), 0.0026096 secs]
381852.078: [Full GC (System.gc())  32175K->27686K(257536K), 0.0308285 secs]
381972.961: [GC (Allocation Failure)  105510K->29990K(256512K), 0.0028698 secs]
382093.659: [GC (Allocation Failure)  106790K->30566K(257024K), 0.0034352 secs]
382211.542: [GC (Allocation Failure)  107366K->30493K(257024K), 0.0031781 secs]
382333.017: [GC (Allocation Failure)  107293K->30905K(257024K), 0.0032067 secs]
382448.592: [GC (Allocation Failure)  107705K->31121K(257024K), 0.0044235 secs]
382562.714: [GC (Allocation Failure)  107921K->31523K(257024K), 0.0030392 secs]
382684.866: [GC (Allocation Failure)  108323K->31773K(257024K), 0.0031321 secs]
382801.529: [GC (Allocation Failure)  108573K->31299K(257024K), 0.0031104 secs]
382923.761: [GC (Allocation Failure)  108099K->31665K(257024K), 0.0029725 secs]
383031.106: [GC (Allocation Failure)  108465K->31703K(257024K), 0.0030178 secs]
383145.299: [GC (Allocation Failure)  108503K->31919K(257024K), 0.0031193 secs]
383268.689: [GC (Allocation Failure)  108719K->32151K(257024K), 0.0031949 secs]
383391.609: [GC (Allocation Failure)  108951K->31608K(257024K), 0.0040073 secs]
383507.245: [GC (Allocation Failure)  108408K->32107K(257024K), 0.0031387 secs]
383624.880: [GC (Allocation Failure)  108907K->31486K(257024K), 0.0034641 secs]
383740.699: [GC (Allocation Failure)  108286K->31956K(257024K), 0.0035578 secs]
383858.778: [GC (Allocation Failure)  108756K->32324K(257024K), 0.0034157 secs]
383981.887: [GC (Allocation Failure)  109124K->31882K(257024K), 0.0030739 secs]
384098.776: [GC (Allocation Failure)  108682K->32275K(257024K), 0.0030915 secs]
384217.067: [GC (Allocation Failure)  109074K->32277K(257024K), 0.0029700 secs]
384333.939: [GC (Allocation Failure)  109077K->32071K(257024K), 0.0031321 secs]
384448.856: [GC (Allocation Failure)  108871K->32637K(257024K), 0.0030109 secs]
384572.466: [GC (Allocation Failure)  109437K->32112K(257024K), 0.0032254 secs]
384688.845: [GC (Allocation Failure)  108912K->32607K(257024K), 0.0033258 secs]
384808.863: [GC (Allocation Failure)  109407K->32691K(257024K), 0.0036154 secs]
384927.035: [GC (Allocation Failure)  109491K->31867K(257024K), 0.0028938 secs]
385043.488: [GC (Allocation Failure)  108667K->32799K(257024K), 0.0029737 secs]
385165.332: [GC (Allocation Failure)  109599K->32367K(257024K), 0.0029156 secs]
385287.048: [GC (Allocation Failure)  109167K->32656K(257024K), 0.0029094 secs]
385401.430: [GC (Allocation Failure)  109456K->32997K(257024K), 0.0029624 secs]
385452.111: [GC (System.gc())  66061K->32272K(257024K), 0.0024532 secs]
385452.114: [Full GC (System.gc())  32272K->27605K(257024K), 0.0306563 secs]
385568.951: [GC (Allocation Failure)  104405K->30138K(257024K), 0.0026628 secs]
385683.753: [GC (Allocation Failure)  106938K->31115K(257024K), 0.0028938 secs]
385808.761: [GC (Allocation Failure)  107915K->30475K(257024K), 0.0029335 secs]
385924.918: [GC (Allocation Failure)  107275K->30987K(257024K), 0.0034067 secs]
386043.285: [GC (Allocation Failure)  107787K->31141K(257024K), 0.0029488 secs]
386157.732: [GC (Allocation Failure)  107941K->31441K(257024K), 0.0031528 secs]
386275.353: [GC (Allocation Failure)  108241K->31767K(257024K), 0.0030993 secs]
386396.399: [GC (Allocation Failure)  108567K->31286K(257024K), 0.0031223 secs]
386519.055: [GC (Allocation Failure)  108086K->31702K(257024K), 0.0028864 secs]
386631.990: [GC (Allocation Failure)  108502K->31446K(257024K), 0.0030597 secs]
386753.703: [GC (Allocation Failure)  108246K->31620K(257024K), 0.0029984 secs]
386869.095: [GC (Allocation Failure)  108420K->31844K(257024K), 0.0031107 secs]
386986.497: [GC (Allocation Failure)  108644K->31454K(257024K), 0.0037049 secs]
387109.124: [GC (Allocation Failure)  108254K->31698K(257024K), 0.0034834 secs]
387215.104: [GC (Allocation Failure)  108498K->32223K(257024K), 0.0031552 secs]
387338.468: [GC (Allocation Failure)  109023K->31848K(257024K), 0.0037614 secs]
387453.486: [GC (Allocation Failure)  108648K->32363K(257024K), 0.0036442 secs]
387571.593: [GC (Allocation Failure)  109163K->32010K(257024K), 0.0036419 secs]
387693.060: [GC (Allocation Failure)  108810K->31932K(257024K), 0.0029907 secs]
387809.297: [GC (Allocation Failure)  108732K->32273K(257024K), 0.0118909 secs]
387929.216: [GC (Allocation Failure)  109073K->32025K(257024K), 0.0033192 secs]
388045.962: [GC (Allocation Failure)  108825K->32568K(257024K), 0.0029689 secs]
388165.094: [GC (Allocation Failure)  109368K->32223K(257024K), 0.0035363 secs]
388284.932: [GC (Allocation Failure)  109023K->32513K(257024K), 0.0033741 secs]
388404.447: [GC (Allocation Failure)  109313K->32733K(257024K), 0.0029711 secs]
388522.213: [GC (Allocation Failure)  109533K->32462K(257024K), 0.0030380 secs]
388643.949: [GC (Allocation Failure)  109262K->32774K(257024K), 0.0032873 secs]
388759.304: [GC (Allocation Failure)  109574K->32432K(257024K), 0.0031519 secs]
388875.640: [GC (Allocation Failure)  109232K->32789K(257024K), 0.0035855 secs]
388994.519: [GC (Allocation Failure)  109589K->33080K(257024K), 0.0031222 secs]
389052.146: [GC (System.gc())  68965K->32417K(257024K), 0.0024841 secs]
389052.149: [Full GC (System.gc())  32417K->27604K(257024K), 0.0318006 secs]
389167.619: [GC (Allocation Failure)  104404K->30137K(257024K), 0.0030994 secs]
389289.362: [GC (Allocation Failure)  106937K->30599K(257024K), 0.0028792 secs]
389404.046: [GC (Allocation Failure)  107399K->30923K(257024K), 0.0030449 secs]
389522.337: [GC (Allocation Failure)  107723K->31389K(257024K), 0.0029416 secs]
389642.354: [GC (Allocation Failure)  108189K->31076K(257024K), 0.0032041 secs]
389756.198: [GC (Allocation Failure)  107876K->31531K(257024K), 0.0030492 secs]
389879.604: [GC (Allocation Failure)  108331K->31787K(257024K), 0.0032653 secs]
389995.920: [GC (Allocation Failure)  108587K->31318K(257024K), 0.0032997 secs]
390112.415: [GC (Allocation Failure)  108118K->31805K(257024K), 0.0032462 secs]
390231.681: [GC (Allocation Failure)  108605K->31441K(257024K), 0.0031608 secs]
390347.247: [GC (Allocation Failure)  108241K->31655K(257024K), 0.0032673 secs]
390469.485: [GC (Allocation Failure)  108455K->31909K(257024K), 0.0029963 secs]
390586.341: [GC (Allocation Failure)  108709K->31519K(257024K), 0.0029163 secs]
390702.491: [GC (Allocation Failure)  108319K->31952K(257024K), 0.0030637 secs]
390822.509: [GC (Allocation Failure)  108752K->31770K(257024K), 0.0030694 secs]
390944.224: [GC (Allocation Failure)  108570K->31737K(257024K), 0.0032437 secs]
391061.242: [GC (Allocation Failure)  108533K->32121K(257024K), 0.0030381 secs]
391181.662: [GC (Allocation Failure)  108921K->31340K(257024K), 0.0038444 secs]
391294.818: [GC (Allocation Failure)  108140K->32113K(257024K), 0.0029863 secs]
391407.207: [GC (Allocation Failure)  108913K->32216K(257024K), 0.0030245 secs]
391529.609: [GC (Allocation Failure)  109016K->32110K(257024K), 0.0034909 secs]
391646.158: [GC (Allocation Failure)  108910K->32762K(257024K), 0.0036254 secs]
391767.236: [GC (Allocation Failure)  109562K->32183K(257024K), 0.0029773 secs]
391885.074: [GC (Allocation Failure)  108983K->32627K(257024K), 0.0030243 secs]
391999.662: [GC (Allocation Failure)  109427K->32829K(257024K), 0.0032269 secs]
392122.545: [GC (Allocation Failure)  109629K->32385K(257024K), 0.0034300 secs]
392237.362: [GC (Allocation Failure)  109185K->32952K(257024K), 0.0032731 secs]
392361.555: [GC (Allocation Failure)  109752K->32554K(257024K), 0.0047841 secs]
392475.298: [GC (Allocation Failure)  109354K->32809K(257024K), 0.0030975 secs]
392589.723: [GC (Allocation Failure)  109609K->33171K(257024K), 0.0031213 secs]
392652.183: [GC (System.gc())  72571K->32470K(257024K), 0.0030307 secs]
392652.186: [Full GC (System.gc())  32470K->27630K(257024K), 0.0315596 secs]
392772.764: [GC (Allocation Failure)  104430K->29806K(254464K), 0.0026672 secs]
392889.756: [GC (Allocation Failure)  106606K->30830K(256512K), 0.0029274 secs]
393011.923: [GC (Allocation Failure)  106606K->30241K(256512K), 0.0028409 secs]
393125.045: [GC (Allocation Failure)  106017K->30918K(256512K), 0.0028679 secs]
393235.355: [GC (Allocation Failure)  106694K->31271K(256512K), 0.0034875 secs]
393355.131: [GC (Allocation Failure)  107047K->31384K(257024K), 0.0029558 secs]
393478.343: [GC (Allocation Failure)  108184K->31710K(257024K), 0.0030403 secs]
393595.111: [GC (Allocation Failure)  108510K->31230K(257024K), 0.0028980 secs]
393711.850: [GC (Allocation Failure)  108030K->31564K(257024K), 0.0029596 secs]
393825.472: [GC (Allocation Failure)  108364K->31453K(257024K), 0.0029746 secs]
393945.200: [GC (Allocation Failure)  108253K->31449K(257024K), 0.0029347 secs]
394067.419: [GC (Allocation Failure)  108249K->31692K(257024K), 0.0031117 secs]
394184.942: [GC (Allocation Failure)  108492K->31353K(257024K), 0.0029639 secs]
394305.269: [GC (Allocation Failure)  108153K->31482K(257536K), 0.0030000 secs]
394422.672: [GC (Allocation Failure)  109306K->31532K(257536K), 0.0030325 secs]
394539.938: [GC (Allocation Failure)  109356K->31417K(257536K), 0.0029099 secs]
394664.282: [GC (Allocation Failure)  109241K->31883K(257536K), 0.0029499 secs]
394782.981: [GC (Allocation Failure)  109707K->31548K(257536K), 0.0030955 secs]
394905.273: [GC (Allocation Failure)  109372K->31809K(257536K), 0.0031144 secs]
395021.929: [GC (Allocation Failure)  109633K->31900K(257536K), 0.0030211 secs]
395140.008: [GC (Allocation Failure)  109724K->31721K(257536K), 0.0031005 secs]
395263.059: [GC (Allocation Failure)  109545K->32071K(257536K), 0.0028910 secs]
395382.800: [GC (Allocation Failure)  109895K->31787K(257536K), 0.0031454 secs]
395504.838: [GC (Allocation Failure)  109604K->31990K(257536K), 0.0031777 secs]
395614.675: [GC (Allocation Failure)  109814K->32571K(257536K), 0.0031286 secs]
395733.116: [GC (Allocation Failure)  110395K->32161K(257536K), 0.0034069 secs]
395855.360: [GC (Allocation Failure)  109985K->32648K(257536K), 0.0030657 secs]
395980.098: [GC (Allocation Failure)  110472K->32279K(257536K), 0.0036108 secs]
396097.069: [GC (Allocation Failure)  110103K->32598K(257536K), 0.0031526 secs]
396220.122: [GC (Allocation Failure)  110422K->32502K(257536K), 0.0053157 secs]
396252.219: [GC (System.gc())  55814K->32173K(257536K), 0.0023812 secs]
396252.222: [Full GC (System.gc())  32173K->27546K(257536K), 0.0295409 secs]
396369.045: [GC (Allocation Failure)  105370K->30092K(256512K), 0.0028219 secs]
396491.846: [GC (Allocation Failure)  106892K->30604K(257024K), 0.0027924 secs]
396614.820: [GC (Allocation Failure)  107404K->30156K(257024K), 0.0028637 secs]
396730.182: [GC (Allocation Failure)  106956K->30961K(257024K), 0.0028948 secs]
396850.201: [GC (Allocation Failure)  107761K->30834K(257024K), 0.0028474 secs]
396962.481: [GC (Allocation Failure)  107634K->31414K(257024K), 0.0030223 secs]
397082.502: [GC (Allocation Failure)  108214K->31601K(257024K), 0.0033335 secs]
397205.022: [GC (Allocation Failure)  108401K->31127K(257024K), 0.0032968 secs]
397320.258: [GC (Allocation Failure)  107927K->31569K(257024K), 0.0032380 secs]
397440.270: [GC (Allocation Failure)  108369K->31044K(257024K), 0.0030237 secs]
397555.160: [GC (Allocation Failure)  107844K->31409K(257536K), 0.0033550 secs]
397673.001: [GC (Allocation Failure)  108721K->31683K(257024K), 0.0030135 secs]
397795.647: [GC (Allocation Failure)  108995K->31062K(257024K), 0.0029278 secs]
397912.315: [GC (Allocation Failure)  107862K->31639K(257024K), 0.0029139 secs]
398032.336: [GC (Allocation Failure)  108439K->31281K(257536K), 0.0030533 secs]
398147.089: [GC (Allocation Failure)  108593K->31379K(257024K), 0.0031673 secs]
398265.059: [GC (Allocation Failure)  108691K->31844K(257536K), 0.0030284 secs]
398390.374: [GC (Allocation Failure)  109668K->31385K(257536K), 0.0032202 secs]
398513.458: [GC (Allocation Failure)  109209K->31663K(257536K), 0.0030486 secs]
398627.176: [GC (Allocation Failure)  109487K->31572K(257536K), 0.0029103 secs]
398747.303: [GC (Allocation Failure)  109396K->31372K(257536K), 0.0051201 secs]
398865.415: [GC (Allocation Failure)  109196K->32061K(257536K), 0.0030530 secs]
398988.518: [GC (Allocation Failure)  109885K->31516K(257536K), 0.0030702 secs]
399110.939: [GC (Allocation Failure)  109332K->31817K(257536K), 0.0029746 secs]
399225.835: [GC (Allocation Failure)  109641K->31848K(257536K), 0.0031359 secs]
399350.479: [GC (Allocation Failure)  109672K->31856K(257536K), 0.0029790 secs]
399467.428: [GC (Allocation Failure)  109680K->32201K(257536K), 0.0030969 secs]
399585.883: [GC (Allocation Failure)  110025K->31689K(257536K), 0.0031871 secs]
399710.845: [GC (Allocation Failure)  109513K->31917K(257536K), 0.0031823 secs]
399819.496: [GC (Allocation Failure)  109741K->32479K(257536K), 0.0033086 secs]
399852.253: [GC (System.gc())  52184K->31890K(257536K), 0.0025248 secs]
399852.256: [Full GC (System.gc())  31890K->27559K(257536K), 0.0299647 secs]
399975.332: [GC (Allocation Failure)  105383K->29703K(255488K), 0.0026208 secs]
400093.425: [GC (Allocation Failure)  107527K->30631K(257024K), 0.0028590 secs]
400210.573: [GC (Allocation Failure)  107431K->30489K(257024K), 0.0032761 secs]
400330.608: [GC (Allocation Failure)  107289K->30942K(257024K), 0.0031145 secs]
400445.325: [GC (Allocation Failure)  107742K->31108K(257024K), 0.0030162 secs]
400565.638: [GC (Allocation Failure)  107908K->31372K(257536K), 0.0031411 secs]
400684.879: [GC (Allocation Failure)  109196K->31708K(257536K), 0.0029475 secs]
400803.528: [GC (Allocation Failure)  109532K->31333K(257536K), 0.0029397 secs]
400925.905: [GC (Allocation Failure)  109157K->31617K(257024K), 0.0032179 secs]
401044.681: [GC (Allocation Failure)  109441K->31117K(257536K), 0.0038426 secs]
401163.791: [GC (Allocation Failure)  108429K->31546K(257024K), 0.0030458 secs]
401280.877: [GC (Allocation Failure)  108858K->31857K(256512K), 0.0031074 secs]
401397.439: [GC (Allocation Failure)  108657K->31359K(257024K), 0.0042324 secs]
401519.594: [GC (Allocation Failure)  108159K->31710K(257024K), 0.0032787 secs]
401640.590: [GC (Allocation Failure)  108510K->31253K(257024K), 0.0030946 secs]
401753.875: [GC (Allocation Failure)  108053K->31769K(257024K), 0.0031118 secs]
401876.168: [GC (Allocation Failure)  108569K->31980K(257024K), 0.0032188 secs]
401993.687: [GC (Allocation Failure)  108780K->31374K(257024K), 0.0031610 secs]
402110.592: [GC (Allocation Failure)  108174K->31887K(257024K), 0.0030448 secs]
402227.553: [GC (Allocation Failure)  108687K->31709K(257536K), 0.0030154 secs]
402345.462: [GC (Allocation Failure)  109021K->31914K(257024K), 0.0117131 secs]
402467.312: [GC (Allocation Failure)  109226K->32191K(257536K), 0.0031109 secs]
402586.265: [GC (Allocation Failure)  110015K->31732K(257536K), 0.0031610 secs]
402704.728: [GC (Allocation Failure)  109556K->32099K(257536K), 0.0030412 secs]
402825.734: [GC (Allocation Failure)  109923K->31900K(257536K), 0.0030013 secs]
402943.817: [GC (Allocation Failure)  109724K->32145K(257536K), 0.0030410 secs]
403066.326: [GC (Allocation Failure)  109969K->32386K(257536K), 0.0033679 secs]
403186.076: [GC (Allocation Failure)  110210K->31915K(257536K), 0.0030394 secs]
403304.064: [GC (Allocation Failure)  109739K->32356K(257536K), 0.0029519 secs]
403425.180: [GC (Allocation Failure)  110180K->32165K(257536K), 0.0032070 secs]
403452.288: [GC (System.gc())  48855K->31729K(257536K), 0.0022736 secs]
403452.290: [Full GC (System.gc())  31729K->27437K(257536K), 0.0332271 secs]
403569.114: [GC (Allocation Failure)  105261K->30047K(257536K), 0.0029059 secs]
403693.913: [GC (Allocation Failure)  107871K->30527K(257536K), 0.0027796 secs]
403813.416: [GC (Allocation Failure)  108351K->30354K(257536K), 0.0032460 secs]
403928.347: [GC (Allocation Failure)  108178K->31368K(257024K), 0.0030178 secs]
404045.491: [GC (Allocation Failure)  109192K->31242K(257536K), 0.0034261 secs]
404166.315: [GC (Allocation Failure)  108554K->31440K(257024K), 0.0031186 secs]
404284.188: [GC (Allocation Failure)  108752K->31883K(257024K), 0.0034701 secs]
404406.350: [GC (Allocation Failure)  108683K->31358K(257024K), 0.0029111 secs]
404519.219: [GC (Allocation Failure)  108158K->31824K(257024K), 0.0032980 secs]
404635.663: [GC (Allocation Failure)  108624K->31404K(257024K), 0.0033476 secs]
404756.548: [GC (Allocation Failure)  108204K->31587K(257024K), 0.0036873 secs]
404874.071: [GC (Allocation Failure)  108387K->32049K(257024K), 0.0029995 secs]
404996.437: [GC (Allocation Failure)  108849K->31383K(257024K), 0.0037668 secs]
405111.827: [GC (Allocation Failure)  108183K->31787K(257024K), 0.0030559 secs]
405225.194: [GC (Allocation Failure)  108587K->31664K(257024K), 0.0031507 secs]
405346.482: [GC (Allocation Failure)  108464K->31613K(257024K), 0.0032096 secs]
405464.154: [GC (Allocation Failure)  108413K->32015K(257024K), 0.0031943 secs]
405586.077: [GC (Allocation Failure)  108815K->31675K(257024K), 0.0031240 secs]
405702.841: [GC (Allocation Failure)  108475K->31951K(257024K), 0.0031633 secs]
405815.346: [GC (Allocation Failure)  108751K->32134K(257024K), 0.0029710 secs]
405936.728: [GC (Allocation Failure)  108934K->31800K(257024K), 0.0032487 secs]
406058.112: [GC (Allocation Failure)  108600K->32201K(257024K), 0.0030512 secs]
406176.609: [GC (Allocation Failure)  109001K->31905K(257024K), 0.0029017 secs]
406296.748: [GC (Allocation Failure)  108705K->32244K(257024K), 0.0029604 secs]
406408.160: [GC (Allocation Failure)  109044K->32484K(257024K), 0.0030063 secs]
406527.591: [GC (Allocation Failure)  109284K->31948K(257024K), 0.0029798 secs]
406651.125: [GC (Allocation Failure)  108748K->32508K(257024K), 0.0029676 secs]
406767.597: [GC (Allocation Failure)  109308K->31859K(257024K), 0.0029524 secs]
406889.496: [GC (Allocation Failure)  108659K->32395K(257536K), 0.0032367 secs]
407006.262: [GC (Allocation Failure)  109707K->32530K(257024K), 0.0034258 secs]
407052.325: [GC (System.gc())  64165K->32027K(257536K), 0.0029471 secs]
407052.328: [Full GC (System.gc())  32027K->27617K(257536K), 0.0305744 secs]
407174.386: [GC (Allocation Failure)  105441K->29939K(255488K), 0.0027713 secs]
407296.756: [GC (Allocation Failure)  107763K->30497K(257024K), 0.0032527 secs]
407414.593: [GC (Allocation Failure)  107297K->30502K(257024K), 0.0029507 secs]
407535.649: [GC (Allocation Failure)  107302K->30822K(257024K), 0.0028298 secs]
407650.862: [GC (Allocation Failure)  107622K->31084K(257024K), 0.0031556 secs]
407764.854: [GC (Allocation Failure)  107884K->31468K(256512K), 0.0034455 secs]
407886.957: [GC (Allocation Failure)  108268K->31646K(257024K), 0.0028929 secs]
408004.659: [GC (Allocation Failure)  108446K->31312K(257024K), 0.0030556 secs]
408126.420: [GC (Allocation Failure)  108112K->31627K(257024K), 0.0031364 secs]
408233.600: [GC (Allocation Failure)  108427K->31568K(257024K), 0.0033496 secs]
408347.036: [GC (Allocation Failure)  108368K->31871K(257024K), 0.0030332 secs]
408470.846: [GC (Allocation Failure)  108671K->32029K(257024K), 0.0033199 secs]
408594.734: [GC (Allocation Failure)  108829K->31523K(257024K), 0.0031600 secs]
408708.405: [GC (Allocation Failure)  108323K->31902K(257024K), 0.0033353 secs]
408826.519: [GC (Allocation Failure)  108702K->31371K(257024K), 0.0038836 secs]
408941.380: [GC (Allocation Failure)  108171K->31842K(257024K), 0.0033853 secs]
409061.383: [GC (Allocation Failure)  108642K->32202K(257024K), 0.0039007 secs]
409184.675: [GC (Allocation Failure)  109002K->31762K(257024K), 0.0031138 secs]
409298.767: [GC (Allocation Failure)  108562K->32141K(257024K), 0.0031287 secs]
409417.428: [GC (Allocation Failure)  108941K->32179K(257024K), 0.0039650 secs]
409536.606: [GC (Allocation Failure)  108979K->31932K(257024K), 0.0035174 secs]
409651.458: [GC (Allocation Failure)  108732K->32413K(257024K), 0.0085307 secs]
409774.880: [GC (Allocation Failure)  109213K->31956K(257024K), 0.0034230 secs]
409888.620: [GC (Allocation Failure)  108756K->32346K(257024K), 0.0032219 secs]
410008.640: [GC (Allocation Failure)  109146K->32468K(257024K), 0.0030841 secs]
410127.604: [GC (Allocation Failure)  109268K->31977K(257024K), 0.0038175 secs]
410244.939: [GC (Allocation Failure)  108777K->32658K(257024K), 0.0033003 secs]
410367.080: [GC (Allocation Failure)  109458K->32127K(257024K), 0.0032788 secs]
410487.501: [GC (Allocation Failure)  108927K->32442K(257024K), 0.0032815 secs]
410601.604: [GC (Allocation Failure)  109242K->32695K(257024K), 0.0030123 secs]
410652.361: [GC (System.gc())  65385K->32080K(257024K), 0.0026318 secs]
410652.364: [Full GC (System.gc())  32080K->27566K(257024K), 0.0311923 secs]
410767.326: [GC (Allocation Failure)  104366K->29998K(257024K), 0.0029366 secs]
410884.898: [GC (Allocation Failure)  106798K->31122K(257024K), 0.0029237 secs]
411007.263: [GC (Allocation Failure)  107922K->30514K(257024K), 0.0028580 secs]
411125.047: [GC (Allocation Failure)  107314K->31223K(257024K), 0.0048611 secs]
411244.000: [GC (Allocation Failure)  108023K->31160K(257536K), 0.0031079 secs]
411357.408: [GC (Allocation Failure)  108472K->31397K(257024K), 0.0030723 secs]
411475.157: [GC (Allocation Failure)  108709K->31768K(256512K), 0.0030852 secs]
411597.464: [GC (Allocation Failure)  108568K->31161K(257024K), 0.0032959 secs]
411721.692: [GC (Allocation Failure)  107961K->31557K(256512K), 0.0029053 secs]
411835.022: [GC (Allocation Failure)  108357K->31281K(257024K), 0.0029863 secs]
411955.204: [GC (Allocation Failure)  108081K->31479K(257536K), 0.0030400 secs]
412072.513: [GC (Allocation Failure)  109303K->31686K(257536K), 0.0041374 secs]
412194.123: [GC (Allocation Failure)  109510K->31219K(257536K), 0.0030494 secs]
412315.493: [GC (Allocation Failure)  109043K->31581K(257536K), 0.0066495 secs]
412425.211: [GC (Allocation Failure)  109405K->31914K(256512K), 0.0042578 secs]
412545.725: [GC (Allocation Failure)  108714K->31955K(257024K), 0.0034550 secs]
412662.598: [GC (Allocation Failure)  108755K->32205K(257024K), 0.0031503 secs]
412778.432: [GC (Allocation Failure)  109005K->31853K(257024K), 0.0052554 secs]
412901.824: [GC (Allocation Failure)  108653K->32082K(257024K), 0.0029597 secs]
413017.038: [GC (Allocation Failure)  108882K->32183K(257024K), 0.0031922 secs]
413137.653: [GC (Allocation Failure)  108983K->31924K(257024K), 0.0030780 secs]
413254.725: [GC (Allocation Failure)  108724K->32520K(257024K), 0.0031303 secs]
413371.119: [GC (Allocation Failure)  109320K->32162K(257024K), 0.0031572 secs]
413491.890: [GC (Allocation Failure)  108962K->32450K(257024K), 0.0031949 secs]
413611.904: [GC (Allocation Failure)  109250K->32632K(257024K), 0.0032545 secs]
413727.781: [GC (Allocation Failure)  109432K->31906K(257024K), 0.0030345 secs]
413849.179: [GC (Allocation Failure)  108706K->32605K(257024K), 0.0030729 secs]
413966.761: [GC (Allocation Failure)  109405K->32425K(257024K), 0.0035908 secs]
414085.421: [GC (Allocation Failure)  109225K->32609K(257024K), 0.0035211 secs]
414205.331: [GC (Allocation Failure)  109409K->32911K(257024K), 0.0030446 secs]
414252.397: [GC (System.gc())  64207K->32242K(257024K), 0.0025945 secs]
414252.399: [Full GC (System.gc())  32242K->27561K(257024K), 0.0290713 secs]
414367.819: [GC (Allocation Failure)  104361K->30107K(257024K), 0.0029320 secs]
414490.652: [GC (Allocation Failure)  106907K->30619K(257024K), 0.0028150 secs]
414605.509: [GC (Allocation Failure)  107419K->30866K(257024K), 0.0030687 secs]
414724.917: [GC (Allocation Failure)  107666K->31287K(257024K), 0.0028770 secs]
414844.937: [GC (Allocation Failure)  108087K->31013K(257024K), 0.0029110 secs]
414957.409: [GC (Allocation Failure)  107813K->31603K(257024K), 0.0031976 secs]
415081.653: [GC (Allocation Failure)  108403K->31782K(257024K), 0.0030620 secs]
415197.484: [GC (Allocation Failure)  108582K->31352K(257024K), 0.0043970 secs]
415314.075: [GC (Allocation Failure)  108152K->31776K(257024K), 0.0033888 secs]
415432.108: [GC (Allocation Failure)  108576K->31384K(257024K), 0.0031838 secs]
415547.848: [GC (Allocation Failure)  108184K->31716K(257024K), 0.0030175 secs]
415670.496: [GC (Allocation Failure)  108516K->31813K(257024K), 0.0043634 secs]
415787.392: [GC (Allocation Failure)  108613K->31571K(257024K), 0.0030966 secs]
415902.463: [GC (Allocation Failure)  108371K->31813K(257024K), 0.0054650 secs]
416022.471: [GC (Allocation Failure)  108613K->31525K(257024K), 0.0055961 secs]
416145.128: [GC (Allocation Failure)  108325K->31718K(257024K), 0.0031058 secs]
416260.918: [GC (Allocation Failure)  108518K->32020K(257024K), 0.0030965 secs]
416382.208: [GC (Allocation Failure)  108820K->31211K(257024K), 0.0034048 secs]
416497.081: [GC (Allocation Failure)  108010K->31972K(257024K), 0.0032751 secs]
416607.858: [GC (Allocation Failure)  108772K->32091K(257536K), 0.0049329 secs]
416730.909: [GC (Allocation Failure)  109403K->32040K(257024K), 0.0028948 secs]
416847.872: [GC (Allocation Failure)  109352K->32352K(257536K), 0.0028424 secs]
416972.274: [GC (Allocation Failure)  110176K->32054K(257536K), 0.0039505 secs]
417088.033: [GC (Allocation Failure)  109878K->32552K(257536K), 0.0029688 secs]
417207.243: [GC (Allocation Failure)  110376K->32785K(257536K), 0.0032059 secs]
417327.889: [GC (Allocation Failure)  110609K->32194K(256512K), 0.0030356 secs]
417447.208: [GC (Allocation Failure)  108994K->32816K(257024K), 0.0030549 secs]
417567.895: [GC (Allocation Failure)  109616K->32300K(257024K), 0.0030102 secs]
417685.790: [GC (Allocation Failure)  109100K->32767K(257024K), 0.0031447 secs]
417797.661: [GC (Allocation Failure)  109567K->32969K(257024K), 0.0031390 secs]
417852.431: [GC (System.gc())  67728K->32321K(257024K), 0.0051643 secs]
417852.436: [Full GC (System.gc())  32321K->27576K(257024K), 0.0388903 secs]
417975.821: [GC (Allocation Failure)  104376K->29688K(257024K), 0.0028388 secs]
418090.779: [GC (Allocation Failure)  106488K->30699K(257024K), 0.0030538 secs]
418215.284: [GC (Allocation Failure)  107499K->30109K(257024K), 0.0029035 secs]
418328.401: [GC (Allocation Failure)  106909K->30978K(257024K), 0.0028864 secs]
418444.934: [GC (Allocation Failure)  107778K->31112K(257024K), 0.0030081 secs]
418565.481: [GC (Allocation Failure)  107912K->31298K(257024K), 0.0064247 secs]
418684.954: [GC (Allocation Failure)  108098K->31421K(257024K), 0.0033383 secs]
418804.973: [GC (Allocation Failure)  108221K->31225K(257024K), 0.0031194 secs]
418918.431: [GC (Allocation Failure)  108025K->31586K(257024K), 0.0038040 secs]
419035.420: [GC (Allocation Failure)  108386K->31133K(257024K), 0.0051422 secs]
419155.567: [GC (Allocation Failure)  107933K->31527K(256512K), 0.0030417 secs]
419276.121: [GC (Allocation Failure)  108327K->31715K(257024K), 0.0029917 secs]
419395.059: [GC (Allocation Failure)  108515K->31299K(257536K), 0.0029526 secs]
419516.018: [GC (Allocation Failure)  108611K->31553K(257024K), 0.0029323 secs]
419628.710: [GC (Allocation Failure)  108865K->31445K(257536K), 0.0033829 secs]
419747.640: [GC (Allocation Failure)  109269K->31553K(257536K), 0.0031372 secs]
419872.599: [GC (Allocation Failure)  109377K->31845K(257536K), 0.0029455 secs]
419990.078: [GC (Allocation Failure)  109669K->31508K(257536K), 0.0031756 secs]
420115.145: [GC (Allocation Failure)  109332K->31833K(257536K), 0.0034059 secs]
420228.572: [GC (Allocation Failure)  109657K->31631K(257536K), 0.0035534 secs]
420346.299: [GC (Allocation Failure)  109455K->31861K(257536K), 0.0032024 secs]
420469.983: [GC (Allocation Failure)  109685K->32018K(257536K), 0.0030283 secs]
420588.628: [GC (Allocation Failure)  109842K->31778K(257536K), 0.0029672 secs]
420712.691: [GC (Allocation Failure)  109602K->32202K(257536K), 0.0030416 secs]
420822.619: [GC (Allocation Failure)  110026K->32342K(257536K), 0.0030873 secs]
420938.768: [GC (Allocation Failure)  110166K->32225K(257536K), 0.0030274 secs]
421062.734: [GC (Allocation Failure)  110049K->32656K(257536K), 0.0030640 secs]
421187.234: [GC (Allocation Failure)  110480K->32243K(257536K), 0.0030815 secs]
421305.487: [GC (Allocation Failure)  110067K->32622K(257536K), 0.0032782 secs]
421424.525: [GC (Allocation Failure)  110446K->32110K(257536K), 0.0033935 secs]
421452.477: [GC (System.gc())  51695K->32034K(257536K), 0.0029799 secs]
421452.480: [Full GC (System.gc())  32034K->27474K(257536K), 0.0332533 secs]
421568.592: [GC (Allocation Failure)  105298K->30134K(256000K), 0.0028382 secs]
421692.803: [GC (Allocation Failure)  107958K->30500K(257024K), 0.0030186 secs]
421816.317: [GC (Allocation Failure)  107300K->30162K(257024K), 0.0029581 secs]
421931.495: [GC (Allocation Failure)  106962K->30870K(257024K), 0.0045676 secs]
422050.673: [GC (Allocation Failure)  107670K->30537K(257024K), 0.0038774 secs]
422163.900: [GC (Allocation Failure)  107337K->31336K(257024K), 0.0032600 secs]
422282.871: [GC (Allocation Failure)  108136K->31561K(257024K), 0.0030314 secs]
422406.392: [GC (Allocation Failure)  108361K->30977K(257024K), 0.0029277 secs]
422522.893: [GC (Allocation Failure)  107777K->31471K(257024K), 0.0031393 secs]
422641.034: [GC (Allocation Failure)  108271K->30940K(257024K), 0.0031106 secs]
422756.510: [GC (Allocation Failure)  107740K->31309K(257024K), 0.0030859 secs]
422872.937: [GC (Allocation Failure)  108109K->31594K(257024K), 0.0030462 secs]
422996.474: [GC (Allocation Failure)  108394K->30934K(257024K), 0.0060205 secs]
423110.774: [GC (Allocation Failure)  107734K->31388K(257024K), 0.0032898 secs]
423230.803: [GC (Allocation Failure)  108188K->31114K(257024K), 0.0030397 secs]
423346.515: [GC (Allocation Failure)  107914K->31334K(257536K), 0.0028757 secs]
423465.301: [GC (Allocation Failure)  109158K->31721K(257536K), 0.0030130 secs]
423588.857: [GC (Allocation Failure)  109545K->31209K(257536K), 0.0029116 secs]
423713.031: [GC (Allocation Failure)  109033K->31705K(257536K), 0.0030181 secs]
423828.033: [GC (Allocation Failure)  109529K->31387K(257536K), 0.0032996 secs]
423948.053: [GC (Allocation Failure)  109211K->31390K(257536K), 0.0122248 secs]
424066.601: [GC (Allocation Failure)  109214K->31945K(257536K), 0.0031503 secs]
424188.448: [GC (Allocation Failure)  109769K->31436K(257536K), 0.0037733 secs]
424311.226: [GC (Allocation Failure)  109260K->31724K(257536K), 0.0033037 secs]
424426.723: [GC (Allocation Failure)  109548K->31753K(257536K), 0.0031199 secs]
424549.237: [GC (Allocation Failure)  109577K->31699K(257536K), 0.0028929 secs]
424668.520: [GC (Allocation Failure)  109523K->32135K(257536K), 0.0029834 secs]
424786.773: [GC (Allocation Failure)  109959K->31622K(257536K), 0.0031252 secs]
424910.795: [GC (Allocation Failure)  109446K->31870K(257536K), 0.0034966 secs]
425019.221: [GC (Allocation Failure)  109694K->32465K(257536K), 0.0031258 secs]
425052.515: [GC (System.gc())  52733K->31799K(257536K), 0.0024506 secs]
425052.518: [Full GC (System.gc())  31799K->27546K(257536K), 0.0269570 secs]
425176.748: [GC (Allocation Failure)  105370K->29690K(256512K), 0.0026868 secs]
425291.615: [GC (Allocation Failure)  106490K->30687K(257024K), 0.0028185 secs]
425409.097: [GC (Allocation Failure)  107487K->30563K(257024K), 0.0031749 secs]
425529.384: [GC (Allocation Failure)  107363K->30974K(257024K), 0.0028213 secs]
425645.230: [GC (Allocation Failure)  107774K->31191K(257536K), 0.0029813 secs]
425766.892: [GC (Allocation Failure)  109014K->31319K(257536K), 0.0030315 secs]
425885.934: [GC (Allocation Failure)  109143K->31671K(256512K), 0.0030185 secs]
426002.517: [GC (Allocation Failure)  108471K->31190K(257024K), 0.0030138 secs]
426124.984: [GC (Allocation Failure)  107990K->31447K(257536K), 0.0032020 secs]
426243.320: [GC (Allocation Failure)  109271K->30916K(257536K), 0.0034051 secs]
426363.325: [GC (Allocation Failure)  108740K->31497K(257536K), 0.0029876 secs]
426479.530: [GC (Allocation Failure)  109321K->31762K(257536K), 0.0029912 secs]
426599.252: [GC (Allocation Failure)  109586K->31268K(257536K), 0.0030343 secs]
426722.814: [GC (Allocation Failure)  109092K->31575K(257536K), 0.0031615 secs]
426844.840: [GC (Allocation Failure)  109399K->31190K(257536K), 0.0030089 secs]
426959.598: [GC (Allocation Failure)  109014K->31607K(257536K), 0.0031901 secs]
427086.067: [GC (Allocation Failure)  109431K->31819K(257536K), 0.0032996 secs]
427200.456: [GC (Allocation Failure)  109643K->31372K(257536K), 0.0115320 secs]
427321.555: [GC (Allocation Failure)  109196K->31779K(257536K), 0.0031856 secs]
427443.446: [GC (Allocation Failure)  109603K->31404K(257536K), 0.0144604 secs]
427559.575: [GC (Allocation Failure)  109228K->31809K(257536K), 0.0031233 secs]
427684.191: [GC (Allocation Failure)  109633K->31907K(257536K), 0.0031268 secs]
427803.508: [GC (Allocation Failure)  109731K->31589K(257536K), 0.0031041 secs]
427919.415: [GC (Allocation Failure)  109413K->31972K(257536K), 0.0030810 secs]
428040.917: [GC (Allocation Failure)  109796K->31588K(257536K), 0.0031063 secs]
428157.168: [GC (Allocation Failure)  109412K->31950K(257536K), 0.0030109 secs]
428283.558: [GC (Allocation Failure)  109774K->32161K(257536K), 0.0032856 secs]
428400.961: [GC (Allocation Failure)  109985K->31741K(257536K), 0.0031573 secs]
428518.389: [GC (Allocation Failure)  109565K->32187K(257536K), 0.0029911 secs]
428639.011: [GC (Allocation Failure)  110011K->31727K(257536K), 0.0035761 secs]
428652.547: [GC (System.gc())  40398K->31398K(257536K), 0.0022065 secs]
428652.549: [Full GC (System.gc())  31398K->27394K(257536K), 0.0282952 secs]
428769.535: [GC (Allocation Failure)  105218K->29959K(257536K), 0.0027398 secs]
428893.627: [GC (Allocation Failure)  107783K->30580K(257536K), 0.0027700 secs]
429013.640: [GC (Allocation Failure)  108404K->30439K(257536K), 0.0030053 secs]
429129.578: [GC (Allocation Failure)  108263K->31270K(257536K), 0.0029736 secs]
429246.955: [GC (Allocation Failure)  109094K->31282K(257536K), 0.0032181 secs]
429368.306: [GC (Allocation Failure)  109106K->31635K(256512K), 0.0030743 secs]
429485.139: [GC (Allocation Failure)  108435K->31877K(257024K), 0.0031794 secs]
429607.315: [GC (Allocation Failure)  108677K->31332K(257024K), 0.0029310 secs]
429719.655: [GC (Allocation Failure)  108132K->31844K(257024K), 0.0036195 secs]
429837.041: [GC (Allocation Failure)  108644K->31479K(257024K), 0.0030988 secs]
429957.423: [GC (Allocation Failure)  108279K->31681K(257024K), 0.0057258 secs]
430073.754: [GC (Allocation Failure)  108481K->32000K(256000K), 0.0032762 secs]
430197.086: [GC (Allocation Failure)  107776K->31384K(256512K), 0.0031001 secs]
430309.221: [GC (Allocation Failure)  107160K->31800K(256000K), 0.0030892 secs]
430421.311: [GC (Allocation Failure)  107576K->31736K(256512K), 0.0028669 secs]
430541.339: [GC (Allocation Failure)  107512K->31466K(257024K), 0.0030674 secs]
430658.421: [GC (Allocation Failure)  107754K->32012K(256512K), 0.0042121 secs]
430779.281: [GC (Allocation Failure)  108300K->31781K(257024K), 0.0031978 secs]
430895.167: [GC (Allocation Failure)  108581K->31914K(257024K), 0.0030911 secs]
431008.239: [GC (Allocation Failure)  108714K->31908K(257024K), 0.0029729 secs]
431130.578: [GC (Allocation Failure)  108708K->31726K(257024K), 0.0029815 secs]
431251.703: [GC (Allocation Failure)  108526K->32212K(257024K), 0.0028677 secs]
431369.351: [GC (Allocation Failure)  109012K->31905K(257024K), 0.0031611 secs]
431490.115: [GC (Allocation Failure)  108705K->32171K(257024K), 0.0032544 secs]
431605.007: [GC (Allocation Failure)  108971K->32348K(257024K), 0.0035668 secs]
431723.918: [GC (Allocation Failure)  109148K->31978K(257024K), 0.0030196 secs]
431845.906: [GC (Allocation Failure)  108778K->32398K(257024K), 0.0030795 secs]
431961.391: [GC (Allocation Failure)  109198K->32206K(257536K), 0.0029658 secs]
432085.239: [GC (Allocation Failure)  109518K->32308K(257024K), 0.0029526 secs]
432198.306: [GC (Allocation Failure)  109620K->32563K(257536K), 0.0031113 secs]
432252.579: [GC (System.gc())  69044K->32058K(257536K), 0.0025554 secs]
432252.582: [Full GC (System.gc())  32058K->27641K(257536K), 0.0279386 secs]
432373.986: [GC (Allocation Failure)  105465K->29913K(256512K), 0.0030667 secs]
432495.162: [GC (Allocation Failure)  106713K->30457K(257024K), 0.0026858 secs]
432612.717: [GC (Allocation Failure)  107257K->30379K(257024K), 0.0028414 secs]
432734.028: [GC (Allocation Failure)  107179K->30846K(257024K), 0.0028790 secs]
432847.695: [GC (Allocation Failure)  107646K->31006K(257024K), 0.0030520 secs]
432962.928: [GC (Allocation Failure)  107806K->31395K(257024K), 0.0029563 secs]
433086.099: [GC (Allocation Failure)  108195K->31624K(257024K), 0.0030297 secs]
433202.969: [GC (Allocation Failure)  108424K->31176K(257024K), 0.0029544 secs]
433325.107: [GC (Allocation Failure)  107976K->31528K(257536K), 0.0028437 secs]
433433.630: [GC (Allocation Failure)  109352K->31638K(257024K), 0.0030047 secs]
433550.129: [GC (Allocation Failure)  109462K->32069K(257024K), 0.0029452 secs]
433672.069: [GC (Allocation Failure)  108869K->32055K(257024K), 0.0030172 secs]
433796.953: [GC (Allocation Failure)  108855K->31695K(257024K), 0.0029977 secs]
433910.591: [GC (Allocation Failure)  108494K->32040K(257024K), 0.0029510 secs]
434027.834: [GC (Allocation Failure)  108840K->31529K(257024K), 0.0113312 secs]
434144.175: [GC (Allocation Failure)  108329K->31994K(257024K), 0.0031508 secs]
434262.650: [GC (Allocation Failure)  108794K->32285K(257024K), 0.0029692 secs]
434385.419: [GC (Allocation Failure)  109085K->31818K(257024K), 0.0031712 secs]
434502.105: [GC (Allocation Failure)  108618K->32105K(257024K), 0.0030962 secs]
434620.660: [GC (Allocation Failure)  108905K->32073K(257024K), 0.0030148 secs]
434737.936: [GC (Allocation Failure)  108873K->31942K(257024K), 0.0030780 secs]
434853.812: [GC (Allocation Failure)  108742K->32515K(257024K), 0.0033604 secs]
434977.956: [GC (Allocation Failure)  109315K->32004K(257024K), 0.0031085 secs]
435091.393: [GC (Allocation Failure)  108804K->32459K(257024K), 0.0029314 secs]
435211.799: [GC (Allocation Failure)  109259K->32574K(257024K), 0.0031139 secs]
435328.348: [GC (Allocation Failure)  109374K->32122K(257024K), 0.0029491 secs]
435448.014: [GC (Allocation Failure)  108922K->32767K(257024K), 0.0031228 secs]
435568.353: [GC (Allocation Failure)  109567K->31905K(257024K), 0.0031235 secs]
435688.361: [GC (Allocation Failure)  108705K->32055K(257024K), 0.0036412 secs]
435804.738: [GC (Allocation Failure)  108855K->32834K(257024K), 0.0029225 secs]
435852.612: [GC (System.gc())  63998K->32260K(257024K), 0.0024965 secs]
435852.614: [Full GC (System.gc())  32260K->27596K(257024K), 0.0334582 secs]
435968.082: [GC (Allocation Failure)  104396K->30097K(257024K), 0.0027428 secs]
436084.380: [GC (Allocation Failure)  106897K->31120K(257024K), 0.0030758 secs]
436208.109: [GC (Allocation Failure)  107920K->30467K(257024K), 0.0028196 secs]
436324.846: [GC (Allocation Failure)  107267K->31088K(257024K), 0.0034955 secs]
436442.428: [GC (Allocation Failure)  107888K->30999K(257024K), 0.0043108 secs]
436558.149: [GC (Allocation Failure)  107799K->31369K(257024K), 0.0032743 secs]
436675.100: [GC (Allocation Failure)  108169K->31562K(257024K), 0.0031356 secs]
436796.244: [GC (Allocation Failure)  108362K->31074K(257024K), 0.0033078 secs]
436918.196: [GC (Allocation Failure)  107874K->31478K(257024K), 0.0030067 secs]
437030.053: [GC (Allocation Failure)  108278K->31004K(257536K), 0.0029336 secs]
437157.176: [GC (Allocation Failure)  108828K->31196K(257536K), 0.0028831 secs]
437275.185: [GC (Allocation Failure)  109020K->31401K(257536K), 0.0034279 secs]
437400.097: [GC (Allocation Failure)  109225K->30924K(257536K), 0.0028762 secs]
437524.815: [GC (Allocation Failure)  108748K->31258K(257536K), 0.0029040 secs]
437637.441: [GC (Allocation Failure)  109082K->31468K(257536K), 0.0042611 secs]
437761.700: [GC (Allocation Failure)  109292K->31669K(257536K), 0.0035011 secs]
437883.021: [GC (Allocation Failure)  109493K->31998K(257536K), 0.0030748 secs]
438004.594: [GC (Allocation Failure)  109822K->31713K(257536K), 0.0030045 secs]
438130.188: [GC (Allocation Failure)  109537K->31972K(257536K), 0.0029129 secs]
438248.354: [GC (Allocation Failure)  109795K->31665K(257536K), 0.0031693 secs]
438374.636: [GC (Allocation Failure)  109489K->31880K(257536K), 0.0029905 secs]
438494.653: [GC (Allocation Failure)  109704K->32133K(257536K), 0.0030018 secs]
438616.117: [GC (Allocation Failure)  109957K->31786K(257536K), 0.0029356 secs]
438741.079: [GC (Allocation Failure)  109610K->32204K(257536K), 0.0029447 secs]
438860.283: [GC (Allocation Failure)  110028K->31937K(257536K), 0.0029350 secs]
438986.171: [GC (Allocation Failure)  109761K->32114K(257536K), 0.0030699 secs]
439107.637: [GC (Allocation Failure)  109938K->32406K(257536K), 0.0029056 secs]
439228.343: [GC (Allocation Failure)  110230K->31839K(257536K), 0.0030853 secs]
439351.158: [GC (Allocation Failure)  109663K->32414K(257536K), 0.0029660 secs]
439452.650: [GC (System.gc())  96154K->32002K(257536K), 0.0029118 secs]
439452.653: [Full GC (System.gc())  32002K->26547K(257536K), 0.0277866 secs]
439573.206: [GC (Allocation Failure)  104371K->28824K(255488K), 0.0027122 secs]
439697.226: [GC (Allocation Failure)  106648K->29459K(257024K), 0.0033562 secs]
439817.727: [GC (Allocation Failure)  106259K->29496K(257024K), 0.0030131 secs]
439938.378: [GC (Allocation Failure)  106296K->30090K(257024K), 0.0030088 secs]
440060.542: [GC (Allocation Failure)  106890K->29794K(257024K), 0.0028911 secs]
440178.600: [GC (Allocation Failure)  106592K->30232K(257536K), 0.0030772 secs]
440305.262: [GC (Allocation Failure)  108056K->30274K(257536K), 0.0027986 secs]
440424.851: [GC (Allocation Failure)  108098K->30058K(257536K), 0.0068855 secs]
440545.856: [GC (Allocation Failure)  107882K->30396K(257536K), 0.0029353 secs]
440668.660: [GC (Allocation Failure)  108220K->29897K(257536K), 0.0029200 secs]
440788.676: [GC (Allocation Failure)  107721K->30333K(257536K), 0.0029096 secs]
440915.053: [GC (Allocation Failure)  108157K->30242K(257536K), 0.0032621 secs]
441035.937: [GC (Allocation Failure)  108066K->30000K(257536K), 0.0029828 secs]
441154.940: [GC (Allocation Failure)  107824K->30487K(257536K), 0.0033210 secs]
441280.648: [GC (Allocation Failure)  108311K->30021K(257536K), 0.0032081 secs]
441400.605: [GC (Allocation Failure)  107845K->30469K(257536K), 0.0031111 secs]
441527.947: [GC (Allocation Failure)  108293K->30163K(257536K), 0.0029940 secs]
441647.508: [GC (Allocation Failure)  107987K->30358K(257536K), 0.0031362 secs]
441760.692: [GC (Allocation Failure)  108182K->30896K(257536K), 0.0029122 secs]
441885.090: [GC (Allocation Failure)  108720K->30553K(257536K), 0.0030739 secs]
442005.119: [GC (Allocation Failure)  108377K->31071K(257536K), 0.0029555 secs]
442132.632: [GC (Allocation Failure)  108895K->30689K(257536K), 0.0029220 secs]
442252.651: [GC (Allocation Failure)  108513K->31069K(257536K), 0.0029503 secs]
442370.720: [GC (Allocation Failure)  108893K->31431K(257536K), 0.0029197 secs]
442498.883: [GC (Allocation Failure)  109255K->30917K(257536K), 0.0030356 secs]
442621.570: [GC (Allocation Failure)  108741K->31004K(257536K), 0.0031761 secs]
442745.098: [GC (Allocation Failure)  108828K->30929K(257536K), 0.0029966 secs]
442865.115: [GC (Allocation Failure)  108753K->31185K(257536K), 0.0031787 secs]
442981.633: [GC (Allocation Failure)  109009K->31542K(257536K), 0.0029386 secs]
443052.682: [GC (System.gc())  74919K->30881K(257536K), 0.0025904 secs]
443052.685: [Full GC (System.gc())  30881K->26450K(257536K), 0.0280285 secs]
443178.967: [GC (Allocation Failure)  104274K->28402K(254976K), 0.0029088 secs]
443300.555: [GC (Allocation Failure)  106226K->29335K(257024K), 0.0027770 secs]
443425.602: [GC (Allocation Failure)  106135K->28759K(257024K), 0.0027814 secs]
443545.168: [GC (Allocation Failure)  105559K->29559K(257024K), 0.0031467 secs]
443660.881: [GC (Allocation Failure)  106359K->29744K(257024K), 0.0030323 secs]
443784.912: [GC (Allocation Failure)  106544K->30012K(257536K), 0.0029164 secs]
443905.215: [GC (Allocation Failure)  107836K->30260K(257536K), 0.0028572 secs]
444030.933: [GC (Allocation Failure)  108084K->29725K(257536K), 0.0028690 secs]
444150.932: [GC (Allocation Failure)  107549K->30249K(257536K), 0.0030145 secs]
444269.089: [GC (Allocation Failure)  108073K->29902K(257536K), 0.0031544 secs]
444395.156: [GC (Allocation Failure)  107726K->30063K(257536K), 0.0028670 secs]
444518.340: [GC (Allocation Failure)  107887K->29975K(257536K), 0.0031040 secs]
444641.833: [GC (Allocation Failure)  107799K->29963K(257536K), 0.0028931 secs]
444761.487: [GC (Allocation Failure)  107787K->30117K(257536K), 0.0038870 secs]
444881.043: [GC (Allocation Failure)  107941K->29993K(257536K), 0.0029950 secs]
445005.332: [GC (Allocation Failure)  107817K->30183K(257536K), 0.0028778 secs]
445133.021: [GC (Allocation Failure)  108007K->29944K(257536K), 0.0028352 secs]
445252.931: [GC (Allocation Failure)  107768K->30327K(257536K), 0.0030810 secs]
445371.098: [GC (Allocation Failure)  108151K->30606K(257536K), 0.0029442 secs]
445494.852: [GC (Allocation Failure)  108430K->29909K(257536K), 0.0031665 secs]
445619.126: [GC (Allocation Failure)  107733K->30503K(257536K), 0.0028344 secs]
445745.405: [GC (Allocation Failure)  108327K->30160K(257536K), 0.0040638 secs]
445865.153: [GC (Allocation Failure)  107984K->30560K(257536K), 0.0031396 secs]
445981.710: [GC (Allocation Failure)  108384K->31279K(257536K), 0.0030611 secs]
446101.191: [GC (Allocation Failure)  109103K->30896K(257536K), 0.0030399 secs]
446222.415: [GC (Allocation Failure)  108720K->31234K(257536K), 0.0031401 secs]
446350.930: [GC (Allocation Failure)  109058K->30896K(257536K), 0.0030808 secs]
446470.575: [GC (Allocation Failure)  108720K->31242K(257536K), 0.0029232 secs]
446594.005: [GC (Allocation Failure)  109066K->31320K(257536K), 0.0030810 secs]
446652.715: [GC (System.gc())  71943K->30879K(257536K), 0.0026288 secs]
446652.718: [Full GC (System.gc())  30879K->26444K(257536K), 0.0281420 secs]
446772.141: [GC (Allocation Failure)  104268K->28748K(255488K), 0.0025678 secs]
446899.413: [GC (Allocation Failure)  106572K->29218K(257024K), 0.0029710 secs]
447025.564: [GC (Allocation Failure)  106018K->28876K(257024K), 0.0027721 secs]
447142.589: [GC (Allocation Failure)  105676K->29630K(257024K), 0.0029402 secs]
447260.964: [GC (Allocation Failure)  106430K->29737K(257024K), 0.0030962 secs]
447379.475: [GC (Allocation Failure)  106537K->30029K(257536K), 0.0088959 secs]
447505.244: [GC (Allocation Failure)  107853K->30345K(257536K), 0.0031405 secs]
447629.515: [GC (Allocation Failure)  108169K->29769K(257536K), 0.0029544 secs]
447749.522: [GC (Allocation Failure)  107593K->30390K(257536K), 0.0033768 secs]
447872.236: [GC (Allocation Failure)  108214K->30005K(257536K), 0.0029475 secs]
447989.561: [GC (Allocation Failure)  107829K->30363K(257536K), 0.0030255 secs]
448114.991: [GC (Allocation Failure)  108187K->30395K(256512K), 0.0029514 secs]
448239.591: [GC (Allocation Failure)  107195K->29973K(257024K), 0.0028520 secs]
448355.706: [GC (Allocation Failure)  106773K->30326K(257536K), 0.0071674 secs]
448482.318: [GC (Allocation Failure)  108150K->29929K(257536K), 0.0028915 secs]
448602.030: [GC (Allocation Failure)  107753K->30383K(257536K), 0.0033423 secs]
448722.845: [GC (Allocation Failure)  108207K->30342K(257536K), 0.0030996 secs]
448849.656: [GC (Allocation Failure)  108166K->30351K(257536K), 0.0035223 secs]
448965.771: [GC (Allocation Failure)  108175K->30713K(257536K), 0.0033016 secs]
449094.912: [GC (Allocation Failure)  108537K->30081K(257536K), 0.0029330 secs]
449213.485: [GC (Allocation Failure)  107905K->30668K(257536K), 0.0032113 secs]
449335.107: [GC (Allocation Failure)  108492K->30360K(257536K), 0.0032136 secs]
449461.311: [GC (Allocation Failure)  108184K->30544K(257536K), 0.0028136 secs]
449578.976: [GC (Allocation Failure)  108368K->30976K(257536K), 0.0035162 secs]
449705.844: [GC (Allocation Failure)  108800K->30455K(257536K), 0.0030907 secs]
449825.856: [GC (Allocation Failure)  108279K->30936K(257536K), 0.0029109 secs]
449947.582: [GC (Allocation Failure)  108760K->30435K(257536K), 0.0028357 secs]
450072.544: [GC (Allocation Failure)  108259K->30776K(257536K), 0.0030462 secs]
450185.893: [GC (Allocation Failure)  108600K->31329K(257536K), 0.0064542 secs]
450252.748: [GC (System.gc())  74279K->30858K(257536K), 0.0030867 secs]
450252.751: [Full GC (System.gc())  30858K->26478K(257536K), 0.0283741 secs]
450380.584: [GC (Allocation Failure)  104302K->28334K(257536K), 0.0025493 secs]
450499.855: [GC (Allocation Failure)  106158K->29312K(257536K), 0.0115048 secs]
450622.294: [GC (Allocation Failure)  107136K->29203K(257536K), 0.0028855 secs]
450748.434: [GC (Allocation Failure)  107027K->29508K(257536K), 0.0059592 secs]
450865.966: [GC (Allocation Failure)  107332K->29853K(257536K), 0.0029457 secs]
450989.924: [GC (Allocation Failure)  107677K->29981K(257536K), 0.0028416 secs]
451111.431: [GC (Allocation Failure)  107805K->30182K(257536K), 0.0060721 secs]
451231.835: [GC (Allocation Failure)  108006K->30013K(257536K), 0.0034144 secs]
451356.022: [GC (Allocation Failure)  107837K->30194K(257536K), 0.0029400 secs]
451476.032: [GC (Allocation Failure)  108018K->30008K(257536K), 0.0031251 secs]
451602.405: [GC (Allocation Failure)  107832K->30246K(257536K), 0.0030756 secs]
451722.726: [GC (Allocation Failure)  108070K->30121K(257536K), 0.0028430 secs]
451842.892: [GC (Allocation Failure)  107945K->30186K(257536K), 0.0029272 secs]
451966.086: [GC (Allocation Failure)  108010K->30296K(257536K), 0.0028722 secs]
452088.567: [GC (Allocation Failure)  108120K->30013K(257536K), 0.0029624 secs]
452212.796: [GC (Allocation Failure)  107837K->30455K(257536K), 0.0029080 secs]
452335.097: [GC (Allocation Failure)  108279K->30081K(257536K), 0.0031500 secs]
452454.635: [GC (Allocation Failure)  107905K->30494K(257536K), 0.0028775 secs]
452579.366: [GC (Allocation Failure)  108318K->30570K(257536K), 0.0030826 secs]
452703.725: [GC (Allocation Failure)  108394K->29848K(257536K), 0.0105233 secs]
452826.173: [GC (Allocation Failure)  107672K->30584K(257536K), 0.0033738 secs]
452947.045: [GC (Allocation Failure)  108408K->30223K(257536K), 0.0028823 secs]
453066.203: [GC (Allocation Failure)  108047K->30651K(257536K), 0.0029164 secs]
453190.781: [GC (Allocation Failure)  108475K->30841K(257536K), 0.0027988 secs]
453317.112: [GC (Allocation Failure)  108665K->30422K(257536K), 0.0029157 secs]
453438.106: [GC (Allocation Failure)  108246K->30901K(257536K), 0.0028511 secs]
453560.714: [GC (Allocation Failure)  108725K->30438K(257536K), 0.0042842 secs]
453680.890: [GC (Allocation Failure)  108262K->30721K(257536K), 0.0031387 secs]
453802.700: [GC (Allocation Failure)  108545K->31071K(257536K), 0.0030088 secs]
453852.781: [GC (System.gc())  62981K->30361K(257536K), 0.0025045 secs]
453852.784: [Full GC (System.gc())  30361K->26356K(257536K), 0.0280353 secs]
453973.005: [GC (Allocation Failure)  104180K->28743K(257536K), 0.0035311 secs]
454100.292: [GC (Allocation Failure)  106567K->29260K(257536K), 0.0026361 secs]
454222.193: [GC (Allocation Failure)  107084K->29100K(257536K), 0.0027825 secs]
454340.320: [GC (Allocation Failure)  106924K->30032K(257536K), 0.0032375 secs]
454460.336: [GC (Allocation Failure)  107856K->30021K(257536K), 0.0031424 secs]
454584.920: [GC (Allocation Failure)  107845K->30322K(257536K), 0.0032454 secs]
454706.374: [GC (Allocation Failure)  108146K->30501K(257536K), 0.0030674 secs]
454826.392: [GC (Allocation Failure)  108325K->29976K(257536K), 0.0034998 secs]
454946.405: [GC (Allocation Failure)  107800K->30597K(257536K), 0.0036434 secs]
455068.813: [GC (Allocation Failure)  108421K->30071K(256512K), 0.0031605 secs]
455192.542: [GC (Allocation Failure)  106871K->30372K(257024K), 0.0028770 secs]
455312.324: [GC (Allocation Failure)  107172K->30591K(257024K), 0.0029825 secs]
455436.474: [GC (Allocation Failure)  107391K->30142K(257024K), 0.0033704 secs]
455552.357: [GC (Allocation Failure)  106942K->30712K(257024K), 0.0029039 secs]
455672.103: [GC (Allocation Failure)  107512K->30206K(257024K), 0.0030841 secs]
455795.597: [GC (Allocation Failure)  107006K->30474K(257024K), 0.0028481 secs]
455915.063: [GC (Allocation Failure)  107274K->30734K(257024K), 0.0031520 secs]
456040.553: [GC (Allocation Failure)  107534K->30392K(257024K), 0.0031946 secs]
456156.556: [GC (Allocation Failure)  107192K->30603K(257024K), 0.0094862 secs]
456275.027: [GC (Allocation Failure)  107403K->30455K(257024K), 0.0029542 secs]
456400.574: [GC (Allocation Failure)  107255K->30772K(257024K), 0.0028535 secs]
456518.541: [GC (Allocation Failure)  107572K->30857K(257536K), 0.0029869 secs]
456645.128: [GC (Allocation Failure)  108681K->30690K(257536K), 0.0028483 secs]
456762.539: [GC (Allocation Failure)  108514K->30972K(257536K), 0.0030444 secs]
456883.364: [GC (Allocation Failure)  108796K->30665K(257536K), 0.0029234 secs]
457010.646: [GC (Allocation Failure)  108489K->30849K(257536K), 0.0027357 secs]
457130.665: [GC (Allocation Failure)  108673K->30741K(257536K), 0.0029066 secs]
457256.555: [GC (Allocation Failure)  108565K->30946K(257536K), 0.0028668 secs]
457373.437: [GC (Allocation Failure)  108770K->31218K(257536K), 0.0036335 secs]
457452.814: [GC (System.gc())  81182K->30700K(257536K), 0.0026951 secs]
457452.817: [Full GC (System.gc())  30700K->26577K(257536K), 0.0270013 secs]
457576.683: [GC (Allocation Failure)  104401K->28625K(257536K), 0.0027500 secs]
457703.177: [GC (Allocation Failure)  106449K->29201K(257536K), 0.0027183 secs]
457825.000: [GC (Allocation Failure)  107025K->29155K(257536K), 0.0027024 secs]
457948.873: [GC (Allocation Failure)  106979K->29365K(257536K), 0.0027597 secs]
458065.334: [GC (Allocation Failure)  107189K->29938K(257536K), 0.0038513 secs]
458188.606: [GC (Allocation Failure)  107762K->30162K(257536K), 0.0029108 secs]
458313.257: [GC (Allocation Failure)  107986K->30194K(257536K), 0.0029578 secs]
458433.581: [GC (Allocation Failure)  108018K->29934K(257536K), 0.0029140 secs]
458553.588: [GC (Allocation Failure)  107758K->30690K(257536K), 0.0032715 secs]
458672.764: [GC (Allocation Failure)  108514K->30279K(257536K), 0.0030766 secs]
458792.292: [GC (Allocation Failure)  108103K->30688K(257536K), 0.0029859 secs]
458920.869: [GC (Allocation Failure)  108512K->30587K(256512K), 0.0030313 secs]
459038.875: [GC (Allocation Failure)  107387K->30433K(257024K), 0.0029760 secs]
459161.172: [GC (Allocation Failure)  107233K->30767K(257024K), 0.0028725 secs]
459280.916: [GC (Allocation Failure)  107567K->30419K(257024K), 0.0031065 secs]
459396.873: [GC (Allocation Failure)  107219K->30906K(257024K), 0.0029227 secs]
459523.406: [GC (Allocation Failure)  107706K->30569K(257024K), 0.0034674 secs]
459642.451: [GC (Allocation Failure)  107369K->30621K(257024K), 0.0055002 secs]
459763.458: [GC (Allocation Failure)  107421K->30997K(257024K), 0.0093903 secs]
459882.912: [GC (Allocation Failure)  107797K->30720K(257024K), 0.0030310 secs]
460001.003: [GC (Allocation Failure)  107520K->31018K(257024K), 0.0032102 secs]
460125.530: [GC (Allocation Failure)  107818K->30769K(257024K), 0.0027923 secs]
460250.706: [GC (Allocation Failure)  107569K->30980K(257024K), 0.0029578 secs]
460365.651: [GC (Allocation Failure)  107780K->31335K(257536K), 0.0029917 secs]
460489.067: [GC (Allocation Failure)  109159K->30671K(257536K), 0.0029264 secs]
460608.806: [GC (Allocation Failure)  108495K->31211K(257536K), 0.0028349 secs]
460733.585: [GC (Allocation Failure)  109035K->30968K(257536K), 0.0029389 secs]
460861.099: [GC (Allocation Failure)  108792K->31214K(257536K), 0.0028722 secs]
460977.031: [GC (Allocation Failure)  109038K->31606K(257536K), 0.0029380 secs]
461052.845: [GC (System.gc())  77854K->31031K(257536K), 0.0026088 secs]
461052.848: [Full GC (System.gc())  31031K->26509K(257536K), 0.0277945 secs]
461173.067: [GC (Allocation Failure)  104333K->28877K(257536K), 0.0027187 secs]
461293.085: [GC (Allocation Failure)  106701K->29713K(257536K), 0.0027280 secs]
461421.169: [GC (Allocation Failure)  107537K->29183K(257536K), 0.0029998 secs]
461541.184: [GC (Allocation Failure)  107007K->30111K(257536K), 0.0029594 secs]
461665.052: [GC (Allocation Failure)  107935K->29814K(257536K), 0.0029174 secs]
461783.981: [GC (Allocation Failure)  107638K->30094K(257536K), 0.0028950 secs]
461905.098: [GC (Allocation Failure)  107918K->30245K(257536K), 0.0028752 secs]
462031.248: [GC (Allocation Failure)  108069K->29623K(257536K), 0.0028082 secs]
462153.759: [GC (Allocation Failure)  107447K->29984K(257536K), 0.0110411 secs]
462274.041: [GC (Allocation Failure)  107808K->29884K(257536K), 0.0031402 secs]
462394.059: [GC (Allocation Failure)  107708K->30134K(257536K), 0.0029762 secs]
462514.079: [GC (Allocation Failure)  107958K->30377K(257536K), 0.0028858 secs]
462641.507: [GC (Allocation Failure)  108201K->29893K(257536K), 0.0028568 secs]
462761.109: [GC (Allocation Failure)  107717K->30539K(257536K), 0.0029166 secs]
462881.281: [GC (Allocation Failure)  108363K->30335K(257536K), 0.0031348 secs]
463004.145: [GC (Allocation Failure)  108159K->30198K(257536K), 0.0031530 secs]
463124.150: [GC (Allocation Failure)  108022K->30523K(257536K), 0.0030369 secs]
463247.266: [GC (Allocation Failure)  108347K->30684K(257536K), 0.0029154 secs]
463371.405: [GC (Allocation Failure)  108508K->30862K(257536K), 0.0034446 secs]
463491.585: [GC (Allocation Failure)  108686K->30520K(257536K), 0.0033020 secs]
463617.307: [GC (Allocation Failure)  108344K->30851K(257536K), 0.0028782 secs]
463735.281: [GC (Allocation Failure)  108675K->30727K(257536K), 0.0029815 secs]
463858.525: [GC (Allocation Failure)  108551K->31005K(257536K), 0.0030730 secs]
463983.406: [GC (Allocation Failure)  108829K->31207K(257536K), 0.0029712 secs]
464104.280: [GC (Allocation Failure)  109031K->30945K(257536K), 0.0029702 secs]
464231.519: [GC (Allocation Failure)  108769K->31185K(257536K), 0.0030970 secs]
464351.541: [GC (Allocation Failure)  109009K->30967K(257536K), 0.0031253 secs]
464471.553: [GC (Allocation Failure)  108791K->31291K(257536K), 0.0029329 secs]
464594.349: [GC (Allocation Failure)  109115K->31356K(257536K), 0.0029495 secs]
464652.878: [GC (System.gc())  67176K->30843K(257536K), 0.0024575 secs]
464652.880: [Full GC (System.gc())  30843K->26427K(257536K), 0.0282293 secs]
464773.257: [GC (Allocation Failure)  104251K->28750K(255488K), 0.0026938 secs]
464897.362: [GC (Allocation Failure)  106574K->29294K(257024K), 0.0040636 secs]
465015.307: [GC (Allocation Failure)  106094K->29408K(257024K), 0.0028682 secs]
465136.082: [GC (Allocation Failure)  106208K->29925K(257536K), 0.0032379 secs]
465261.387: [GC (Allocation Failure)  107237K->29655K(257024K), 0.0028952 secs]
465377.504: [GC (Allocation Failure)  106967K->30034K(257536K), 0.0028256 secs]
465505.502: [GC (Allocation Failure)  107858K->30109K(257536K), 0.0028110 secs]
465625.116: [GC (Allocation Failure)  107933K->29651K(257536K), 0.0036973 secs]
465747.122: [GC (Allocation Failure)  107475K->30177K(257536K), 0.0031134 secs]
465869.041: [GC (Allocation Failure)  108001K->29638K(257536K), 0.0034362 secs]
465989.044: [GC (Allocation Failure)  107462K->29984K(257536K), 0.0031144 secs]
466115.360: [GC (Allocation Failure)  107808K->30131K(257536K), 0.0030256 secs]
466236.432: [GC (Allocation Failure)  107955K->29701K(257536K), 0.0140638 secs]
466354.944: [GC (Allocation Failure)  107525K->30214K(257536K), 0.0035247 secs]
466481.780: [GC (Allocation Failure)  108038K->29917K(257536K), 0.0030320 secs]
466601.798: [GC (Allocation Failure)  107741K->30264K(257536K), 0.0031425 secs]
466727.636: [GC (Allocation Failure)  108088K->30077K(257536K), 0.0029314 secs]
466847.648: [GC (Allocation Failure)  107901K->30221K(257536K), 0.0031247 secs]
466961.163: [GC (Allocation Failure)  108045K->30950K(257536K), 0.0031336 secs]
467086.562: [GC (Allocation Failure)  108774K->30433K(257536K), 0.0034008 secs]
467205.823: [GC (Allocation Failure)  108257K->30941K(257536K), 0.0030816 secs]
467332.462: [GC (Allocation Failure)  108765K->30514K(257536K), 0.0049446 secs]
467452.496: [GC (Allocation Failure)  108338K->31001K(257536K), 0.0030994 secs]
467570.876: [GC (Allocation Failure)  108825K->31354K(257536K), 0.0030060 secs]
467697.734: [GC (Allocation Failure)  109178K->30713K(257536K), 0.0028930 secs]
467821.947: [GC (Allocation Failure)  108537K->30955K(257536K), 0.0038009 secs]
467945.061: [GC (Allocation Failure)  108779K->30781K(257536K), 0.0030859 secs]
468064.782: [GC (Allocation Failure)  108605K->31054K(257536K), 0.0030986 secs]
468182.617: [GC (Allocation Failure)  108878K->31501K(257536K), 0.0033924 secs]
468252.911: [GC (System.gc())  74728K->30778K(257536K), 0.0032523 secs]
468252.914: [Full GC (System.gc())  30778K->26446K(257536K), 0.0277786 secs]
468380.150: [GC (Allocation Failure)  104270K->28366K(254976K), 0.0025037 secs]
468500.168: [GC (Allocation Failure)  106190K->29249K(257024K), 0.0027436 secs]
468624.846: [GC (Allocation Failure)  106049K->28773K(257024K), 0.0026642 secs]
468743.981: [GC (Allocation Failure)  105573K->29606K(257024K), 0.0027256 secs]
468861.444: [GC (Allocation Failure)  106406K->29801K(257024K), 0.0036947 secs]
468984.853: [GC (Allocation Failure)  106601K->29986K(257024K), 0.0029895 secs]
469104.908: [GC (Allocation Failure)  106786K->30255K(257024K), 0.0028146 secs]
469229.116: [GC (Allocation Failure)  107055K->29610K(257536K), 0.0028225 secs]
469349.102: [GC (Allocation Failure)  106922K->30118K(257024K), 0.0029249 secs]
469467.917: [GC (Allocation Failure)  107430K->29895K(257536K), 0.0034958 secs]
469594.088: [GC (Allocation Failure)  107719K->29977K(257536K), 0.0029767 secs]
469716.236: [GC (Allocation Failure)  107801K->30105K(257536K), 0.0033398 secs]
469842.779: [GC (Allocation Failure)  107929K->29853K(257536K), 0.0028805 secs]
469961.273: [GC (Allocation Failure)  107677K->30194K(257536K), 0.0027891 secs]
470082.206: [GC (Allocation Failure)  108018K->29962K(257536K), 0.0028493 secs]
470208.680: [GC (Allocation Failure)  107786K->30084K(257536K), 0.0029292 secs]
470335.187: [GC (Allocation Failure)  107908K->29921K(257536K), 0.0034580 secs]
470455.213: [GC (Allocation Failure)  107745K->30296K(257536K), 0.0029013 secs]
470574.824: [GC (Allocation Failure)  108120K->30625K(257536K), 0.0029104 secs]
470695.322: [GC (Allocation Failure)  108449K->30123K(257536K), 0.0030599 secs]
470824.031: [GC (Allocation Failure)  107947K->30570K(257536K), 0.0031232 secs]
470951.727: [GC (Allocation Failure)  108394K->30261K(257536K), 0.0032463 secs]
471072.319: [GC (Allocation Failure)  108085K->30610K(257536K), 0.0029402 secs]
471190.545: [GC (Allocation Failure)  108434K->31088K(257536K), 0.0038079 secs]
471308.115: [GC (Allocation Failure)  108912K->30694K(257536K), 0.0035976 secs]
471432.364: [GC (Allocation Failure)  108518K->31224K(257536K), 0.0029246 secs]
471560.896: [GC (Allocation Failure)  109048K->30824K(257536K), 0.0032086 secs]
471682.327: [GC (Allocation Failure)  108648K->31101K(257536K), 0.0029839 secs]
471805.066: [GC (Allocation Failure)  108925K->31241K(257536K), 0.0029149 secs]
471852.944: [GC (System.gc())  64979K->30714K(257536K), 0.0034637 secs]
471852.947: [Full GC (System.gc())  30714K->26157K(257536K), 0.0278104 secs]
471974.377: [GC (Allocation Failure)  103981K->28369K(257536K), 0.0027866 secs]
472102.404: [GC (Allocation Failure)  106193K->28895K(257536K), 0.0028846 secs]
472228.214: [GC (Allocation Failure)  106718K->28447K(255488K), 0.0028249 secs]
472348.224: [GC (Allocation Failure)  106271K->29315K(257536K), 0.0028235 secs]
472466.900: [GC (Allocation Failure)  106627K->29354K(257024K), 0.0028414 secs]
472585.384: [GC (Allocation Failure)  106666K->29802K(257536K), 0.0028996 secs]
472712.525: [GC (Allocation Failure)  107626K->29911K(257536K), 0.0028269 secs]
472838.865: [GC (Allocation Failure)  107735K->29487K(257536K), 0.0031038 secs]
472958.287: [GC (Allocation Failure)  107311K->29878K(257536K), 0.0046771 secs]
473084.524: [GC (Allocation Failure)  107702K->29349K(257536K), 0.0031245 secs]
473202.590: [GC (Allocation Failure)  107173K->29994K(257536K), 0.0029653 secs]
473327.386: [GC (Allocation Failure)  107818K->29770K(257536K), 0.0029559 secs]
473454.575: [GC (Allocation Failure)  107594K->29787K(257536K), 0.0029147 secs]
473572.625: [GC (Allocation Failure)  107611K->30203K(257536K), 0.0028881 secs]
473702.075: [GC (Allocation Failure)  108027K->29674K(257536K), 0.0030744 secs]
473817.301: [GC (Allocation Failure)  107498K->30260K(257536K), 0.0029220 secs]
473942.672: [GC (Allocation Failure)  108084K->29917K(257536K), 0.0029638 secs]
474068.398: [GC (Allocation Failure)  107741K->29932K(257536K), 0.0028395 secs]
474187.370: [GC (Allocation Failure)  107756K->30490K(257536K), 0.0032019 secs]
474315.541: [GC (Allocation Failure)  108314K->29835K(257536K), 0.0027807 secs]
474435.561: [GC (Allocation Failure)  107659K->30413K(257536K), 0.0029168 secs]
474558.448: [GC (Allocation Failure)  108237K->30038K(257536K), 0.0043803 secs]
474684.890: [GC (Allocation Failure)  107862K->30307K(257536K), 0.0028834 secs]
474804.531: [GC (Allocation Failure)  108131K->30637K(257536K), 0.0032408 secs]
474929.245: [GC (Allocation Failure)  108461K->29988K(257536K), 0.0027963 secs]
475050.787: [GC (Allocation Failure)  107812K->30680K(257536K), 0.0029267 secs]
475172.805: [GC (Allocation Failure)  108504K->30449K(257536K), 0.0028382 secs]
475298.538: [GC (Allocation Failure)  108273K->30560K(257536K), 0.0027360 secs]
475410.857: [GC (Allocation Failure)  108384K->31218K(257536K), 0.0030583 secs]
475452.977: [GC (System.gc())  57785K->30564K(257536K), 0.0023909 secs]
475452.979: [Full GC (System.gc())  30564K->26124K(257536K), 0.0339689 secs]
475581.158: [GC (Allocation Failure)  103948K->27980K(257536K), 0.0026249 secs]
475701.178: [GC (Allocation Failure)  105804K->28940K(257536K), 0.0043589 secs]
475824.860: [GC (Allocation Failure)  106764K->28862K(257536K), 0.0030806 secs]
475949.018: [GC (Allocation Failure)  106686K->29100K(257536K), 0.0028798 secs]
476068.615: [GC (Allocation Failure)  106924K->29367K(257536K), 0.0033175 secs]
476194.911: [GC (Allocation Failure)  107191K->29559K(257536K), 0.0028438 secs]
476315.537: [GC (Allocation Failure)  107383K->29815K(257536K), 0.0028677 secs]
476435.808: [GC (Allocation Failure)  107639K->29445K(257536K), 0.0027945 secs]
476561.205: [GC (Allocation Failure)  107269K->29893K(257536K), 0.0029109 secs]
476682.986: [GC (Allocation Failure)  107717K->29609K(257536K), 0.0034633 secs]
476808.697: [GC (Allocation Failure)  107433K->29809K(257536K), 0.0028096 secs]
476930.255: [GC (Allocation Failure)  107633K->29490K(257536K), 0.0029305 secs]
477050.818: [GC (Allocation Failure)  107314K->29910K(257536K), 0.0029212 secs]
477175.034: [GC (Allocation Failure)  107734K->30051K(257536K), 0.0029133 secs]
477295.908: [GC (Allocation Failure)  107875K->29532K(257536K), 0.0028979 secs]
477424.827: [GC (Allocation Failure)  107356K->29975K(257536K), 0.0028747 secs]
477545.861: [GC (Allocation Failure)  107799K->29662K(257536K), 0.0029301 secs]
477665.885: [GC (Allocation Failure)  107486K->30053K(257536K), 0.0034371 secs]
477792.611: [GC (Allocation Failure)  107877K->30232K(257536K), 0.0029979 secs]
477913.130: [GC (Allocation Failure)  108056K->29924K(257536K), 0.0028334 secs]
478038.825: [GC (Allocation Failure)  107748K->30247K(257536K), 0.0027303 secs]
478163.157: [GC (Allocation Failure)  108071K->29996K(257536K), 0.0029010 secs]
478283.008: [GC (Allocation Failure)  107820K->30391K(257536K), 0.0028040 secs]
478406.044: [GC (Allocation Failure)  108215K->30440K(257536K), 0.0029542 secs]
478530.805: [GC (Allocation Failure)  108264K->29717K(257536K), 0.0032258 secs]
478653.220: [GC (Allocation Failure)  107541K->30539K(257536K), 0.0029720 secs]
478775.303: [GC (Allocation Failure)  108363K->30171K(257536K), 0.0030335 secs]
478895.879: [GC (Allocation Failure)  107995K->30492K(257536K), 0.0029417 secs]
479020.903: [GC (Allocation Failure)  108316K->30406K(257536K), 0.0028895 secs]
479053.015: [GC (System.gc())  50001K->29994K(258048K), 0.0022786 secs]
479053.018: [Full GC (System.gc())  29994K->26029K(258048K), 0.0374967 secs]
479174.893: [GC (Allocation Failure)  104877K->28333K(256512K), 0.0029182 secs]
479303.292: [GC (Allocation Failure)  107181K->28818K(257536K), 0.0026896 secs]
479425.944: [GC (Allocation Failure)  106642K->28658K(257536K), 0.0026503 secs]
479545.176: [GC (Allocation Failure)  106482K->29499K(257536K), 0.0028495 secs]
479665.333: [GC (Allocation Failure)  107323K->29616K(257536K), 0.0031268 secs]
479788.465: [GC (Allocation Failure)  107440K->29650K(257536K), 0.0051099 secs]
479909.365: [GC (Allocation Failure)  107474K->30000K(257536K), 0.0030334 secs]
480033.374: [GC (Allocation Failure)  107824K->29590K(257536K), 0.0031307 secs]
480153.389: [GC (Allocation Failure)  107414K->30187K(257536K), 0.0029323 secs]
480276.275: [GC (Allocation Failure)  108011K->29764K(257536K), 0.0031463 secs]
480405.073: [GC (Allocation Failure)  107588K->29936K(257024K), 0.0028696 secs]
480525.498: [GC (Allocation Failure)  107760K->29808K(257536K), 0.0032785 secs]
480648.381: [GC (Allocation Failure)  107120K->29611K(257024K), 0.0035330 secs]
480766.110: [GC (Allocation Failure)  106923K->30186K(256512K), 0.0035064 secs]
480889.120: [GC (Allocation Failure)  106986K->29674K(257024K), 0.0029167 secs]
481013.513: [GC (Allocation Failure)  106474K->30042K(257536K), 0.0028405 secs]
481135.521: [GC (Allocation Failure)  107866K->29907K(257536K), 0.0029737 secs]
481263.036: [GC (Allocation Failure)  107731K->30053K(257536K), 0.0034377 secs]
481376.344: [GC (Allocation Failure)  107877K->30553K(257536K), 0.0031087 secs]
481503.565: [GC (Allocation Failure)  108377K->29923K(257536K), 0.0032390 secs]
481628.768: [GC (Allocation Failure)  107747K->30379K(257536K), 0.0028573 secs]
481750.741: [GC (Allocation Failure)  108203K->30112K(257536K), 0.0027812 secs]
481877.283: [GC (Allocation Failure)  107936K->30225K(257536K), 0.0028501 secs]
481995.631: [GC (Allocation Failure)  108049K->30511K(257536K), 0.0028733 secs]
482117.607: [GC (Allocation Failure)  108335K->30103K(257536K), 0.0028955 secs]
482245.223: [GC (Allocation Failure)  107927K->30585K(257536K), 0.0028921 secs]
482365.675: [GC (Allocation Failure)  108409K->30298K(257536K), 0.0028416 secs]
482492.885: [GC (Allocation Failure)  108122K->30568K(257536K), 0.0029464 secs]
482609.430: [GC (Allocation Failure)  108392K->30635K(257536K), 0.0037443 secs]
482653.057: [GC (System.gc())  58232K->30197K(257536K), 0.0023921 secs]
482653.059: [Full GC (System.gc())  30197K->26151K(257536K), 0.0276301 secs]
482775.831: [GC (Allocation Failure)  103975K->28103K(257536K), 0.0025878 secs]
482903.731: [GC (Allocation Failure)  105927K->28679K(257536K), 0.0026306 secs]
483025.757: [GC (Allocation Failure)  106503K->28652K(257536K), 0.0027927 secs]
483149.455: [GC (Allocation Failure)  106476K->28858K(257536K), 0.0033671 secs]
483266.653: [GC (Allocation Failure)  106682K->29430K(257536K), 0.0029257 secs]
483389.391: [GC (Allocation Failure)  107254K->29654K(257536K), 0.0028690 secs]
483516.479: [GC (Allocation Failure)  107478K->29756K(257536K), 0.0031328 secs]
483638.769: [GC (Allocation Failure)  107580K->29485K(257536K), 0.0029852 secs]
483757.588: [GC (Allocation Failure)  107309K->29984K(257536K), 0.0044360 secs]
483876.733: [GC (Allocation Failure)  107808K->29840K(257536K), 0.0029211 secs]
483998.235: [GC (Allocation Failure)  107664K->30134K(257536K), 0.0029801 secs]
484125.891: [GC (Allocation Failure)  107958K->29862K(257536K), 0.0031132 secs]
484246.580: [GC (Allocation Failure)  107686K->30186K(257024K), 0.0028089 secs]
484371.687: [GC (Allocation Failure)  108010K->30217K(257024K), 0.0028145 secs]
484491.715: [GC (Allocation Failure)  107017K->29747K(257024K), 0.0029190 secs]
484609.516: [GC (Allocation Failure)  106547K->30303K(257024K), 0.0035393 secs]
484735.810: [GC (Allocation Failure)  107103K->29970K(257024K), 0.0029789 secs]
484853.959: [GC (Allocation Failure)  106770K->30489K(257024K), 0.0030713 secs]
484976.671: [GC (Allocation Failure)  107289K->30693K(257024K), 0.0027869 secs]
485096.692: [GC (Allocation Failure)  107493K->30295K(257024K), 0.0030613 secs]
485215.820: [GC (Allocation Failure)  107095K->30795K(257024K), 0.0028405 secs]
485342.452: [GC (Allocation Failure)  107595K->30315K(257024K), 0.0030906 secs]
485464.909: [GC (Allocation Failure)  107115K->30311K(257024K), 0.0032137 secs]
485584.043: [GC (Allocation Failure)  107111K->31082K(257024K), 0.0030587 secs]
485704.061: [GC (Allocation Failure)  107882K->30702K(257024K), 0.0029022 secs]
485822.683: [GC (Allocation Failure)  107502K->31086K(257536K), 0.0030287 secs]
485949.652: [GC (Allocation Failure)  108910K->30639K(257536K), 0.0028360 secs]
486076.134: [GC (Allocation Failure)  108463K->31019K(257536K), 0.0028928 secs]
486195.322: [GC (Allocation Failure)  108843K->31168K(257536K), 0.0031047 secs]
486253.089: [GC (System.gc())  66665K->30604K(257536K), 0.0027227 secs]
486253.092: [Full GC (System.gc())  30604K->26121K(257536K), 0.0275162 secs]
486374.140: [GC (Allocation Failure)  103945K->28462K(257536K), 0.0027061 secs]
486494.160: [GC (Allocation Failure)  106286K->29230K(257536K), 0.0027424 secs]
486623.699: [GC (Allocation Failure)  107054K->28718K(257536K), 0.0026713 secs]
486742.833: [GC (Allocation Failure)  106542K->29601K(257536K), 0.0028240 secs]
486867.097: [GC (Allocation Failure)  107425K->29332K(257536K), 0.0029493 secs]
486987.118: [GC (Allocation Failure)  107156K->29664K(257536K), 0.0028996 secs]
487108.555: [GC (Allocation Failure)  107488K->29908K(257536K), 0.0028506 secs]
487235.350: [GC (Allocation Failure)  107732K->29262K(257536K), 0.0029993 secs]
487356.290: [GC (Allocation Failure)  107086K->29550K(257536K), 0.0064398 secs]
487479.807: [GC (Allocation Failure)  107374K->29410K(257536K), 0.0028156 secs]
487600.855: [GC (Allocation Failure)  107234K->29684K(257536K), 0.0028897 secs]
487722.774: [GC (Allocation Failure)  107508K->29728K(257536K), 0.0029043 secs]
487848.687: [GC (Allocation Failure)  107552K->29605K(257536K), 0.0028709 secs]
487967.044: [GC (Allocation Failure)  107429K->30178K(257536K), 0.0031637 secs]
488089.361: [GC (Allocation Failure)  108002K->29812K(257536K), 0.0028873 secs]
488210.860: [GC (Allocation Failure)  107636K->30116K(257536K), 0.0029046 secs]
488333.900: [GC (Allocation Failure)  107940K->29846K(257536K), 0.0028718 secs]
488457.105: [GC (Allocation Failure)  107670K->30277K(257536K), 0.0029106 secs]
488581.247: [GC (Allocation Failure)  108101K->30538K(257536K), 0.0030091 secs]
488704.416: [GC (Allocation Failure)  108362K->30190K(257536K), 0.0036188 secs]
488829.944: [GC (Allocation Failure)  108014K->30488K(257536K), 0.0027929 secs]
488949.476: [GC (Allocation Failure)  108312K->30149K(257536K), 0.0038628 secs]
489074.478: [GC (Allocation Failure)  107973K->30451K(257536K), 0.0029470 secs]
489197.243: [GC (Allocation Failure)  108275K->30566K(257536K), 0.0029770 secs]
489319.992: [GC (Allocation Failure)  108390K->30302K(257536K), 0.0029930 secs]
489446.568: [GC (Allocation Failure)  108126K->30705K(257536K), 0.0029197 secs]
489565.222: [GC (Allocation Failure)  108529K->30397K(257536K), 0.0028785 secs]
489688.514: [GC (Allocation Failure)  108221K->30697K(257536K), 0.0027433 secs]
489810.048: [GC (Allocation Failure)  108521K->30882K(257536K), 0.0028650 secs]
489853.121: [GC (System.gc())  56423K->30292K(257536K), 0.0024606 secs]
489853.124: [Full GC (System.gc())  30292K->26077K(257536K), 0.0268679 secs]
489974.589: [GC (Allocation Failure)  103901K->28354K(257536K), 0.0027201 secs]
490097.305: [GC (Allocation Failure)  106178K->28975K(257536K), 0.0028280 secs]
490218.929: [GC (Allocation Failure)  106799K->28961K(257536K), 0.0028366 secs]
490344.634: [GC (Allocation Failure)  106785K->29510K(257536K), 0.0030050 secs]
490467.562: [GC (Allocation Failure)  107334K->29301K(257536K), 0.0028580 secs]
490587.581: [GC (Allocation Failure)  107125K->29671K(257536K), 0.0028739 secs]
490714.683: [GC (Allocation Failure)  107495K->29877K(257536K), 0.0029012 secs]
490834.694: [GC (Allocation Failure)  107701K->29365K(257536K), 0.0030195 secs]
490955.518: [GC (Allocation Failure)  107189K->29721K(257536K), 0.0034222 secs]
491082.936: [GC (Allocation Failure)  107545K->29378K(257536K), 0.0031063 secs]
491204.254: [GC (Allocation Failure)  107202K->29780K(257536K), 0.0042092 secs]
491330.202: [GC (Allocation Failure)  107604K->29315K(257536K), 0.0030610 secs]
491450.213: [GC (Allocation Failure)  107139K->29666K(257536K), 0.0030794 secs]
491569.764: [GC (Allocation Failure)  107490K->29900K(257536K), 0.0033762 secs]
491697.482: [GC (Allocation Failure)  107724K->29305K(257536K), 0.0029956 secs]
491817.507: [GC (Allocation Failure)  107129K->29908K(257536K), 0.0028148 secs]
491946.130: [GC (Allocation Failure)  107732K->29438K(257536K), 0.0028621 secs]
492066.692: [GC (Allocation Failure)  107262K->29810K(257536K), 0.0028906 secs]
492177.567: [GC (Allocation Failure)  107634K->30572K(257536K), 0.0028418 secs]
492305.637: [GC (Allocation Failure)  108396K->30047K(257536K), 0.0029688 secs]
492426.925: [GC (Allocation Failure)  107871K->30525K(257536K), 0.0028500 secs]
492554.898: [GC (Allocation Failure)  108349K->30193K(257536K), 0.0029760 secs]
492674.917: [GC (Allocation Failure)  108017K->30549K(257536K), 0.0028045 secs]
492793.451: [GC (Allocation Failure)  108373K->30748K(257536K), 0.0040522 secs]
492920.371: [GC (Allocation Failure)  108572K->30217K(257536K), 0.0030768 secs]
493040.382: [GC (Allocation Failure)  108041K->30749K(257536K), 0.0029113 secs]
493167.916: [GC (Allocation Failure)  108573K->30279K(257536K), 0.0028891 secs]
493289.290: [GC (Allocation Failure)  108103K->30644K(257536K), 0.0030743 secs]
493407.042: [GC (Allocation Failure)  108468K->30941K(257536K), 0.0030278 secs]
493453.153: [GC (System.gc())  59590K->30221K(257536K), 0.0023482 secs]
493453.155: [Full GC (System.gc())  30221K->26087K(257536K), 0.0268559 secs]
493580.118: [GC (Allocation Failure)  103911K->27911K(254976K), 0.0029112 secs]
493700.459: [GC (Allocation Failure)  105735K->28826K(257024K), 0.0032279 secs]
493827.771: [GC (Allocation Failure)  105626K->28300K(257024K), 0.0027127 secs]
493945.405: [GC (Allocation Failure)  105100K->29228K(257024K), 0.0029966 secs]
494064.876: [GC (Allocation Failure)  106028K->29284K(257024K), 0.0028178 secs]
494187.383: [GC (Allocation Failure)  106084K->29503K(257536K), 0.0029859 secs]
494308.082: [GC (Allocation Failure)  107327K->29823K(257536K), 0.0027446 secs]
494435.117: [GC (Allocation Failure)  107647K->29316K(257536K), 0.0028396 secs]
494555.130: [GC (Allocation Failure)  107140K->29714K(257536K), 0.0035981 secs]
494675.143: [GC (Allocation Failure)  107538K->29476K(257536K), 0.0028676 secs]
494800.580: [GC (Allocation Failure)  107300K->29554K(257536K), 0.0028277 secs]
494922.069: [GC (Allocation Failure)  107378K->29653K(257536K), 0.0028221 secs]
495048.417: [GC (Allocation Failure)  107477K->29636K(257536K), 0.0031122 secs]
495167.259: [GC (Allocation Failure)  107460K->29823K(257536K), 0.0027518 secs]
495288.928: [GC (Allocation Failure)  107647K->29476K(257536K), 0.0029471 secs]
495415.234: [GC (Allocation Failure)  107300K->29758K(257536K), 0.0027453 secs]
495540.651: [GC (Allocation Failure)  107582K->29162K(257536K), 0.0030906 secs]
495665.166: [GC (Allocation Failure)  106986K->29844K(257536K), 0.0028811 secs]
495781.530: [GC (Allocation Failure)  107668K->30138K(257536K), 0.0029653 secs]
495905.290: [GC (Allocation Failure)  107962K->29817K(257536K), 0.0029277 secs]
496030.699: [GC (Allocation Failure)  107641K->30182K(257536K), 0.0029337 secs]
496158.054: [GC (Allocation Failure)  108006K->29866K(257536K), 0.0029613 secs]
496278.326: [GC (Allocation Failure)  107690K->30073K(257536K), 0.0028592 secs]
496395.354: [GC (Allocation Failure)  107897K->30399K(257024K), 0.0076279 secs]
496515.379: [GC (Allocation Failure)  108223K->30385K(257536K), 0.0028869 secs]
496638.376: [GC (Allocation Failure)  108209K->30825K(257536K), 0.0034102 secs]
496767.407: [GC (Allocation Failure)  108649K->30351K(257536K), 0.0031974 secs]
496887.472: [GC (Allocation Failure)  108175K->30749K(257536K), 0.0041748 secs]
497009.782: [GC (Allocation Failure)  108573K->30901K(257536K), 0.0040305 secs]
497053.184: [GC (System.gc())  60471K->30274K(257536K), 0.0025484 secs]
497053.186: [Full GC (System.gc())  30274K->26096K(257536K), 0.0292301 secs]
497175.028: [GC (Allocation Failure)  103920K->28386K(257536K), 0.0027359 secs]
497300.833: [GC (Allocation Failure)  106210K->28756K(257536K), 0.0088595 secs]
497428.458: [GC (Allocation Failure)  106580K->28340K(255488K), 0.0049393 secs]
497548.667: [GC (Allocation Failure)  106164K->29145K(257536K), 0.0028950 secs]
497667.567: [GC (Allocation Failure)  106457K->29266K(257024K), 0.0029075 secs]
497787.404: [GC (Allocation Failure)  106578K->29755K(257536K), 0.0037642 secs]
497914.161: [GC (Allocation Failure)  107579K->29776K(257536K), 0.0028368 secs]
498040.920: [GC (Allocation Failure)  107600K->29421K(257536K), 0.0060213 secs]
498159.835: [GC (Allocation Failure)  107245K->29699K(257536K), 0.0039566 secs]
498285.599: [GC (Allocation Failure)  107523K->29045K(257536K), 0.0034974 secs]
498405.272: [GC (Allocation Failure)  106869K->29786K(257536K), 0.0034697 secs]
498528.350: [GC (Allocation Failure)  107610K->29645K(257536K), 0.0031569 secs]
498655.647: [GC (Allocation Failure)  107469K->29654K(257536K), 0.0033328 secs]
498774.460: [GC (Allocation Failure)  107478K->29839K(257536K), 0.0056197 secs]
498901.011: [GC (Allocation Failure)  107663K->29403K(257536K), 0.0030073 secs]
499018.419: [GC (Allocation Failure)  107227K->30023K(257536K), 0.0030598 secs]
499145.271: [GC (Allocation Failure)  107847K->29591K(257536K), 0.0028930 secs]
499270.815: [GC (Allocation Failure)  107415K->29853K(257536K), 0.0028285 secs]
499388.485: [GC (Allocation Failure)  107677K->30210K(257536K), 0.0034909 secs]
499517.520: [GC (Allocation Failure)  108034K->29621K(257536K), 0.0028400 secs]
499636.168: [GC (Allocation Failure)  107445K->30301K(257536K), 0.0037248 secs]
499758.528: [GC (Allocation Failure)  108125K->29916K(257536K), 0.0027321 secs]
499885.794: [GC (Allocation Failure)  107740K->30245K(257536K), 0.0028423 secs]
500005.146: [GC (Allocation Failure)  108069K->30395K(257536K), 0.0029611 secs]
500129.864: [GC (Allocation Failure)  108219K->29837K(257536K), 0.0028163 secs]
500250.078: [GC (Allocation Failure)  107661K->30443K(257536K), 0.0036601 secs]
500371.158: [GC (Allocation Failure)  108267K->30081K(257536K), 0.0028617 secs]
500498.842: [GC (Allocation Failure)  107905K->30272K(257536K), 0.0028913 secs]
500610.955: [GC (Allocation Failure)  108096K->30983K(257536K), 0.0029527 secs]
500653.218: [GC (System.gc())  56996K->30263K(257536K), 0.0023518 secs]
500653.220: [Full GC (System.gc())  30263K->26123K(257536K), 0.0268675 secs]
500780.146: [GC (Allocation Failure)  103947K->27979K(257536K), 0.0030333 secs]
500899.953: [GC (Allocation Failure)  105803K->28894K(257536K), 0.0135271 secs]
501024.913: [GC (Allocation Failure)  106718K->28802K(257536K), 0.0027479 secs]
501148.932: [GC (Allocation Failure)  106626K->29182K(257536K), 0.0028561 secs]
501268.607: [GC (Allocation Failure)  107006K->29412K(257536K), 0.0028391 secs]
501394.651: [GC (Allocation Failure)  107236K->29571K(257536K), 0.0028248 secs]
501515.739: [GC (Allocation Failure)  107395K->29826K(257536K), 0.0032397 secs]
501636.001: [GC (Allocation Failure)  107650K->29448K(257536K), 0.0029654 secs]
501761.288: [GC (Allocation Failure)  107272K->29762K(257536K), 0.0031248 secs]
501881.315: [GC (Allocation Failure)  107586K->29607K(257536K), 0.0031537 secs]
502008.805: [GC (Allocation Failure)  107431K->29762K(257536K), 0.0029811 secs]
502130.753: [GC (Allocation Failure)  107586K->29462K(257536K), 0.0029480 secs]
502251.353: [GC (Allocation Failure)  107286K->29744K(257536K), 0.0030076 secs]
502375.686: [GC (Allocation Failure)  107568K->29954K(257536K), 0.0029170 secs]
502496.103: [GC (Allocation Failure)  107778K->29558K(257536K), 0.0029776 secs]
502625.113: [GC (Allocation Failure)  107382K->29918K(257536K), 0.0027860 secs]
502746.128: [GC (Allocation Failure)  107742K->29619K(257536K), 0.0028644 secs]
502866.147: [GC (Allocation Failure)  107443K->29993K(257536K), 0.0033286 secs]
502991.018: [GC (Allocation Failure)  107817K->30136K(257536K), 0.0028148 secs]
503111.466: [GC (Allocation Failure)  107960K->29745K(257536K), 0.0031400 secs]
503239.186: [GC (Allocation Failure)  107569K->30225K(257536K), 0.0030353 secs]
503361.481: [GC (Allocation Failure)  108049K->29867K(257536K), 0.0055726 secs]
503481.505: [GC (Allocation Failure)  107691K->30228K(257536K), 0.0031699 secs]
503606.238: [GC (Allocation Failure)  108052K->30354K(257024K), 0.0031318 secs]
503730.488: [GC (Allocation Failure)  108178K->29558K(257536K), 0.0050016 secs]
503854.955: [GC (Allocation Failure)  107382K->30427K(257536K), 0.0028002 secs]
503976.277: [GC (Allocation Failure)  108251K->30048K(257536K), 0.0028807 secs]
504096.295: [GC (Allocation Failure)  107872K->30440K(257536K), 0.0032682 secs]
504219.329: [GC (Allocation Failure)  108264K->30470K(257536K), 0.0028373 secs]
504253.249: [GC (System.gc())  51105K->29813K(257536K), 0.0022731 secs]
504253.251: [Full GC (System.gc())  29813K->26001K(257536K), 0.0272785 secs]
504375.545: [GC (Allocation Failure)  103825K->28310K(257536K), 0.0026863 secs]
504501.611: [GC (Allocation Failure)  106134K->28758K(257536K), 0.0028472 secs]
504625.976: [GC (Allocation Failure)  106582K->28566K(257536K), 0.0029591 secs]
504742.069: [GC (Allocation Failure)  106390K->29466K(257536K), 0.0029259 secs]
504865.107: [GC (Allocation Failure)  107290K->29538K(257536K), 0.0031262 secs]
504988.530: [GC (Allocation Failure)  107362K->29761K(257536K), 0.0032400 secs]
505109.983: [GC (Allocation Failure)  107585K->29940K(257536K), 0.0035268 secs]
505231.684: [GC (Allocation Failure)  107764K->29636K(257536K), 0.0029202 secs]
505351.697: [GC (Allocation Failure)  107460K->30210K(257536K), 0.0029712 secs]
505476.493: [GC (Allocation Failure)  108034K->29717K(256512K), 0.0029572 secs]
505601.727: [GC (Allocation Failure)  106517K->30012K(257024K), 0.0030997 secs]
505721.743: [GC (Allocation Failure)  106812K->29981K(257024K), 0.0027847 secs]
505846.131: [GC (Allocation Failure)  106781K->29518K(257024K), 0.0050251 secs]
505961.324: [GC (Allocation Failure)  106318K->30145K(257024K), 0.0030185 secs]
506085.154: [GC (Allocation Failure)  106945K->29826K(257024K), 0.0030389 secs]
506208.594: [GC (Allocation Failure)  106626K->30197K(257024K), 0.0042318 secs]
506328.613: [GC (Allocation Failure)  106997K->30016K(257024K), 0.0028580 secs]
506451.849: [GC (Allocation Failure)  106816K->30221K(257024K), 0.0041019 secs]
506569.368: [GC (Allocation Failure)  107021K->30377K(257024K), 0.0030130 secs]
506689.641: [GC (Allocation Failure)  107177K->30012K(257024K), 0.0031708 secs]
506816.011: [GC (Allocation Failure)  106812K->30236K(257024K), 0.0035858 secs]
506936.039: [GC (Allocation Failure)  107036K->29981K(257024K), 0.0028295 secs]
507059.437: [GC (Allocation Failure)  106781K->30317K(257024K), 0.0034631 secs]
507176.675: [GC (Allocation Failure)  107117K->30712K(257536K), 0.0036978 secs]
507298.731: [GC (Allocation Failure)  108536K->30207K(257536K), 0.0029515 secs]
507426.319: [GC (Allocation Failure)  108031K->30575K(257536K), 0.0029149 secs]
507546.725: [GC (Allocation Failure)  108399K->30343K(257536K), 0.0029199 secs]
507672.825: [GC (Allocation Failure)  108167K->30671K(257536K), 0.0032381 secs]
507791.957: [GC (Allocation Failure)  108495K->30877K(257536K), 0.0027570 secs]
507853.280: [GC (System.gc())  71388K->30285K(257536K), 0.0024772 secs]
507853.283: [Full GC (System.gc())  30285K->26195K(257536K), 0.0265970 secs]
507978.815: [GC (Allocation Failure)  104019K->28179K(257536K), 0.0026935 secs]
508106.397: [GC (Allocation Failure)  106003K->28691K(257536K), 0.0025937 secs]
508227.119: [GC (Allocation Failure)  106515K->28618K(257536K), 0.0028730 secs]
508351.008: [GC (Allocation Failure)  106442K->29093K(257536K), 0.0026749 secs]
508468.875: [GC (Allocation Failure)  106917K->29630K(257536K), 0.0029034 secs]
508590.075: [GC (Allocation Failure)  107454K->29648K(257536K), 0.0031973 secs]
508718.810: [GC (Allocation Failure)  107472K->29808K(257536K), 0.0031708 secs]
508839.682: [GC (Allocation Failure)  107632K->29520K(257536K), 0.0029940 secs]
508958.939: [GC (Allocation Failure)  107344K->30013K(257536K), 0.0031722 secs]
509078.953: [GC (Allocation Failure)  107837K->29957K(257536K), 0.0031914 secs]
509199.731: [GC (Allocation Failure)  107781K->30143K(257536K), 0.0031027 secs]
509326.931: [GC (Allocation Failure)  107967K->29905K(257536K), 0.0030508 secs]
509447.757: [GC (Allocation Failure)  107729K->30155K(257024K), 0.0030001 secs]
509572.154: [GC (Allocation Failure)  107979K->30443K(257024K), 0.0029282 secs]
509692.173: [GC (Allocation Failure)  107243K->29835K(257024K), 0.0029372 secs]
509811.066: [GC (Allocation Failure)  106635K->30320K(257024K), 0.0029383 secs]
509936.999: [GC (Allocation Failure)  107120K->29999K(257024K), 0.0028004 secs]
510056.651: [GC (Allocation Failure)  106799K->30260K(257536K), 0.0035661 secs]
510179.089: [GC (Allocation Failure)  107572K->30557K(257024K), 0.0031720 secs]
510300.081: [GC (Allocation Failure)  107869K->30141K(257536K), 0.0030577 secs]
510419.124: [GC (Allocation Failure)  107453K->30652K(257024K), 0.0029797 secs]
510547.075: [GC (Allocation Failure)  107964K->30109K(257536K), 0.0028881 secs]
510668.318: [GC (Allocation Failure)  107421K->30362K(257024K), 0.0028288 secs]
510789.919: [GC (Allocation Failure)  107674K->30763K(257536K), 0.0029172 secs]
510912.298: [GC (Allocation Failure)  108587K->30319K(257536K), 0.0030896 secs]
511032.316: [GC (Allocation Failure)  108143K->30854K(257536K), 0.0028495 secs]
511160.190: [GC (Allocation Failure)  108678K->30417K(257536K), 0.0028202 secs]
511287.163: [GC (Allocation Failure)  108241K->30734K(257536K), 0.0030317 secs]
511407.177: [GC (Allocation Failure)  108558K->31051K(257536K), 0.0028551 secs]
511453.311: [GC (System.gc())  61178K->30371K(257536K), 0.0024703 secs]
511453.314: [Full GC (System.gc())  30371K->26093K(257536K), 0.0278032 secs]
511575.937: [GC (Allocation Failure)  103917K->28288K(257536K), 0.0027131 secs]
511696.862: [GC (Allocation Failure)  106112K->29234K(257536K), 0.0027349 secs]
511825.808: [GC (Allocation Failure)  107058K->28644K(257536K), 0.0030209 secs]
511945.132: [GC (Allocation Failure)  106468K->29558K(257536K), 0.0027865 secs]
512069.855: [GC (Allocation Failure)  107382K->29231K(257536K), 0.0029107 secs]
512190.094: [GC (Allocation Failure)  107055K->29596K(257536K), 0.0028641 secs]
512310.170: [GC (Allocation Failure)  107420K->29560K(257536K), 0.0028271 secs]
512437.302: [GC (Allocation Failure)  107384K->29253K(257536K), 0.0029466 secs]
512558.649: [GC (Allocation Failure)  107070K->29380K(257536K), 0.0042992 secs]
512682.509: [GC (Allocation Failure)  107204K->29316K(258048K), 0.0044660 secs]
512805.122: [GC (Allocation Failure)  107650K->29682K(257536K), 0.0033072 secs]
512927.277: [GC (Allocation Failure)  108018K->29637K(258048K), 0.0029463 secs]
513056.316: [GC (Allocation Failure)  108485K->29591K(258048K), 0.0029427 secs]
513175.546: [GC (Allocation Failure)  108439K->30286K(257024K), 0.0029201 secs]
513297.399: [GC (Allocation Failure)  108110K->29971K(257536K), 0.0029290 secs]
513417.417: [GC (Allocation Failure)  107795K->30422K(257536K), 0.0033196 secs]
513539.505: [GC (Allocation Failure)  108246K->30082K(257536K), 0.0028856 secs]
513667.106: [GC (Allocation Failure)  107906K->30266K(257536K), 0.0028010 secs]
513790.297: [GC (Allocation Failure)  108090K->30721K(257536K), 0.0030119 secs]
513912.641: [GC (Allocation Failure)  108545K->30176K(257536K), 0.0030380 secs]
514037.466: [GC (Allocation Failure)  108000K->30302K(257536K), 0.0152340 secs]
514157.521: [GC (Allocation Failure)  108126K->30361K(257536K), 0.0034082 secs]
514281.006: [GC (Allocation Failure)  108185K->30655K(257536K), 0.0030379 secs]
514406.369: [GC (Allocation Failure)  108479K->30813K(257536K), 0.0028045 secs]
514527.569: [GC (Allocation Failure)  108637K->30441K(257536K), 0.0029663 secs]
514651.695: [GC (Allocation Failure)  108265K->30926K(257536K), 0.0030679 secs]
514771.181: [GC (Allocation Failure)  108750K->30633K(257536K), 0.0029296 secs]
514895.829: [GC (Allocation Failure)  108457K->30931K(257536K), 0.0028902 secs]
515019.686: [GC (Allocation Failure)  108755K->30904K(257536K), 0.0029800 secs]
515053.344: [GC (System.gc())  52986K->30460K(257536K), 0.0022582 secs]
515053.346: [Full GC (System.gc())  30460K->26081K(257536K), 0.0262035 secs]
515176.331: [GC (Allocation Failure)  103905K->28326K(257536K), 0.0026254 secs]
515298.617: [GC (Allocation Failure)  106150K->28948K(257536K), 0.0029718 secs]
515420.717: [GC (Allocation Failure)  106772K->29035K(257536K), 0.0028720 secs]
515546.379: [GC (Allocation Failure)  106859K->29419K(257536K), 0.0027832 secs]
515670.256: [GC (Allocation Failure)  107243K->28926K(257536K), 0.0027857 secs]
515790.264: [GC (Allocation Failure)  106750K->29336K(257536K), 0.0028113 secs]
515917.726: [GC (Allocation Failure)  107160K->29656K(257536K), 0.0028395 secs]
516036.478: [GC (Allocation Failure)  107480K->29447K(257536K), 0.0037085 secs]
516157.760: [GC (Allocation Failure)  107271K->29702K(257536K), 0.0031501 secs]
516285.216: [GC (Allocation Failure)  107526K->29364K(257536K), 0.0028940 secs]
516406.067: [GC (Allocation Failure)  107188K->29899K(257536K), 0.0031053 secs]
516532.913: [GC (Allocation Failure)  107723K->29400K(257536K), 0.0048469 secs]
516652.932: [GC (Allocation Failure)  107224K->29588K(257536K), 0.0039144 secs]
516771.199: [GC (Allocation Failure)  107412K->29940K(257536K), 0.0032298 secs]
516899.914: [GC (Allocation Failure)  107764K->29318K(257536K), 0.0031066 secs]
517019.932: [GC (Allocation Failure)  107142K->29926K(257536K), 0.0030789 secs]
517147.875: [GC (Allocation Failure)  107750K->29599K(257536K), 0.0028669 secs]
517267.895: [GC (Allocation Failure)  107423K->29836K(258048K), 0.0031628 secs]
517380.950: [GC (Allocation Failure)  108172K->30568K(257536K), 0.0030252 secs]
517510.773: [GC (Allocation Failure)  108904K->29986K(257536K), 0.0033564 secs]
517630.792: [GC (Allocation Failure)  107810K->30589K(257536K), 0.0030186 secs]
517758.823: [GC (Allocation Failure)  108413K->30228K(257536K), 0.0032449 secs]
517880.035: [GC (Allocation Failure)  108052K->30510K(257536K), 0.0033088 secs]
517997.976: [GC (Allocation Failure)  108334K->30921K(257536K), 0.0029269 secs]
518126.573: [GC (Allocation Failure)  108745K->30299K(257536K), 0.0029049 secs]
518246.267: [GC (Allocation Failure)  108123K->30917K(257536K), 0.0032118 secs]
518372.097: [GC (Allocation Failure)  108741K->30487K(257536K), 0.0028918 secs]
518493.125: [GC (Allocation Failure)  108311K->30721K(257536K), 0.0028462 secs]
518611.102: [GC (Allocation Failure)  108545K->31052K(257536K), 0.0030379 secs]
518653.374: [GC (System.gc())  57554K->30362K(257536K), 0.0025050 secs]
518653.376: [Full GC (System.gc())  30362K->26090K(257536K), 0.0267129 secs]
518781.127: [GC (Allocation Failure)  103914K->27978K(254976K), 0.0025237 secs]
518902.143: [GC (Allocation Failure)  105802K->28892K(257024K), 0.0031413 secs]
519028.746: [GC (Allocation Failure)  105692K->28316K(257024K), 0.0027859 secs]
519148.115: [GC (Allocation Failure)  105116K->29153K(257024K), 0.0029279 secs]
519265.122: [GC (Allocation Failure)  105953K->29268K(257024K), 0.0028701 secs]
519390.025: [GC (Allocation Failure)  106068K->29377K(257536K), 0.0037924 secs]
519510.235: [GC (Allocation Failure)  106689K->29762K(257024K), 0.0028114 secs]
519636.794: [GC (Allocation Failure)  107074K->29231K(257536K), 0.0034439 secs]
519754.951: [GC (Allocation Failure)  107055K->29706K(257536K), 0.0029283 secs]
519873.273: [GC (Allocation Failure)  107530K->29396K(257536K), 0.0033777 secs]
520001.275: [GC (Allocation Failure)  107220K->29564K(257536K), 0.0028876 secs]
520122.285: [GC (Allocation Failure)  107388K->29661K(257536K), 0.0029991 secs]
520250.324: [GC (Allocation Failure)  107485K->29628K(257536K), 0.0030654 secs]
520368.260: [GC (Allocation Failure)  107452K->29866K(257536K), 0.0027923 secs]
520490.357: [GC (Allocation Failure)  107690K->29460K(257536K), 0.0030716 secs]
520617.224: [GC (Allocation Failure)  107284K->29791K(257536K), 0.0032538 secs]
520741.214: [GC (Allocation Failure)  107615K->29133K(257536K), 0.0051242 secs]
520863.373: [GC (Allocation Failure)  106957K->29866K(257536K), 0.0029718 secs]
520981.396: [GC (Allocation Failure)  107690K->30137K(257536K), 0.0031212 secs]
521103.403: [GC (Allocation Failure)  107961K->29708K(257536K), 0.0036167 secs]
521230.842: [GC (Allocation Failure)  107532K->30093K(257536K), 0.0027591 secs]
521358.377: [GC (Allocation Failure)  107917K->29928K(257536K), 0.0028241 secs]
521480.441: [GC (Allocation Failure)  107752K->30161K(257536K), 0.0043914 secs]
521594.621: [GC (Allocation Failure)  107985K->30338K(257536K), 0.0037950 secs]
521716.659: [GC (Allocation Failure)  108162K->30369K(257536K), 0.0032032 secs]
521840.507: [GC (Allocation Failure)  108193K->30780K(257536K), 0.0029500 secs]
521968.456: [GC (Allocation Failure)  108604K->30388K(257536K), 0.0032852 secs]
522088.477: [GC (Allocation Failure)  108212K->30817K(257536K), 0.0043422 secs]
522211.370: [GC (Allocation Failure)  108641K->30877K(257536K), 0.0029370 secs]
522253.405: [GC (System.gc())  60519K->30316K(257536K), 0.0029175 secs]
522253.408: [Full GC (System.gc())  30316K->26107K(257536K), 0.0282848 secs]
522373.545: [GC (Allocation Failure)  103931K->28333K(257536K), 0.0026527 secs]
522501.410: [GC (Allocation Failure)  106156K->28795K(256512K), 0.0030069 secs]
522628.527: [GC (Allocation Failure)  105595K->28365K(257024K), 0.0028198 secs]
522746.593: [GC (Allocation Failure)  105165K->29184K(257536K), 0.0027726 secs]
522863.599: [GC (Allocation Failure)  106496K->29304K(257024K), 0.0028121 secs]
522985.196: [GC (Allocation Failure)  106616K->29510K(257536K), 0.0034587 secs]
523110.459: [GC (Allocation Failure)  107334K->29651K(257536K), 0.0068836 secs]
523238.297: [GC (Allocation Failure)  107473K->29202K(257536K), 0.0030383 secs]
523357.050: [GC (Allocation Failure)  107026K->29696K(257536K), 0.0034375 secs]
523480.943: [GC (Allocation Failure)  107520K->29240K(257536K), 0.0028716 secs]
523600.731: [GC (Allocation Failure)  107064K->29783K(257536K), 0.0029654 secs]
523723.689: [GC (Allocation Failure)  107607K->29568K(257536K), 0.0027773 secs]
523851.590: [GC (Allocation Failure)  107392K->29670K(257536K), 0.0029548 secs]
523970.776: [GC (Allocation Failure)  107494K->29902K(257536K), 0.0028474 secs]
524098.716: [GC (Allocation Failure)  107726K->29336K(257536K), 0.0029843 secs]
524216.895: [GC (Allocation Failure)  107160K->29870K(257536K), 0.0029500 secs]
524339.377: [GC (Allocation Failure)  107694K->29356K(257536K), 0.0029904 secs]
524466.947: [GC (Allocation Failure)  107180K->29705K(257536K), 0.0027914 secs]
524583.775: [GC (Allocation Failure)  107529K->30182K(257536K), 0.0029177 secs]
524712.806: [GC (Allocation Failure)  108006K->29537K(257536K), 0.0029389 secs]
524832.817: [GC (Allocation Failure)  107361K->30168K(257536K), 0.0028476 secs]
524954.317: [GC (Allocation Failure)  107992K->29709K(257536K), 0.0028457 secs]
525081.750: [GC (Allocation Failure)  107533K->30040K(257536K), 0.0028432 secs]
525200.921: [GC (Allocation Failure)  107864K->30274K(257536K), 0.0028552 secs]
525328.865: [GC (Allocation Failure)  108098K->29752K(257536K), 0.0028343 secs]
525448.882: [GC (Allocation Failure)  107576K->30344K(257536K), 0.0027857 secs]
525570.514: [GC (Allocation Failure)  108168K->29853K(257536K), 0.0029718 secs]
525696.152: [GC (Allocation Failure)  107677K->30165K(258048K), 0.0029379 secs]
525810.518: [GC (Allocation Failure)  108501K->30684K(257536K), 0.0030614 secs]
525853.438: [GC (System.gc())  58491K->30175K(257536K), 0.0031133 secs]
525853.441: [Full GC (System.gc())  30175K->26115K(257536K), 0.0405379 secs]
525981.015: [GC (Allocation Failure)  103939K->28003K(257536K), 0.0028836 secs]
526101.033: [GC (Allocation Failure)  105827K->28886K(257536K), 0.0028225 secs]
526223.943: [GC (Allocation Failure)  106710K->28790K(257536K), 0.0027787 secs]
526350.536: [GC (Allocation Failure)  106614K->28790K(257536K), 0.0026932 secs]
526468.999: [GC (Allocation Failure)  106614K->29448K(257536K), 0.0028234 secs]
526593.980: [GC (Allocation Failure)  107272K->29613K(257536K), 0.0028592 secs]
526715.116: [GC (Allocation Failure)  107437K->29755K(257536K), 0.0028747 secs]
526838.528: [GC (Allocation Failure)  107579K->29448K(257536K), 0.0029390 secs]
526961.456: [GC (Allocation Failure)  107272K->29851K(257536K), 0.0069154 secs]
527082.145: [GC (Allocation Failure)  107675K->29563K(257536K), 0.0029667 secs]
527209.086: [GC (Allocation Failure)  107387K->29756K(257536K), 0.0061876 secs]
527331.184: [GC (Allocation Failure)  107580K->29449K(257536K), 0.0030037 secs]
527452.052: [GC (Allocation Failure)  107273K->29779K(257536K), 0.0034563 secs]
527574.926: [GC (Allocation Failure)  107603K->30023K(257536K), 0.0028855 secs]
527682.086: [GC (Allocation Failure)  107847K->30171K(257536K), 0.0029642 secs]
527809.154: [GC (Allocation Failure)  107995K->30409K(256512K), 0.0032136 secs]
527928.229: [GC (Allocation Failure)  107209K->30173K(257024K), 0.0031000 secs]
528044.131: [GC (Allocation Failure)  106973K->30296K(257024K), 0.0030443 secs]
528167.236: [GC (Allocation Failure)  107096K->30596K(257024K), 0.0029311 secs]
528292.292: [GC (Allocation Failure)  107396K->30223K(257024K), 0.0031173 secs]
528411.297: [GC (Allocation Failure)  107023K->30610K(257024K), 0.0028703 secs]
528531.086: [GC (Allocation Failure)  107410K->30275K(257536K), 0.0035897 secs]
528651.274: [GC (Allocation Failure)  107587K->30526K(257024K), 0.0032232 secs]
528771.352: [GC (Allocation Failure)  107838K->30708K(256512K), 0.0030652 secs]
528898.402: [GC (Allocation Failure)  107508K->30085K(257024K), 0.0106605 secs]
529014.231: [GC (Allocation Failure)  106885K->30658K(257536K), 0.0033729 secs]
529142.273: [GC (Allocation Failure)  108482K->30243K(257536K), 0.0030844 secs]
529259.328: [GC (Allocation Failure)  108067K->30704K(257536K), 0.0033309 secs]
529380.351: [GC (Allocation Failure)  108528K->30716K(257536K), 0.0030264 secs]
529453.484: [GC (System.gc())  76467K->30235K(257536K), 0.0029909 secs]
529453.487: [Full GC (System.gc())  30235K->26381K(257536K), 0.0297186 secs]
529572.921: [GC (Allocation Failure)  104205K->28735K(255488K), 0.0032998 secs]
529701.081: [GC (Allocation Failure)  106559K->29165K(257024K), 0.0027592 secs]
529821.197: [GC (Allocation Failure)  105965K->29092K(257024K), 0.0028521 secs]
529938.669: [GC (Allocation Failure)  105892K->29878K(257024K), 0.0029403 secs]
530054.337: [GC (Allocation Failure)  106678K->29989K(257024K), 0.0028740 secs]
530179.049: [GC (Allocation Failure)  106789K->30282K(256512K), 0.0030810 secs]
530298.569: [GC (Allocation Failure)  107082K->30486K(257024K), 0.0029576 secs]
530419.471: [GC (Allocation Failure)  107286K->29771K(257024K), 0.0035796 secs]
530539.482: [GC (Allocation Failure)  106571K->30425K(257024K), 0.0032244 secs]
530657.668: [GC (Allocation Failure)  107225K->30091K(257024K), 0.0036003 secs]
530782.503: [GC (Allocation Failure)  106891K->30287K(257024K), 0.0040987 secs]
530901.021: [GC (Allocation Failure)  107087K->30601K(257024K), 0.0038309 secs]
531027.030: [GC (Allocation Failure)  107401K->30073K(257024K), 0.0032141 secs]
531142.648: [GC (Allocation Failure)  106873K->30373K(257024K), 0.0043055 secs]
531261.637: [GC (Allocation Failure)  107173K->30135K(257024K), 0.0029117 secs]
531384.495: [GC (Allocation Failure)  106935K->30384K(257536K), 0.0028596 secs]
531504.514: [GC (Allocation Failure)  107696K->30711K(257024K), 0.0028812 secs]
531630.673: [GC (Allocation Failure)  108023K->30044K(257024K), 0.0030009 secs]
531749.633: [GC (Allocation Failure)  106844K->30634K(257024K), 0.0029759 secs]
531864.547: [GC (Allocation Failure)  107434K->30430K(257536K), 0.0032679 secs]
531990.687: [GC (Allocation Failure)  107742K->30313K(257024K), 0.0028443 secs]
532110.695: [GC (Allocation Failure)  107625K->30756K(257536K), 0.0028498 secs]
532239.284: [GC (Allocation Failure)  108580K->30474K(257536K), 0.0027803 secs]
532357.463: [GC (Allocation Failure)  108298K->30712K(257536K), 0.0089487 secs]
532477.496: [GC (Allocation Failure)  108536K->30668K(257536K), 0.0030056 secs]
532604.617: [GC (Allocation Failure)  108492K->30775K(257536K), 0.0028354 secs]
532725.244: [GC (Allocation Failure)  108599K->30798K(257536K), 0.0027968 secs]
532852.849: [GC (Allocation Failure)  108622K->30935K(257536K), 0.0027686 secs]
532971.835: [GC (Allocation Failure)  108759K->31183K(257536K), 0.0028474 secs]
533053.519: [GC (System.gc())  83693K->30694K(257536K), 0.0026738 secs]
533053.521: [Full GC (System.gc())  30694K->26247K(257536K), 0.0279674 secs]
533178.966: [GC (Allocation Failure)  104071K->28327K(257536K), 0.0026654 secs]
533304.703: [GC (Allocation Failure)  106151K->28775K(257536K), 0.0026567 secs]
533427.543: [GC (Allocation Failure)  106599K->28748K(257536K), 0.0027706 secs]
533551.906: [GC (Allocation Failure)  106572K->29086K(257536K), 0.0027513 secs]
533669.846: [GC (Allocation Failure)  106910K->29490K(257536K), 0.0028678 secs]
533791.929: [GC (Allocation Failure)  107314K->29795K(257536K), 0.0030584 secs]
533919.874: [GC (Allocation Failure)  107619K->29804K(257536K), 0.0031989 secs]
534041.420: [GC (Allocation Failure)  107628K->29590K(257536K), 0.0031969 secs]
534159.907: [GC (Allocation Failure)  107414K->30085K(257536K), 0.0029213 secs]
534279.919: [GC (Allocation Failure)  107909K->29992K(257536K), 0.0029340 secs]
534401.160: [GC (Allocation Failure)  107816K->30246K(257536K), 0.0028839 secs]
534529.561: [GC (Allocation Failure)  108070K->29867K(257536K), 0.0029103 secs]
534649.959: [GC (Allocation Failure)  107691K->30359K(257536K), 0.0031034 secs]
534773.083: [GC (Allocation Failure)  108183K->30423K(256512K), 0.0028030 secs]
534894.098: [GC (Allocation Failure)  107223K->29849K(257024K), 0.0029192 secs]
535012.077: [GC (Allocation Failure)  106649K->30484K(257024K), 0.0029059 secs]
535140.019: [GC (Allocation Failure)  107284K->29984K(257024K), 0.0032323 secs]
535256.016: [GC (Allocation Failure)  106784K->30459K(257024K), 0.0029379 secs]
535380.052: [GC (Allocation Failure)  107259K->30873K(257024K), 0.0029755 secs]
535500.765: [GC (Allocation Failure)  107673K->30218K(257024K), 0.0029333 secs]
535620.079: [GC (Allocation Failure)  107018K->30753K(257024K), 0.0030246 secs]
535744.943: [GC (Allocation Failure)  107553K->30207K(257024K), 0.0029897 secs]
535865.292: [GC (Allocation Failure)  107007K->30379K(257024K), 0.0028968 secs]
535984.978: [GC (Allocation Failure)  107179K->30806K(257536K), 0.0029978 secs]
536107.439: [GC (Allocation Failure)  108118K->30401K(257024K), 0.0069113 secs]
536225.840: [GC (Allocation Failure)  107713K->30939K(257536K), 0.0029575 secs]
536355.010: [GC (Allocation Failure)  108763K->30480K(257536K), 0.0028855 secs]
536481.753: [GC (Allocation Failure)  108304K->30908K(257536K), 0.0037990 secs]
536583.301: [GC (Allocation Failure)  108732K->31715K(257536K), 0.0030408 secs]
536653.551: [GC (System.gc())  75316K->31012K(257536K), 0.0026001 secs]
536653.554: [Full GC (System.gc())  31012K->26681K(257536K), 0.0281859 secs]
536773.333: [GC (Allocation Failure)  104505K->29035K(255488K), 0.0026862 secs]
536893.351: [GC (Allocation Failure)  106859K->29917K(257024K), 0.0028124 secs]
537020.248: [GC (Allocation Failure)  106717K->29438K(257024K), 0.0027876 secs]
537131.263: [GC (Allocation Failure)  106238K->30318K(257536K), 0.0030699 secs]
537245.141: [GC (Allocation Failure)  107630K->30291K(257024K), 0.0029075 secs]
537364.385: [GC (Allocation Failure)  107603K->30595K(257536K), 0.0031500 secs]
537485.132: [GC (Allocation Failure)  108419K->30995K(257536K), 0.0031552 secs]
537612.367: [GC (Allocation Failure)  108819K->30245K(256512K), 0.0047661 secs]
537735.240: [GC (Allocation Failure)  107045K->30659K(257024K), 0.0029452 secs]
537852.402: [GC (Allocation Failure)  107459K->30391K(257024K), 0.0030844 secs]
537975.077: [GC (Allocation Failure)  107191K->30225K(257024K), 0.0030952 secs]
538092.428: [GC (Allocation Failure)  107025K->30886K(256512K), 0.0038868 secs]
538215.212: [GC (Allocation Failure)  107686K->30368K(257024K), 0.0030042 secs]
538339.672: [GC (Allocation Failure)  107168K->30750K(256512K), 0.0031720 secs]
538450.410: [GC (Allocation Failure)  107550K->30917K(257024K), 0.0037541 secs]
538573.579: [GC (Allocation Failure)  107717K->31030K(257024K), 0.0030355 secs]
538692.513: [GC (Allocation Failure)  107830K->31594K(257024K), 0.0030692 secs]
538812.528: [GC (Allocation Failure)  108394K->31066K(257024K), 0.0030295 secs]
538935.289: [GC (Allocation Failure)  107866K->31540K(257024K), 0.0028809 secs]
539052.561: [GC (Allocation Failure)  108340K->31292K(257024K), 0.0033083 secs]
539176.264: [GC (Allocation Failure)  108092K->31468K(257024K), 0.0029082 secs]
539295.322: [GC (Allocation Failure)  108268K->31773K(257024K), 0.0030094 secs]
539415.340: [GC (Allocation Failure)  108573K->31402K(257024K), 0.0036826 secs]
539540.556: [GC (Allocation Failure)  108202K->31797K(257024K), 0.0030382 secs]
539655.371: [GC (Allocation Failure)  108597K->31487K(257024K), 0.0032121 secs]
539780.590: [GC (Allocation Failure)  108287K->31738K(257024K), 0.0029884 secs]
539900.603: [GC (Allocation Failure)  108538K->32019K(257024K), 0.0030317 secs]
540019.914: [GC (Allocation Failure)  108819K->31651K(257024K), 0.0030015 secs]
540143.688: [GC (Allocation Failure)  108451K->31996K(257024K), 0.0029317 secs]
540253.583: [GC (System.gc())  101829K->31654K(257024K), 0.0028132 secs]
540253.586: [Full GC (System.gc())  31654K->26549K(257024K), 0.0290523 secs]
540372.714: [GC (Allocation Failure)  103349K->28840K(257024K), 0.0028234 secs]
